12:15:04 **** Build of configuration Debug for project Asignment5 ****
make -j16 all 
arm-none-eabi-gcc "../Drivers/STM32F4xx_HAL_Driver/Src/stm32f4xx_hal.c" -mcpu=cortex-m4 -std=gnu11 -g3 -DDEBUG -DUSE_HAL_DRIVER -DSTM32F446xx -c -I../Core/Inc -I../Drivers/STM32F4xx_HAL_Driver/Inc -I../Drivers/STM32F4xx_HAL_Driver/Inc/Legacy -I../Drivers/CMSIS/Device/ST/STM32F4xx/Include -I../Drivers/CMSIS/Include -O0 -ffunction-sections -fdata-sections -Wall -fstack-usage -fcyclomatic-complexity -MMD -MP -MF"Drivers/STM32F4xx_HAL_Driver/Src/stm32f4xx_hal.d" -MT"Drivers/STM32F4xx_HAL_Driver/Src/stm32f4xx_hal.o" --specs=nano.specs -mfpu=fpv4-sp-d16 -mfloat-abi=hard -mthumb -o "Drivers/STM32F4xx_HAL_Driver/Src/stm32f4xx_hal.o"
arm-none-eabi-gcc "../Drivers/STM32F4xx_HAL_Driver/Src/stm32f4xx_hal_cortex.c" -mcpu=cortex-m4 -std=gnu11 -g3 -DDEBUG -DUSE_HAL_DRIVER -DSTM32F446xx -c -I../Core/Inc -I../Drivers/STM32F4xx_HAL_Driver/Inc -I../Drivers/STM32F4xx_HAL_Driver/Inc/Legacy -I../Drivers/CMSIS/Device/ST/STM32F4xx/Include -I../Drivers/CMSIS/Include -O0 -ffunction-sections -fdata-sections -Wall -fstack-usage -fcyclomatic-complexity -MMD -MP -MF"Drivers/STM32F4xx_HAL_Driver/Src/stm32f4xx_hal_cortex.d" -MT"Drivers/STM32F4xx_HAL_Driver/Src/stm32f4xx_hal_cortex.o" --specs=nano.specs -mfpu=fpv4-sp-d16 -mfloat-abi=hard -mthumb -o "Drivers/STM32F4xx_HAL_Driver/Src/stm32f4xx_hal_cortex.o"
arm-none-eabi-gcc "../Drivers/STM32F4xx_HAL_Driver/Src/stm32f4xx_hal_dma.c" -mcpu=cortex-m4 -std=gnu11 -g3 -DDEBUG -DUSE_HAL_DRIVER -DSTM32F446xx -c -I../Core/Inc -I../Drivers/STM32F4xx_HAL_Driver/Inc -I../Drivers/STM32F4xx_HAL_Driver/Inc/Legacy -I../Drivers/CMSIS/Device/ST/STM32F4xx/Include -I../Drivers/CMSIS/Include -O0 -ffunction-sections -fdata-sections -Wall -fstack-usage -fcyclomatic-complexity -MMD -MP -MF"Drivers/STM32F4xx_HAL_Driver/Src/stm32f4xx_hal_dma.d" -MT"Drivers/STM32F4xx_HAL_Driver/Src/stm32f4xx_hal_dma.o" --specs=nano.specs -mfpu=fpv4-sp-d16 -mfloat-abi=hard -mthumb -o "Drivers/STM32F4xx_HAL_Driver/Src/stm32f4xx_hal_dma.o"
arm-none-eabi-gcc "../Drivers/STM32F4xx_HAL_Driver/Src/stm32f4xx_hal_dma_ex.c" -mcpu=cortex-m4 -std=gnu11 -g3 -DDEBUG -DUSE_HAL_DRIVER -DSTM32F446xx -c -I../Core/Inc -I../Drivers/STM32F4xx_HAL_Driver/Inc -I../Drivers/STM32F4xx_HAL_Driver/Inc/Legacy -I../Drivers/CMSIS/Device/ST/STM32F4xx/Include -I../Drivers/CMSIS/Include -O0 -ffunction-sections -fdata-sections -Wall -fstack-usage -fcyclomatic-complexity -MMD -MP -MF"Drivers/STM32F4xx_HAL_Driver/Src/stm32f4xx_hal_dma_ex.d" -MT"Drivers/STM32F4xx_HAL_Driver/Src/stm32f4xx_hal_dma_ex.o" --specs=nano.specs -mfpu=fpv4-sp-d16 -mfloat-abi=hard -mthumb -o "Drivers/STM32F4xx_HAL_Driver/Src/stm32f4xx_hal_dma_ex.o"
arm-none-eabi-gcc "../Drivers/STM32F4xx_HAL_Driver/Src/stm32f4xx_hal_exti.c" -mcpu=cortex-m4 -std=gnu11 -g3 -DDEBUG -DUSE_HAL_DRIVER -DSTM32F446xx -c -I../Core/Inc -I../Drivers/STM32F4xx_HAL_Driver/Inc -I../Drivers/STM32F4xx_HAL_Driver/Inc/Legacy -I../Drivers/CMSIS/Device/ST/STM32F4xx/Include -I../Drivers/CMSIS/Include -O0 -ffunction-sections -fdata-sections -Wall -fstack-usage -fcyclomatic-complexity -MMD -MP -MF"Drivers/STM32F4xx_HAL_Driver/Src/stm32f4xx_hal_exti.d" -MT"Drivers/STM32F4xx_HAL_Driver/Src/stm32f4xx_hal_exti.o" --specs=nano.specs -mfpu=fpv4-sp-d16 -mfloat-abi=hard -mthumb -o "Drivers/STM32F4xx_HAL_Driver/Src/stm32f4xx_hal_exti.o"
arm-none-eabi-gcc "../Drivers/STM32F4xx_HAL_Driver/Src/stm32f4xx_hal_flash.c" -mcpu=cortex-m4 -std=gnu11 -g3 -DDEBUG -DUSE_HAL_DRIVER -DSTM32F446xx -c -I../Core/Inc -I../Drivers/STM32F4xx_HAL_Driver/Inc -I../Drivers/STM32F4xx_HAL_Driver/Inc/Legacy -I../Drivers/CMSIS/Device/ST/STM32F4xx/Include -I../Drivers/CMSIS/Include -O0 -ffunction-sections -fdata-sections -Wall -fstack-usage -fcyclomatic-complexity -MMD -MP -MF"Drivers/STM32F4xx_HAL_Driver/Src/stm32f4xx_hal_flash.d" -MT"Drivers/STM32F4xx_HAL_Driver/Src/stm32f4xx_hal_flash.o" --specs=nano.specs -mfpu=fpv4-sp-d16 -mfloat-abi=hard -mthumb -o "Drivers/STM32F4xx_HAL_Driver/Src/stm32f4xx_hal_flash.o"
arm-none-eabi-gcc "../Drivers/STM32F4xx_HAL_Driver/Src/stm32f4xx_hal_flash_ex.c" -mcpu=cortex-m4 -std=gnu11 -g3 -DDEBUG -DUSE_HAL_DRIVER -DSTM32F446xx -c -I../Core/Inc -I../Drivers/STM32F4xx_HAL_Driver/Inc -I../Drivers/STM32F4xx_HAL_Driver/Inc/Legacy -I../Drivers/CMSIS/Device/ST/STM32F4xx/Include -I../Drivers/CMSIS/Include -O0 -ffunction-sections -fdata-sections -Wall -fstack-usage -fcyclomatic-complexity -MMD -MP -MF"Drivers/STM32F4xx_HAL_Driver/Src/stm32f4xx_hal_flash_ex.d" -MT"Drivers/STM32F4xx_HAL_Driver/Src/stm32f4xx_hal_flash_ex.o" --specs=nano.specs -mfpu=fpv4-sp-d16 -mfloat-abi=hard -mthumb -o "Drivers/STM32F4xx_HAL_Driver/Src/stm32f4xx_hal_flash_ex.o"
arm-none-eabi-gcc "../Drivers/STM32F4xx_HAL_Driver/Src/stm32f4xx_hal_flash_ramfunc.c" -mcpu=cortex-m4 -std=gnu11 -g3 -DDEBUG -DUSE_HAL_DRIVER -DSTM32F446xx -c -I../Core/Inc -I../Drivers/STM32F4xx_HAL_Driver/Inc -I../Drivers/STM32F4xx_HAL_Driver/Inc/Legacy -I../Drivers/CMSIS/Device/ST/STM32F4xx/Include -I../Drivers/CMSIS/Include -O0 -ffunction-sections -fdata-sections -Wall -fstack-usage -fcyclomatic-complexity -MMD -MP -MF"Drivers/STM32F4xx_HAL_Driver/Src/stm32f4xx_hal_flash_ramfunc.d" -MT"Drivers/STM32F4xx_HAL_Driver/Src/stm32f4xx_hal_flash_ramfunc.o" --specs=nano.specs -mfpu=fpv4-sp-d16 -mfloat-abi=hard -mthumb -o "Drivers/STM32F4xx_HAL_Driver/Src/stm32f4xx_hal_flash_ramfunc.o"
arm-none-eabi-gcc "../Drivers/STM32F4xx_HAL_Driver/Src/stm32f4xx_hal_gpio.c" -mcpu=cortex-m4 -std=gnu11 -g3 -DDEBUG -DUSE_HAL_DRIVER -DSTM32F446xx -c -I../Core/Inc -I../Drivers/STM32F4xx_HAL_Driver/Inc -I../Drivers/STM32F4xx_HAL_Driver/Inc/Legacy -I../Drivers/CMSIS/Device/ST/STM32F4xx/Include -I../Drivers/CMSIS/Include -O0 -ffunction-sections -fdata-sections -Wall -fstack-usage -fcyclomatic-complexity -MMD -MP -MF"Drivers/STM32F4xx_HAL_Driver/Src/stm32f4xx_hal_gpio.d" -MT"Drivers/STM32F4xx_HAL_Driver/Src/stm32f4xx_hal_gpio.o" --specs=nano.specs -mfpu=fpv4-sp-d16 -mfloat-abi=hard -mthumb -o "Drivers/STM32F4xx_HAL_Driver/Src/stm32f4xx_hal_gpio.o"
arm-none-eabi-gcc "../Drivers/STM32F4xx_HAL_Driver/Src/stm32f4xx_hal_pwr.c" -mcpu=cortex-m4 -std=gnu11 -g3 -DDEBUG -DUSE_HAL_DRIVER -DSTM32F446xx -c -I../Core/Inc -I../Drivers/STM32F4xx_HAL_Driver/Inc -I../Drivers/STM32F4xx_HAL_Driver/Inc/Legacy -I../Drivers/CMSIS/Device/ST/STM32F4xx/Include -I../Drivers/CMSIS/Include -O0 -ffunction-sections -fdata-sections -Wall -fstack-usage -fcyclomatic-complexity -MMD -MP -MF"Drivers/STM32F4xx_HAL_Driver/Src/stm32f4xx_hal_pwr.d" -MT"Drivers/STM32F4xx_HAL_Driver/Src/stm32f4xx_hal_pwr.o" --specs=nano.specs -mfpu=fpv4-sp-d16 -mfloat-abi=hard -mthumb -o "Drivers/STM32F4xx_HAL_Driver/Src/stm32f4xx_hal_pwr.o"
arm-none-eabi-gcc "../Drivers/STM32F4xx_HAL_Driver/Src/stm32f4xx_hal_pwr_ex.c" -mcpu=cortex-m4 -std=gnu11 -g3 -DDEBUG -DUSE_HAL_DRIVER -DSTM32F446xx -c -I../Core/Inc -I../Drivers/STM32F4xx_HAL_Driver/Inc -I../Drivers/STM32F4xx_HAL_Driver/Inc/Legacy -I../Drivers/CMSIS/Device/ST/STM32F4xx/Include -I../Drivers/CMSIS/Include -O0 -ffunction-sections -fdata-sections -Wall -fstack-usage -fcyclomatic-complexity -MMD -MP -MF"Drivers/STM32F4xx_HAL_Driver/Src/stm32f4xx_hal_pwr_ex.d" -MT"Drivers/STM32F4xx_HAL_Driver/Src/stm32f4xx_hal_pwr_ex.o" --specs=nano.specs -mfpu=fpv4-sp-d16 -mfloat-abi=hard -mthumb -o "Drivers/STM32F4xx_HAL_Driver/Src/stm32f4xx_hal_pwr_ex.o"
arm-none-eabi-gcc "../Drivers/STM32F4xx_HAL_Driver/Src/stm32f4xx_hal_rcc.c" -mcpu=cortex-m4 -std=gnu11 -g3 -DDEBUG -DUSE_HAL_DRIVER -DSTM32F446xx -c -I../Core/Inc -I../Drivers/STM32F4xx_HAL_Driver/Inc -I../Drivers/STM32F4xx_HAL_Driver/Inc/Legacy -I../Drivers/CMSIS/Device/ST/STM32F4xx/Include -I../Drivers/CMSIS/Include -O0 -ffunction-sections -fdata-sections -Wall -fstack-usage -fcyclomatic-complexity -MMD -MP -MF"Drivers/STM32F4xx_HAL_Driver/Src/stm32f4xx_hal_rcc.d" -MT"Drivers/STM32F4xx_HAL_Driver/Src/stm32f4xx_hal_rcc.o" --specs=nano.specs -mfpu=fpv4-sp-d16 -mfloat-abi=hard -mthumb -o "Drivers/STM32F4xx_HAL_Driver/Src/stm32f4xx_hal_rcc.o"
arm-none-eabi-gcc "../Drivers/STM32F4xx_HAL_Driver/Src/stm32f4xx_hal_rcc_ex.c" -mcpu=cortex-m4 -std=gnu11 -g3 -DDEBUG -DUSE_HAL_DRIVER -DSTM32F446xx -c -I../Core/Inc -I../Drivers/STM32F4xx_HAL_Driver/Inc -I../Drivers/STM32F4xx_HAL_Driver/Inc/Legacy -I../Drivers/CMSIS/Device/ST/STM32F4xx/Include -I../Drivers/CMSIS/Include -O0 -ffunction-sections -fdata-sections -Wall -fstack-usage -fcyclomatic-complexity -MMD -MP -MF"Drivers/STM32F4xx_HAL_Driver/Src/stm32f4xx_hal_rcc_ex.d" -MT"Drivers/STM32F4xx_HAL_Driver/Src/stm32f4xx_hal_rcc_ex.o" --specs=nano.specs -mfpu=fpv4-sp-d16 -mfloat-abi=hard -mthumb -o "Drivers/STM32F4xx_HAL_Driver/Src/stm32f4xx_hal_rcc_ex.o"
arm-none-eabi-gcc "../Drivers/STM32F4xx_HAL_Driver/Src/stm32f4xx_hal_uart.c" -mcpu=cortex-m4 -std=gnu11 -g3 -DDEBUG -DUSE_HAL_DRIVER -DSTM32F446xx -c -I../Core/Inc -I../Drivers/STM32F4xx_HAL_Driver/Inc -I../Drivers/STM32F4xx_HAL_Driver/Inc/Legacy -I../Drivers/CMSIS/Device/ST/STM32F4xx/Include -I../Drivers/CMSIS/Include -O0 -ffunction-sections -fdata-sections -Wall -fstack-usage -fcyclomatic-complexity -MMD -MP -MF"Drivers/STM32F4xx_HAL_Driver/Src/stm32f4xx_hal_uart.d" -MT"Drivers/STM32F4xx_HAL_Driver/Src/stm32f4xx_hal_uart.o" --specs=nano.specs -mfpu=fpv4-sp-d16 -mfloat-abi=hard -mthumb -o "Drivers/STM32F4xx_HAL_Driver/Src/stm32f4xx_hal_uart.o"
arm-none-eabi-gcc -mcpu=cortex-m4 -g3 -DDEBUG -c -x assembler-with-cpp -MMD -MP -MF"Core/Startup/startup_stm32f446retx.d" -MT"Core/Startup/startup_stm32f446retx.o" --specs=nano.specs -mfpu=fpv4-sp-d16 -mfloat-abi=hard -mthumb -o "Core/Startup/startup_stm32f446retx.o" "../Core/Startup/startup_stm32f446retx.s"
arm-none-eabi-gcc "../Core/Src/main.c" -mcpu=cortex-m4 -std=gnu11 -g3 -DDEBUG -DUSE_HAL_DRIVER -DSTM32F446xx -c -I../Core/Inc -I../Drivers/STM32F4xx_HAL_Driver/Inc -I../Drivers/STM32F4xx_HAL_Driver/Inc/Legacy -I../Drivers/CMSIS/Device/ST/STM32F4xx/Include -I../Drivers/CMSIS/Include -O0 -ffunction-sections -fdata-sections -Wall -fstack-usage -fcyclomatic-complexity -MMD -MP -MF"Core/Src/main.d" -MT"Core/Src/main.o" --specs=nano.specs -mfpu=fpv4-sp-d16 -mfloat-abi=hard -mthumb -o "Core/Src/main.o"
arm-none-eabi-gcc "../Core/Src/stm32f4xx_hal_msp.c" -mcpu=cortex-m4 -std=gnu11 -g3 -DDEBUG -DUSE_HAL_DRIVER -DSTM32F446xx -c -I../Core/Inc -I../Drivers/STM32F4xx_HAL_Driver/Inc -I../Drivers/STM32F4xx_HAL_Driver/Inc/Legacy -I../Drivers/CMSIS/Device/ST/STM32F4xx/Include -I../Drivers/CMSIS/Include -O0 -ffunction-sections -fdata-sections -Wall -fstack-usage -fcyclomatic-complexity -MMD -MP -MF"Core/Src/stm32f4xx_hal_msp.d" -MT"Core/Src/stm32f4xx_hal_msp.o" --specs=nano.specs -mfpu=fpv4-sp-d16 -mfloat-abi=hard -mthumb -o "Core/Src/stm32f4xx_hal_msp.o"
../Core/Src/main.c: In function 'main':
../Core/Src/main.c:64:13: warning: unused variable 'ms' [-Wunused-variable]
   64 |         int ms;
      |             ^~
../Core/Src/main.c:63:13: warning: unused variable 'minutes' [-Wunused-variable]
   63 |         int minutes;
      |             ^~~~~~~
../Core/Src/main.c: In function 'buttonTimer':
../Core/Src/main.c:96:9: warning: implicit declaration of function 'sprintf' [-Wimplicit-function-declaration]
   96 |         sprintf(buffer, "Button pressed for: %d.%d03 seconds \r\n\n", seconds, miliseconds);
      |         ^~~~~~~
../Core/Src/main.c:15:1: note: include '<stdio.h>' or provide a declaration of 'sprintf'
   14 | #include <stdbool.h>
  +++ |+#include <stdio.h>
   15 | 
../Core/Src/main.c:96:9: warning: incompatible implicit declaration of built-in function 'sprintf' [-Wbuiltin-declaration-mismatch]
   96 |         sprintf(buffer, "Button pressed for: %d.%d03 seconds \r\n\n", seconds, miliseconds);
      |         ^~~~~~~
../Core/Src/main.c:96:9: note: include '<stdio.h>' or provide a declaration of 'sprintf'
../Core/Src/main.c: In function 'countMinAndSec':
../Core/Src/main.c:138:13: warning: unused variable 'seconds' [-Wunused-variable]
  138 |         int seconds = 0;
      |             ^~~~~~~
../Core/Src/main.c: In function 'LCD_Pulse_EN':
../Core/Src/main.c:293:1: warning: implicit declaration of function 'delay_us'; did you mean '_delay_ms'? [-Wimplicit-function-declaration]
  293 | delay_us(10); // Wait a tiny bit for LCD to read
      | ^~~~~~~~
      | _delay_ms
../Core/Src/main.c:297:1: warning: implicit declaration of function 'delay_ms'; did you mean '_delay_ms'? [-Wimplicit-function-declaration]
  297 | delay_ms(2); // Wait for command to execute
      | ^~~~~~~~
      | _delay_ms
arm-none-eabi-gcc "../Core/Src/stm32f4xx_it.c" -mcpu=cortex-m4 -std=gnu11 -g3 -DDEBUG -DUSE_HAL_DRIVER -DSTM32F446xx -c -I../Core/Inc -I../Drivers/STM32F4xx_HAL_Driver/Inc -I../Drivers/STM32F4xx_HAL_Driver/Inc/Legacy -I../Drivers/CMSIS/Device/ST/STM32F4xx/Include -I../Drivers/CMSIS/Include -O0 -ffunction-sections -fdata-sections -Wall -fstack-usage -fcyclomatic-complexity -MMD -MP -MF"Core/Src/stm32f4xx_it.d" -MT"Core/Src/stm32f4xx_it.o" --specs=nano.specs -mfpu=fpv4-sp-d16 -mfloat-abi=hard -mthumb -o "Core/Src/stm32f4xx_it.o"
arm-none-eabi-gcc "../Core/Src/syscalls.c" -mcpu=cortex-m4 -std=gnu11 -g3 -DDEBUG -DUSE_HAL_DRIVER -DSTM32F446xx -c -I../Core/Inc -I../Drivers/STM32F4xx_HAL_Driver/Inc -I../Drivers/STM32F4xx_HAL_Driver/Inc/Legacy -I../Drivers/CMSIS/Device/ST/STM32F4xx/Include -I../Drivers/CMSIS/Include -O0 -ffunction-sections -fdata-sections -Wall -fstack-usage -fcyclomatic-complexity -MMD -MP -MF"Core/Src/syscalls.d" -MT"Core/Src/syscalls.o" --specs=nano.specs -mfpu=fpv4-sp-d16 -mfloat-abi=hard -mthumb -o "Core/Src/syscalls.o"
arm-none-eabi-gcc "../Core/Src/sysmem.c" -mcpu=cortex-m4 -std=gnu11 -g3 -DDEBUG -DUSE_HAL_DRIVER -DSTM32F446xx -c -I../Core/Inc -I../Drivers/STM32F4xx_HAL_Driver/Inc -I../Drivers/STM32F4xx_HAL_Driver/Inc/Legacy -I../Drivers/CMSIS/Device/ST/STM32F4xx/Include -I../Drivers/CMSIS/Include -O0 -ffunction-sections -fdata-sections -Wall -fstack-usage -fcyclomatic-complexity -MMD -MP -MF"Core/Src/sysmem.d" -MT"Core/Src/sysmem.o" --specs=nano.specs -mfpu=fpv4-sp-d16 -mfloat-abi=hard -mthumb -o "Core/Src/sysmem.o"
arm-none-eabi-gcc "../Core/Src/system_stm32f4xx.c" -mcpu=cortex-m4 -std=gnu11 -g3 -DDEBUG -DUSE_HAL_DRIVER -DSTM32F446xx -c -I../Core/Inc -I../Drivers/STM32F4xx_HAL_Driver/Inc -I../Drivers/STM32F4xx_HAL_Driver/Inc/Legacy -I../Drivers/CMSIS/Device/ST/STM32F4xx/Include -I../Drivers/CMSIS/Include -O0 -ffunction-sections -fdata-sections -Wall -fstack-usage -fcyclomatic-complexity -MMD -MP -MF"Core/Src/system_stm32f4xx.d" -MT"Core/Src/system_stm32f4xx.o" --specs=nano.specs -mfpu=fpv4-sp-d16 -mfloat-abi=hard -mthumb -o "Core/Src/system_stm32f4xx.o"
arm-none-eabi-g++ -o "Asignment5.elf" @"objects.list"   -mcpu=cortex-m4 -T"C:\Users\coleb\Documents\GitHub\Embedded-System-Design\Assignments\Assignment5\Asignment5\STM32F446RETX_FLASH.ld" --specs=nosys.specs -Wl,-Map="Asignment5.map" -Wl,--gc-sections -static --specs=nano.specs -mfpu=fpv4-sp-d16 -mfloat-abi=hard -mthumb -Wl,--start-group -lc -lm -lstdc++ -lsupc++ -Wl,--end-group
Finished building target: Asignment5.elf
 
arm-none-eabi-size  Asignment5.elf 
arm-none-eabi-objdump -h -S Asignment5.elf  > "Asignment5.list"
   text	   data	    bss	    dec	    hex	filename
   1376	      8	   1568	   2952	    b88	Asignment5.elf
Finished building: default.size.stdout
 
Finished building: Asignment5.list
 
12:15:14 **** Incremental Build of configuration Debug for project Asignment5 ****
make -j16 all 
arm-none-eabi-gcc "../Core/Src/main.c" -mcpu=cortex-m4 -std=gnu11 -g3 -DDEBUG -DUSE_HAL_DRIVER -DSTM32F446xx -c -I../Core/Inc -I../Drivers/STM32F4xx_HAL_Driver/Inc -I../Drivers/STM32F4xx_HAL_Driver/Inc/Legacy -I../Drivers/CMSIS/Device/ST/STM32F4xx/Include -I../Drivers/CMSIS/Include -O0 -ffunction-sections -fdata-sections -Wall -fstack-usage -fcyclomatic-complexity -MMD -MP -MF"Core/Src/main.d" -MT"Core/Src/main.o" --specs=nano.specs -mfpu=fpv4-sp-d16 -mfloat-abi=hard -mthumb -o "Core/Src/main.o"
../Core/Src/main.c: In function 'main':
../Core/Src/main.c:68:9: warning: implicit declaration of function 'LCD_Init_8Bit' [-Wimplicit-function-declaration]
   68 |         LCD_Init_8Bit();
      |         ^~~~~~~~~~~~~
../Core/Src/main.c: In function 'buttonTimer':
../Core/Src/main.c:100:9: warning: implicit declaration of function 'sprintf' [-Wimplicit-function-declaration]
  100 |         sprintf(buffer, "Button pressed for: %d:%d03 seconds \r\n\n", seconds, miliseconds);
      |         ^~~~~~~
../Core/Src/main.c:15:1: note: include '<stdio.h>' or provide a declaration of 'sprintf'
   14 | #include <stdbool.h>
  +++ |+#include <stdio.h>
   15 | 
../Core/Src/main.c:100:9: warning: incompatible implicit declaration of built-in function 'sprintf' [-Wbuiltin-declaration-mismatch]
  100 |         sprintf(buffer, "Button pressed for: %d:%d03 seconds \r\n\n", seconds, miliseconds);
      |         ^~~~~~~
../Core/Src/main.c:100:9: note: include '<stdio.h>' or provide a declaration of 'sprintf'
../Core/Src/main.c: In function 'countMinAndSec':
../Core/Src/main.c:142:13: warning: variable 'seconds' set but not used [-Wunused-but-set-variable]
  142 |         int seconds = 0;
      |             ^~~~~~~
../Core/Src/main.c: In function 'LCD_Pulse_EN':
../Core/Src/main.c:297:1: warning: implicit declaration of function 'delay_us'; did you mean '_delay_ms'? [-Wimplicit-function-declaration]
  297 | delay_us(10); // Wait a tiny bit for LCD to read
      | ^~~~~~~~
      | _delay_ms
../Core/Src/main.c:301:1: warning: implicit declaration of function 'delay_ms'; did you mean '_delay_ms'? [-Wimplicit-function-declaration]
  301 | delay_ms(2); // Wait for command to execute
      | ^~~~~~~~
      | _delay_ms
../Core/Src/main.c: At top level:
../Core/Src/main.c:325:6: warning: conflicting types for 'LCD_Init_8Bit'; have 'void(void)'
  325 | void LCD_Init_8Bit(void) {
      |      ^~~~~~~~~~~~~
../Core/Src/main.c:68:9: note: previous implicit declaration of 'LCD_Init_8Bit' with type 'void(void)'
   68 |         LCD_Init_8Bit();
      |         ^~~~~~~~~~~~~
arm-none-eabi-g++ -o "Asignment5.elf" @"objects.list"   -mcpu=cortex-m4 -T"C:\Users\coleb\Documents\GitHub\Embedded-System-Design\Assignments\Assignment5\Asignment5\STM32F446RETX_FLASH.ld" --specs=nosys.specs -Wl,-Map="Asignment5.map" -Wl,--gc-sections -static --specs=nano.specs -mfpu=fpv4-sp-d16 -mfloat-abi=hard -mthumb -Wl,--start-group -lc -lm -lstdc++ -lsupc++ -Wl,--end-group
C:/ST/STM32CubeIDE_1.19.0/STM32CubeIDE/plugins/com.st.stm32cube.ide.mcu.externaltools.gnu-tools-for-stm32.13.3.rel1.win32_1.0.0.202411081344/tools/bin/../lib/gcc/arm-none-eabi/13.3.1/../../../../arm-none-eabi/bin/ld.exe: ./Core/Src/main.o: in function `LCD_Pulse_EN':
C:/Users/coleb/Documents/GitHub/Embedded-System-Design/Assignments/Assignment5/Asignment5/Debug/../Core/Src/main.c:297:(.text.LCD_Pulse_EN+0xc): undefined reference to `delay_us'
C:/ST/STM32CubeIDE_1.19.0/STM32CubeIDE/plugins/com.st.stm32cube.ide.mcu.externaltools.gnu-tools-for-stm32.13.3.rel1.win32_1.0.0.202411081344/tools/bin/../lib/gcc/arm-none-eabi/13.3.1/../../../../arm-none-eabi/bin/ld.exe: C:/Users/coleb/Documents/GitHub/Embedded-System-Design/Assignments/Assignment5/Asignment5/Debug/../Core/Src/main.c:301:(.text.LCD_Pulse_EN+0x1a): undefined reference to `delay_ms'
C:/ST/STM32CubeIDE_1.19.0/STM32CubeIDE/plugins/com.st.stm32cube.ide.mcu.externaltools.gnu-tools-for-stm32.13.3.rel1.win32_1.0.0.202411081344/tools/bin/../lib/gcc/arm-none-eabi/13.3.1/../../../../arm-none-eabi/bin/ld.exe: ./Core/Src/main.o: in function `LCD_Init_8Bit':
C:/Users/coleb/Documents/GitHub/Embedded-System-Design/Assignments/Assignment5/Asignment5/Debug/../Core/Src/main.c:353:(.text.LCD_Init_8Bit+0x46): undefined reference to `delay_ms'
C:/ST/STM32CubeIDE_1.19.0/STM32CubeIDE/plugins/com.st.stm32cube.ide.mcu.externaltools.gnu-tools-for-stm32.13.3.rel1.win32_1.0.0.202411081344/tools/bin/../lib/gcc/arm-none-eabi/13.3.1/../../../../arm-none-eabi/bin/ld.exe: C:/Users/coleb/Documents/GitHub/Embedded-System-Design/Assignments/Assignment5/Asignment5/Debug/../Core/Src/main.c:359:(.text.LCD_Init_8Bit+0x52): undefined reference to `delay_ms'
C:/ST/STM32CubeIDE_1.19.0/STM32CubeIDE/plugins/com.st.stm32cube.ide.mcu.externaltools.gnu-tools-for-stm32.13.3.rel1.win32_1.0.0.202411081344/tools/bin/../lib/gcc/arm-none-eabi/13.3.1/../../../../arm-none-eabi/bin/ld.exe: C:/Users/coleb/Documents/GitHub/Embedded-System-Design/Assignments/Assignment5/Asignment5/Debug/../Core/Src/main.c:365:(.text.LCD_Init_8Bit+0x5e): undefined reference to `delay_us'
C:/ST/STM32CubeIDE_1.19.0/STM32CubeIDE/plugins/com.st.stm32cube.ide.mcu.externaltools.gnu-tools-for-stm32.13.3.rel1.win32_1.0.0.202411081344/tools/bin/../lib/gcc/arm-none-eabi/13.3.1/../../../../arm-none-eabi/bin/ld.exe: C:/Users/coleb/Documents/GitHub/Embedded-System-Design/Assignments/Assignment5/Asignment5/Debug/../Core/Src/main.c:381:(.text.LCD_Init_8Bit+0x7c): undefined reference to `delay_ms'
collect2.exe: error: ld returned 1 exit status
make: *** [makefile:88: Asignment5.elf] Error 1
"make -j16 all" terminated with exit code 2. Build might be incomplete.
12:16:37 **** Incremental Build of configuration Debug for project Asignment5 ****
make -j16 all 
arm-none-eabi-gcc "../Core/Src/main.c" -mcpu=cortex-m4 -std=gnu11 -g3 -DDEBUG -DUSE_HAL_DRIVER -DSTM32F446xx -c -I../Core/Inc -I../Drivers/STM32F4xx_HAL_Driver/Inc -I../Drivers/STM32F4xx_HAL_Driver/Inc/Legacy -I../Drivers/CMSIS/Device/ST/STM32F4xx/Include -I../Drivers/CMSIS/Include -O0 -ffunction-sections -fdata-sections -Wall -fstack-usage -fcyclomatic-complexity -MMD -MP -MF"Core/Src/main.d" -MT"Core/Src/main.o" --specs=nano.specs -mfpu=fpv4-sp-d16 -mfloat-abi=hard -mthumb -o "Core/Src/main.o"
../Core/Src/main.c: In function 'buttonTimer':
../Core/Src/main.c:101:9: warning: implicit declaration of function 'sprintf' [-Wimplicit-function-declaration]
  101 |         sprintf(buffer, "Button pressed for: %d:%d03 seconds \r\n\n", seconds, miliseconds);
      |         ^~~~~~~
../Core/Src/main.c:15:1: note: include '<stdio.h>' or provide a declaration of 'sprintf'
   14 | #include <stdbool.h>
  +++ |+#include <stdio.h>
   15 | 
../Core/Src/main.c:101:9: warning: incompatible implicit declaration of built-in function 'sprintf' [-Wbuiltin-declaration-mismatch]
  101 |         sprintf(buffer, "Button pressed for: %d:%d03 seconds \r\n\n", seconds, miliseconds);
      |         ^~~~~~~
../Core/Src/main.c:101:9: note: include '<stdio.h>' or provide a declaration of 'sprintf'
../Core/Src/main.c: In function 'countMinAndSec':
../Core/Src/main.c:143:13: warning: variable 'seconds' set but not used [-Wunused-but-set-variable]
  143 |         int seconds = 0;
      |             ^~~~~~~
../Core/Src/main.c: In function 'LCD_Pulse_EN':
../Core/Src/main.c:298:1: warning: implicit declaration of function 'delay_us'; did you mean '_delay_ms'? [-Wimplicit-function-declaration]
  298 | delay_us(10); // Wait a tiny bit for LCD to read
      | ^~~~~~~~
      | _delay_ms
../Core/Src/main.c:302:1: warning: implicit declaration of function 'delay_ms'; did you mean '_delay_ms'? [-Wimplicit-function-declaration]
  302 | delay_ms(2); // Wait for command to execute
      | ^~~~~~~~
      | _delay_ms
arm-none-eabi-g++ -o "Asignment5.elf" @"objects.list"   -mcpu=cortex-m4 -T"C:\Users\coleb\Documents\GitHub\Embedded-System-Design\Assignments\Assignment5\Asignment5\STM32F446RETX_FLASH.ld" --specs=nosys.specs -Wl,-Map="Asignment5.map" -Wl,--gc-sections -static --specs=nano.specs -mfpu=fpv4-sp-d16 -mfloat-abi=hard -mthumb -Wl,--start-group -lc -lm -lstdc++ -lsupc++ -Wl,--end-group
C:/ST/STM32CubeIDE_1.19.0/STM32CubeIDE/plugins/com.st.stm32cube.ide.mcu.externaltools.gnu-tools-for-stm32.13.3.rel1.win32_1.0.0.202411081344/tools/bin/../lib/gcc/arm-none-eabi/13.3.1/../../../../arm-none-eabi/bin/ld.exe: ./Core/Src/main.o: in function `LCD_Pulse_EN':
C:/Users/coleb/Documents/GitHub/Embedded-System-Design/Assignments/Assignment5/Asignment5/Debug/../Core/Src/main.c:298:(.text.LCD_Pulse_EN+0xc): undefined reference to `delay_us'
C:/ST/STM32CubeIDE_1.19.0/STM32CubeIDE/plugins/com.st.stm32cube.ide.mcu.externaltools.gnu-tools-for-stm32.13.3.rel1.win32_1.0.0.202411081344/tools/bin/../lib/gcc/arm-none-eabi/13.3.1/../../../../arm-none-eabi/bin/ld.exe: C:/Users/coleb/Documents/GitHub/Embedded-System-Design/Assignments/Assignment5/Asignment5/Debug/../Core/Src/main.c:302:(.text.LCD_Pulse_EN+0x1a): undefined reference to `delay_ms'
C:/ST/STM32CubeIDE_1.19.0/STM32CubeIDE/plugins/com.st.stm32cube.ide.mcu.externaltools.gnu-tools-for-stm32.13.3.rel1.win32_1.0.0.202411081344/tools/bin/../lib/gcc/arm-none-eabi/13.3.1/../../../../arm-none-eabi/bin/ld.exe: ./Core/Src/main.o: in function `LCD_Init_8Bit':
C:/Users/coleb/Documents/GitHub/Embedded-System-Design/Assignments/Assignment5/Asignment5/Debug/../Core/Src/main.c:354:(.text.LCD_Init_8Bit+0x46): undefined reference to `delay_ms'
C:/ST/STM32CubeIDE_1.19.0/STM32CubeIDE/plugins/com.st.stm32cube.ide.mcu.externaltools.gnu-tools-for-stm32.13.3.rel1.win32_1.0.0.202411081344/tools/bin/../lib/gcc/arm-none-eabi/13.3.1/../../../../arm-none-eabi/bin/ld.exe: C:/Users/coleb/Documents/GitHub/Embedded-System-Design/Assignments/Assignment5/Asignment5/Debug/../Core/Src/main.c:360:(.text.LCD_Init_8Bit+0x52): undefined reference to `delay_ms'
C:/ST/STM32CubeIDE_1.19.0/STM32CubeIDE/plugins/com.st.stm32cube.ide.mcu.externaltools.gnu-tools-for-stm32.13.3.rel1.win32_1.0.0.202411081344/tools/bin/../lib/gcc/arm-none-eabi/13.3.1/../../../../arm-none-eabi/bin/ld.exe: C:/Users/coleb/Documents/GitHub/Embedded-System-Design/Assignments/Assignment5/Asignment5/Debug/../Core/Src/main.c:366:(.text.LCD_Init_8Bit+0x5e): undefined reference to `delay_us'
C:/ST/STM32CubeIDE_1.19.0/STM32CubeIDE/plugins/com.st.stm32cube.ide.mcu.externaltools.gnu-tools-for-stm32.13.3.rel1.win32_1.0.0.202411081344/tools/bin/../lib/gcc/arm-none-eabi/13.3.1/../../../../arm-none-eabi/bin/ld.exe: C:/Users/coleb/Documents/GitHub/Embedded-System-Design/Assignments/Assignment5/Asignment5/Debug/../Core/Src/main.c:382:(.text.LCD_Init_8Bit+0x7c): undefined reference to `delay_ms'
collect2.exe: error: ld returned 1 exit status
make: *** [makefile:88: Asignment5.elf] Error 1
"make -j16 all" terminated with exit code 2. Build might be incomplete.
12:17:07 **** Incremental Build of configuration Debug for project Asignment5 ****
make -j16 all 
arm-none-eabi-gcc "../Core/Src/main.c" -mcpu=cortex-m4 -std=gnu11 -g3 -DDEBUG -DUSE_HAL_DRIVER -DSTM32F446xx -c -I../Core/Inc -I../Drivers/STM32F4xx_HAL_Driver/Inc -I../Drivers/STM32F4xx_HAL_Driver/Inc/Legacy -I../Drivers/CMSIS/Device/ST/STM32F4xx/Include -I../Drivers/CMSIS/Include -O0 -ffunction-sections -fdata-sections -Wall -fstack-usage -fcyclomatic-complexity -MMD -MP -MF"Core/Src/main.d" -MT"Core/Src/main.o" --specs=nano.specs -mfpu=fpv4-sp-d16 -mfloat-abi=hard -mthumb -o "Core/Src/main.o"
../Core/Src/main.c: In function 'countMinAndSec':
../Core/Src/main.c:144:13: warning: variable 'seconds' set but not used [-Wunused-but-set-variable]
  144 |         int seconds = 0;
      |             ^~~~~~~
../Core/Src/main.c: In function 'LCD_Pulse_EN':
../Core/Src/main.c:299:1: warning: implicit declaration of function 'delay_us'; did you mean '_delay_ms'? [-Wimplicit-function-declaration]
  299 | delay_us(10); // Wait a tiny bit for LCD to read
      | ^~~~~~~~
      | _delay_ms
../Core/Src/main.c:303:1: warning: implicit declaration of function 'delay_ms'; did you mean '_delay_ms'? [-Wimplicit-function-declaration]
  303 | delay_ms(2); // Wait for command to execute
      | ^~~~~~~~
      | _delay_ms
arm-none-eabi-g++ -o "Asignment5.elf" @"objects.list"   -mcpu=cortex-m4 -T"C:\Users\coleb\Documents\GitHub\Embedded-System-Design\Assignments\Assignment5\Asignment5\STM32F446RETX_FLASH.ld" --specs=nosys.specs -Wl,-Map="Asignment5.map" -Wl,--gc-sections -static --specs=nano.specs -mfpu=fpv4-sp-d16 -mfloat-abi=hard -mthumb -Wl,--start-group -lc -lm -lstdc++ -lsupc++ -Wl,--end-group
C:/ST/STM32CubeIDE_1.19.0/STM32CubeIDE/plugins/com.st.stm32cube.ide.mcu.externaltools.gnu-tools-for-stm32.13.3.rel1.win32_1.0.0.202411081344/tools/bin/../lib/gcc/arm-none-eabi/13.3.1/../../../../arm-none-eabi/bin/ld.exe: ./Core/Src/main.o: in function `LCD_Pulse_EN':
C:/Users/coleb/Documents/GitHub/Embedded-System-Design/Assignments/Assignment5/Asignment5/Debug/../Core/Src/main.c:299:(.text.LCD_Pulse_EN+0xc): undefined reference to `delay_us'
C:/ST/STM32CubeIDE_1.19.0/STM32CubeIDE/plugins/com.st.stm32cube.ide.mcu.externaltools.gnu-tools-for-stm32.13.3.rel1.win32_1.0.0.202411081344/tools/bin/../lib/gcc/arm-none-eabi/13.3.1/../../../../arm-none-eabi/bin/ld.exe: C:/Users/coleb/Documents/GitHub/Embedded-System-Design/Assignments/Assignment5/Asignment5/Debug/../Core/Src/main.c:303:(.text.LCD_Pulse_EN+0x1a): undefined reference to `delay_ms'
C:/ST/STM32CubeIDE_1.19.0/STM32CubeIDE/plugins/com.st.stm32cube.ide.mcu.externaltools.gnu-tools-for-stm32.13.3.rel1.win32_1.0.0.202411081344/tools/bin/../lib/gcc/arm-none-eabi/13.3.1/../../../../arm-none-eabi/bin/ld.exe: ./Core/Src/main.o: in function `LCD_Init_8Bit':
C:/Users/coleb/Documents/GitHub/Embedded-System-Design/Assignments/Assignment5/Asignment5/Debug/../Core/Src/main.c:355:(.text.LCD_Init_8Bit+0x46): undefined reference to `delay_ms'
C:/ST/STM32CubeIDE_1.19.0/STM32CubeIDE/plugins/com.st.stm32cube.ide.mcu.externaltools.gnu-tools-for-stm32.13.3.rel1.win32_1.0.0.202411081344/tools/bin/../lib/gcc/arm-none-eabi/13.3.1/../../../../arm-none-eabi/bin/ld.exe: C:/Users/coleb/Documents/GitHub/Embedded-System-Design/Assignments/Assignment5/Asignment5/Debug/../Core/Src/main.c:361:(.text.LCD_Init_8Bit+0x52): undefined reference to `delay_ms'
C:/ST/STM32CubeIDE_1.19.0/STM32CubeIDE/plugins/com.st.stm32cube.ide.mcu.externaltools.gnu-tools-for-stm32.13.3.rel1.win32_1.0.0.202411081344/tools/bin/../lib/gcc/arm-none-eabi/13.3.1/../../../../arm-none-eabi/bin/ld.exe: C:/Users/coleb/Documents/GitHub/Embedded-System-Design/Assignments/Assignment5/Asignment5/Debug/../Core/Src/main.c:367:(.text.LCD_Init_8Bit+0x5e): undefined reference to `delay_us'
C:/ST/STM32CubeIDE_1.19.0/STM32CubeIDE/plugins/com.st.stm32cube.ide.mcu.externaltools.gnu-tools-for-stm32.13.3.rel1.win32_1.0.0.202411081344/tools/bin/../lib/gcc/arm-none-eabi/13.3.1/../../../../arm-none-eabi/bin/ld.exe: C:/Users/coleb/Documents/GitHub/Embedded-System-Design/Assignments/Assignment5/Asignment5/Debug/../Core/Src/main.c:383:(.text.LCD_Init_8Bit+0x7c): undefined reference to `delay_ms'
collect2.exe: error: ld returned 1 exit status
make: *** [makefile:88: Asignment5.elf] Error 1
"make -j16 all" terminated with exit code 2. Build might be incomplete.
12:19:24 **** Incremental Build of configuration Debug for project Asignment5 ****
make -j16 all 
arm-none-eabi-gcc "../Core/Src/main.c" -mcpu=cortex-m4 -std=gnu11 -g3 -DDEBUG -DUSE_HAL_DRIVER -DSTM32F446xx -c -I../Core/Inc -I../Drivers/STM32F4xx_HAL_Driver/Inc -I../Drivers/STM32F4xx_HAL_Driver/Inc/Legacy -I../Drivers/CMSIS/Device/ST/STM32F4xx/Include -I../Drivers/CMSIS/Include -O0 -ffunction-sections -fdata-sections -Wall -fstack-usage -fcyclomatic-complexity -MMD -MP -MF"Core/Src/main.d" -MT"Core/Src/main.o" --specs=nano.specs -mfpu=fpv4-sp-d16 -mfloat-abi=hard -mthumb -o "Core/Src/main.o"
../Core/Src/main.c: In function 'countMinAndSec':
../Core/Src/main.c:144:13: warning: variable 'seconds' set but not used [-Wunused-but-set-variable]
  144 |         int seconds = 0;
      |             ^~~~~~~
../Core/Src/main.c: In function 'LCD_Init_8Bit':
../Core/Src/main.c:367:1: warning: implicit declaration of function 'delay_ms'; did you mean '_delay_ms'? [-Wimplicit-function-declaration]
  367 | delay_ms(1); // Wait >100us
      | ^~~~~~~~
      | _delay_ms
arm-none-eabi-g++ -o "Asignment5.elf" @"objects.list"   -mcpu=cortex-m4 -T"C:\Users\coleb\Documents\GitHub\Embedded-System-Design\Assignments\Assignment5\Asignment5\STM32F446RETX_FLASH.ld" --specs=nosys.specs -Wl,-Map="Asignment5.map" -Wl,--gc-sections -static --specs=nano.specs -mfpu=fpv4-sp-d16 -mfloat-abi=hard -mthumb -Wl,--start-group -lc -lm -lstdc++ -lsupc++ -Wl,--end-group
C:/ST/STM32CubeIDE_1.19.0/STM32CubeIDE/plugins/com.st.stm32cube.ide.mcu.externaltools.gnu-tools-for-stm32.13.3.rel1.win32_1.0.0.202411081344/tools/bin/../lib/gcc/arm-none-eabi/13.3.1/../../../../arm-none-eabi/bin/ld.exe: ./Core/Src/main.o: in function `LCD_Init_8Bit':
C:/Users/coleb/Documents/GitHub/Embedded-System-Design/Assignments/Assignment5/Asignment5/Debug/../Core/Src/main.c:367:(.text.LCD_Init_8Bit+0x5e): undefined reference to `delay_ms'
collect2.exe: error: ld returned 1 exit status
make: *** [makefile:88: Asignment5.elf] Error 1
"make -j16 all" terminated with exit code 2. Build might be incomplete.
12:19:38 **** Incremental Build of configuration Debug for project Asignment5 ****
make -j16 all 
arm-none-eabi-gcc "../Core/Src/main.c" -mcpu=cortex-m4 -std=gnu11 -g3 -DDEBUG -DUSE_HAL_DRIVER -DSTM32F446xx -c -I../Core/Inc -I../Drivers/STM32F4xx_HAL_Driver/Inc -I../Drivers/STM32F4xx_HAL_Driver/Inc/Legacy -I../Drivers/CMSIS/Device/ST/STM32F4xx/Include -I../Drivers/CMSIS/Include -O0 -ffunction-sections -fdata-sections -Wall -fstack-usage -fcyclomatic-complexity -MMD -MP -MF"Core/Src/main.d" -MT"Core/Src/main.o" --specs=nano.specs -mfpu=fpv4-sp-d16 -mfloat-abi=hard -mthumb -o "Core/Src/main.o"
../Core/Src/main.c: In function 'countMinAndSec':
../Core/Src/main.c:144:13: warning: variable 'seconds' set but not used [-Wunused-but-set-variable]
  144 |         int seconds = 0;
      |             ^~~~~~~
arm-none-eabi-g++ -o "Asignment5.elf" @"objects.list"   -mcpu=cortex-m4 -T"C:\Users\coleb\Documents\GitHub\Embedded-System-Design\Assignments\Assignment5\Asignment5\STM32F446RETX_FLASH.ld" --specs=nosys.specs -Wl,-Map="Asignment5.map" -Wl,--gc-sections -static --specs=nano.specs -mfpu=fpv4-sp-d16 -mfloat-abi=hard -mthumb -Wl,--start-group -lc -lm -lstdc++ -lsupc++ -Wl,--end-group
Finished building target: Asignment5.elf
 
arm-none-eabi-size  Asignment5.elf 
arm-none-eabi-objdump -h -S Asignment5.elf  > "Asignment5.list"
   text	   data	    bss	    dec	    hex	filename
   1692	      8	   1568	   3268	    cc4	Asignment5.elf
Finished building: default.size.stdout
 
Finished building: Asignment5.list
 
12:19:47 **** Incremental Build of configuration Debug for project Asignment5 ****
make -j16 all 
arm-none-eabi-size  Asignment5.elf 
   text	   data	    bss	    dec	    hex	filename
   1692	      8	   1568	   3268	    cc4	Asignment5.elf
Finished building: default.size.stdout
 
12:20:37 **** Incremental Build of configuration Debug for project Asignment5 ****
make -j16 all 
arm-none-eabi-gcc "../Core/Src/main.c" -mcpu=cortex-m4 -std=gnu11 -g3 -DDEBUG -DUSE_HAL_DRIVER -DSTM32F446xx -c -I../Core/Inc -I../Drivers/STM32F4xx_HAL_Driver/Inc -I../Drivers/STM32F4xx_HAL_Driver/Inc/Legacy -I../Drivers/CMSIS/Device/ST/STM32F4xx/Include -I../Drivers/CMSIS/Include -O0 -ffunction-sections -fdata-sections -Wall -fstack-usage -fcyclomatic-complexity -MMD -MP -MF"Core/Src/main.d" -MT"Core/Src/main.o" --specs=nano.specs -mfpu=fpv4-sp-d16 -mfloat-abi=hard -mthumb -o "Core/Src/main.o"
../Core/Src/main.c: In function 'countMinAndSec':
../Core/Src/main.c:144:13: warning: variable 'seconds' set but not used [-Wunused-but-set-variable]
  144 |         int seconds = 0;
      |             ^~~~~~~
arm-none-eabi-g++ -o "Asignment5.elf" @"objects.list"   -mcpu=cortex-m4 -T"C:\Users\coleb\Documents\GitHub\Embedded-System-Design\Assignments\Assignment5\Asignment5\STM32F446RETX_FLASH.ld" --specs=nosys.specs -Wl,-Map="Asignment5.map" -Wl,--gc-sections -static --specs=nano.specs -mfpu=fpv4-sp-d16 -mfloat-abi=hard -mthumb -Wl,--start-group -lc -lm -lstdc++ -lsupc++ -Wl,--end-group
Finished building target: Asignment5.elf
 
arm-none-eabi-size  Asignment5.elf 
arm-none-eabi-objdump -h -S Asignment5.elf  > "Asignment5.list"
   text	   data	    bss	    dec	    hex	filename
   1692	      8	   1568	   3268	    cc4	Asignment5.elf
Finished building: default.size.stdout
 
Finished building: Asignment5.list
 
12:21:00 **** Incremental Build of configuration Debug for project Asignment5 ****
make -j16 all 
arm-none-eabi-size  Asignment5.elf 
   text	   data	    bss	    dec	    hex	filename
   1692	      8	   1568	   3268	    cc4	Asignment5.elf
Finished building: default.size.stdout
 
12:21:03 **** Incremental Build of configuration Debug for project Asignment5 ****
make -j16 all 
arm-none-eabi-size  Asignment5.elf 
   text	   data	    bss	    dec	    hex	filename
   1692	      8	   1568	   3268	    cc4	Asignment5.elf
Finished building: default.size.stdout
 
12:22:21 **** Incremental Build of configuration Debug for project Asignment5 ****
make -j16 all 
arm-none-eabi-gcc "../Core/Src/main.c" -mcpu=cortex-m4 -std=gnu11 -g3 -DDEBUG -DUSE_HAL_DRIVER -DSTM32F446xx -c -I../Core/Inc -I../Drivers/STM32F4xx_HAL_Driver/Inc -I../Drivers/STM32F4xx_HAL_Driver/Inc/Legacy -I../Drivers/CMSIS/Device/ST/STM32F4xx/Include -I../Drivers/CMSIS/Include -O0 -ffunction-sections -fdata-sections -Wall -fstack-usage -fcyclomatic-complexity -MMD -MP -MF"Core/Src/main.d" -MT"Core/Src/main.o" --specs=nano.specs -mfpu=fpv4-sp-d16 -mfloat-abi=hard -mthumb -o "Core/Src/main.o"
../Core/Src/main.c: In function 'countMinAndSec':
../Core/Src/main.c:145:13: warning: variable 'seconds' set but not used [-Wunused-but-set-variable]
  145 |         int seconds = 0;
      |             ^~~~~~~
arm-none-eabi-g++ -o "Asignment5.elf" @"objects.list"   -mcpu=cortex-m4 -T"C:\Users\coleb\Documents\GitHub\Embedded-System-Design\Assignments\Assignment5\Asignment5\STM32F446RETX_FLASH.ld" --specs=nosys.specs -Wl,-Map="Asignment5.map" -Wl,--gc-sections -static --specs=nano.specs -mfpu=fpv4-sp-d16 -mfloat-abi=hard -mthumb -Wl,--start-group -lc -lm -lstdc++ -lsupc++ -Wl,--end-group
Finished building target: Asignment5.elf
 
arm-none-eabi-size  Asignment5.elf 
arm-none-eabi-objdump -h -S Asignment5.elf  > "Asignment5.list"
   text	   data	    bss	    dec	    hex	filename
   4744	     88	   1904	   6736	   1a50	Asignment5.elf
Finished building: default.size.stdout
 
Finished building: Asignment5.list
 
12:23:07 **** Incremental Build of configuration Debug for project Asignment5 ****
make -j16 all 
arm-none-eabi-size  Asignment5.elf 
   text	   data	    bss	    dec	    hex	filename
   4744	     88	   1904	   6736	   1a50	Asignment5.elf
Finished building: default.size.stdout
 
12:27:14 **** Incremental Build of configuration Debug for project Asignment5 ****
make -j16 all 
arm-none-eabi-gcc "../Core/Src/main.c" -mcpu=cortex-m4 -std=gnu11 -g3 -DDEBUG -DUSE_HAL_DRIVER -DSTM32F446xx -c -I../Core/Inc -I../Drivers/STM32F4xx_HAL_Driver/Inc -I../Drivers/STM32F4xx_HAL_Driver/Inc/Legacy -I../Drivers/CMSIS/Device/ST/STM32F4xx/Include -I../Drivers/CMSIS/Include -O0 -ffunction-sections -fdata-sections -Wall -fstack-usage -fcyclomatic-complexity -MMD -MP -MF"Core/Src/main.d" -MT"Core/Src/main.o" --specs=nano.specs -mfpu=fpv4-sp-d16 -mfloat-abi=hard -mthumb -o "Core/Src/main.o"
../Core/Src/main.c: In function 'countMinAndSec':
../Core/Src/main.c:145:13: warning: variable 'seconds' set but not used [-Wunused-but-set-variable]
  145 |         int seconds = 0;
      |             ^~~~~~~
../Core/Src/main.c: In function 'LCD_Pulse_EN':
../Core/Src/main.c:322:1: warning: statement with no effect [-Wunused-value]
  322 | (10); // Wait a tiny bit for LCD to read
      | ^
arm-none-eabi-g++ -o "Asignment5.elf" @"objects.list"   -mcpu=cortex-m4 -T"C:\Users\coleb\Documents\GitHub\Embedded-System-Design\Assignments\Assignment5\Asignment5\STM32F446RETX_FLASH.ld" --specs=nosys.specs -Wl,-Map="Asignment5.map" -Wl,--gc-sections -static --specs=nano.specs -mfpu=fpv4-sp-d16 -mfloat-abi=hard -mthumb -Wl,--start-group -lc -lm -lstdc++ -lsupc++ -Wl,--end-group
Finished building target: Asignment5.elf
 
arm-none-eabi-size  Asignment5.elf 
arm-none-eabi-objdump -h -S Asignment5.elf  > "Asignment5.list"
   text	   data	    bss	    dec	    hex	filename
   4736	     88	   1904	   6728	   1a48	Asignment5.elf
Finished building: default.size.stdout
 
Finished building: Asignment5.list
 
12:29:30 **** Incremental Build of configuration Debug for project Asignment5 ****
make -j16 all 
arm-none-eabi-gcc "../Core/Src/main.c" -mcpu=cortex-m4 -std=gnu11 -g3 -DDEBUG -DUSE_HAL_DRIVER -DSTM32F446xx -c -I../Core/Inc -I../Drivers/STM32F4xx_HAL_Driver/Inc -I../Drivers/STM32F4xx_HAL_Driver/Inc/Legacy -I../Drivers/CMSIS/Device/ST/STM32F4xx/Include -I../Drivers/CMSIS/Include -O0 -ffunction-sections -fdata-sections -Wall -fstack-usage -fcyclomatic-complexity -MMD -MP -MF"Core/Src/main.d" -MT"Core/Src/main.o" --specs=nano.specs -mfpu=fpv4-sp-d16 -mfloat-abi=hard -mthumb -o "Core/Src/main.o"
../Core/Src/main.c: In function 'countMinAndSec':
../Core/Src/main.c:146:13: warning: variable 'seconds' set but not used [-Wunused-but-set-variable]
  146 |         int seconds = 0;
      |             ^~~~~~~
../Core/Src/main.c: In function 'LCD_Pulse_EN':
../Core/Src/main.c:323:1: warning: statement with no effect [-Wunused-value]
  323 | (10); // Wait a tiny bit for LCD to read
      | ^
arm-none-eabi-g++ -o "Asignment5.elf" @"objects.list"   -mcpu=cortex-m4 -T"C:\Users\coleb\Documents\GitHub\Embedded-System-Design\Assignments\Assignment5\Asignment5\STM32F446RETX_FLASH.ld" --specs=nosys.specs -Wl,-Map="Asignment5.map" -Wl,--gc-sections -static --specs=nano.specs -mfpu=fpv4-sp-d16 -mfloat-abi=hard -mthumb -Wl,--start-group -lc -lm -lstdc++ -lsupc++ -Wl,--end-group
Finished building target: Asignment5.elf
 
arm-none-eabi-size  Asignment5.elf 
arm-none-eabi-objdump -h -S Asignment5.elf  > "Asignment5.list"
   text	   data	    bss	    dec	    hex	filename
   1976	      8	   1568	   3552	    de0	Asignment5.elf
Finished building: default.size.stdout
 
Finished building: Asignment5.list
 
12:35:58 **** Incremental Build of configuration Debug for project Asignment5 ****
make -j16 all 
arm-none-eabi-gcc "../Core/Src/main.c" -mcpu=cortex-m4 -std=gnu11 -g3 -DDEBUG -DUSE_HAL_DRIVER -DSTM32F446xx -c -I../Core/Inc -I../Drivers/STM32F4xx_HAL_Driver/Inc -I../Drivers/STM32F4xx_HAL_Driver/Inc/Legacy -I../Drivers/CMSIS/Device/ST/STM32F4xx/Include -I../Drivers/CMSIS/Include -O0 -ffunction-sections -fdata-sections -Wall -fstack-usage -fcyclomatic-complexity -MMD -MP -MF"Core/Src/main.d" -MT"Core/Src/main.o" --specs=nano.specs -mfpu=fpv4-sp-d16 -mfloat-abi=hard -mthumb -o "Core/Src/main.o"
../Core/Src/main.c: In function 'countMinAndSec':
../Core/Src/main.c:146:13: warning: variable 'seconds' set but not used [-Wunused-but-set-variable]
  146 |         int seconds = 0;
      |             ^~~~~~~
arm-none-eabi-g++ -o "Asignment5.elf" @"objects.list"   -mcpu=cortex-m4 -T"C:\Users\coleb\Documents\GitHub\Embedded-System-Design\Assignments\Assignment5\Asignment5\STM32F446RETX_FLASH.ld" --specs=nosys.specs -Wl,-Map="Asignment5.map" -Wl,--gc-sections -static --specs=nano.specs -mfpu=fpv4-sp-d16 -mfloat-abi=hard -mthumb -Wl,--start-group -lc -lm -lstdc++ -lsupc++ -Wl,--end-group
Finished building target: Asignment5.elf
 
arm-none-eabi-size  Asignment5.elf 
arm-none-eabi-objdump -h -S Asignment5.elf  > "Asignment5.list"
   text	   data	    bss	    dec	    hex	filename
   1984	      8	   1568	   3560	    de8	Asignment5.elf
Finished building: default.size.stdout
 
Finished building: Asignment5.list
 
12:39:56 **** Incremental Build of configuration Debug for project Asignment5 ****
make -j16 all 
arm-none-eabi-gcc "../Core/Src/main.c" -mcpu=cortex-m4 -std=gnu11 -g3 -DDEBUG -DUSE_HAL_DRIVER -DSTM32F446xx -c -I../Core/Inc -I../Drivers/STM32F4xx_HAL_Driver/Inc -I../Drivers/STM32F4xx_HAL_Driver/Inc/Legacy -I../Drivers/CMSIS/Device/ST/STM32F4xx/Include -I../Drivers/CMSIS/Include -O0 -ffunction-sections -fdata-sections -Wall -fstack-usage -fcyclomatic-complexity -MMD -MP -MF"Core/Src/main.d" -MT"Core/Src/main.o" --specs=nano.specs -mfpu=fpv4-sp-d16 -mfloat-abi=hard -mthumb -o "Core/Src/main.o"
../Core/Src/main.c: In function 'main':
../Core/Src/main.c:74:11: warning: implicit declaration of function 'countMinAndSec' [-Wimplicit-function-declaration]
   74 |           countMinAndSec();
      |           ^~~~~~~~~~~~~~
../Core/Src/main.c: At top level:
../Core/Src/main.c:141:6: warning: conflicting types for 'countMinAndSec'; have 'void()'
  141 | void countMinAndSec(){
      |      ^~~~~~~~~~~~~~
../Core/Src/main.c:74:11: note: previous implicit declaration of 'countMinAndSec' with type 'void()'
   74 |           countMinAndSec();
      |           ^~~~~~~~~~~~~~
arm-none-eabi-g++ -o "Asignment5.elf" @"objects.list"   -mcpu=cortex-m4 -T"C:\Users\coleb\Documents\GitHub\Embedded-System-Design\Assignments\Assignment5\Asignment5\STM32F446RETX_FLASH.ld" --specs=nosys.specs -Wl,-Map="Asignment5.map" -Wl,--gc-sections -static --specs=nano.specs -mfpu=fpv4-sp-d16 -mfloat-abi=hard -mthumb -Wl,--start-group -lc -lm -lstdc++ -lsupc++ -Wl,--end-group
Finished building target: Asignment5.elf
 
arm-none-eabi-size  Asignment5.elf 
arm-none-eabi-objdump -h -S Asignment5.elf  > "Asignment5.list"
   text	   data	    bss	    dec	    hex	filename
   4724	     88	   1904	   6716	   1a3c	Asignment5.elf
Finished building: default.size.stdout
 
Finished building: Asignment5.list
 
12:41:40 **** Incremental Build of configuration Debug for project Asignment5 ****
make -j16 all 
arm-none-eabi-gcc "../Core/Src/main.c" -mcpu=cortex-m4 -std=gnu11 -g3 -DDEBUG -DUSE_HAL_DRIVER -DSTM32F446xx -c -I../Core/Inc -I../Drivers/STM32F4xx_HAL_Driver/Inc -I../Drivers/STM32F4xx_HAL_Driver/Inc/Legacy -I../Drivers/CMSIS/Device/ST/STM32F4xx/Include -I../Drivers/CMSIS/Include -O0 -ffunction-sections -fdata-sections -Wall -fstack-usage -fcyclomatic-complexity -MMD -MP -MF"Core/Src/main.d" -MT"Core/Src/main.o" --specs=nano.specs -mfpu=fpv4-sp-d16 -mfloat-abi=hard -mthumb -o "Core/Src/main.o"
arm-none-eabi-g++ -o "Asignment5.elf" @"objects.list"   -mcpu=cortex-m4 -T"C:\Users\coleb\Documents\GitHub\Embedded-System-Design\Assignments\Assignment5\Asignment5\STM32F446RETX_FLASH.ld" --specs=nosys.specs -Wl,-Map="Asignment5.map" -Wl,--gc-sections -static --specs=nano.specs -mfpu=fpv4-sp-d16 -mfloat-abi=hard -mthumb -Wl,--start-group -lc -lm -lstdc++ -lsupc++ -Wl,--end-group
Finished building target: Asignment5.elf
 
arm-none-eabi-size  Asignment5.elf 
arm-none-eabi-objdump -h -S Asignment5.elf  > "Asignment5.list"
   text	   data	    bss	    dec	    hex	filename
   4724	     88	   1904	   6716	   1a3c	Asignment5.elf
Finished building: default.size.stdout
 
Finished building: Asignment5.list
 
12:42:44 **** Incremental Build of configuration Debug for project Asignment5 ****
make -j16 all 
arm-none-eabi-gcc "../Core/Src/main.c" -mcpu=cortex-m4 -std=gnu11 -g3 -DDEBUG -DUSE_HAL_DRIVER -DSTM32F446xx -c -I../Core/Inc -I../Drivers/STM32F4xx_HAL_Driver/Inc -I../Drivers/STM32F4xx_HAL_Driver/Inc/Legacy -I../Drivers/CMSIS/Device/ST/STM32F4xx/Include -I../Drivers/CMSIS/Include -O0 -ffunction-sections -fdata-sections -Wall -fstack-usage -fcyclomatic-complexity -MMD -MP -MF"Core/Src/main.d" -MT"Core/Src/main.o" --specs=nano.specs -mfpu=fpv4-sp-d16 -mfloat-abi=hard -mthumb -o "Core/Src/main.o"
arm-none-eabi-g++ -o "Asignment5.elf" @"objects.list"   -mcpu=cortex-m4 -T"C:\Users\coleb\Documents\GitHub\Embedded-System-Design\Assignments\Assignment5\Asignment5\STM32F446RETX_FLASH.ld" --specs=nosys.specs -Wl,-Map="Asignment5.map" -Wl,--gc-sections -static --specs=nano.specs -mfpu=fpv4-sp-d16 -mfloat-abi=hard -mthumb -Wl,--start-group -lc -lm -lstdc++ -lsupc++ -Wl,--end-group
Finished building target: Asignment5.elf
 
arm-none-eabi-size  Asignment5.elf 
arm-none-eabi-objdump -h -S Asignment5.elf  > "Asignment5.list"
   text	   data	    bss	    dec	    hex	filename
   4732	     88	   1904	   6724	   1a44	Asignment5.elf
Finished building: default.size.stdout
 
Finished building: Asignment5.list
 
12:46:36 **** Incremental Build of configuration Debug for project Asignment5 ****
make -j16 all 
arm-none-eabi-gcc "../Core/Src/main.c" -mcpu=cortex-m4 -std=gnu11 -g3 -DDEBUG -DUSE_HAL_DRIVER -DSTM32F446xx -c -I../Core/Inc -I../Drivers/STM32F4xx_HAL_Driver/Inc -I../Drivers/STM32F4xx_HAL_Driver/Inc/Legacy -I../Drivers/CMSIS/Device/ST/STM32F4xx/Include -I../Drivers/CMSIS/Include -O0 -ffunction-sections -fdata-sections -Wall -fstack-usage -fcyclomatic-complexity -MMD -MP -MF"Core/Src/main.d" -MT"Core/Src/main.o" --specs=nano.specs -mfpu=fpv4-sp-d16 -mfloat-abi=hard -mthumb -o "Core/Src/main.o"
arm-none-eabi-g++ -o "Asignment5.elf" @"objects.list"   -mcpu=cortex-m4 -T"C:\Users\coleb\Documents\GitHub\Embedded-System-Design\Assignments\Assignment5\Asignment5\STM32F446RETX_FLASH.ld" --specs=nosys.specs -Wl,-Map="Asignment5.map" -Wl,--gc-sections -static --specs=nano.specs -mfpu=fpv4-sp-d16 -mfloat-abi=hard -mthumb -Wl,--start-group -lc -lm -lstdc++ -lsupc++ -Wl,--end-group
Finished building target: Asignment5.elf
 
arm-none-eabi-size  Asignment5.elf 
arm-none-eabi-objdump -h -S Asignment5.elf  > "Asignment5.list"
   text	   data	    bss	    dec	    hex	filename
   4720	     88	   1904	   6712	   1a38	Asignment5.elf
Finished building: default.size.stdout
 
Finished building: Asignment5.list
 
13:01:25 **** Incremental Build of configuration Debug for project Asignment5 ****
make -j16 all 
arm-none-eabi-gcc "../Core/Src/main.c" -mcpu=cortex-m4 -std=gnu11 -g3 -DDEBUG -DUSE_HAL_DRIVER -DSTM32F446xx -c -I../Core/Inc -I../Drivers/STM32F4xx_HAL_Driver/Inc -I../Drivers/STM32F4xx_HAL_Driver/Inc/Legacy -I../Drivers/CMSIS/Device/ST/STM32F4xx/Include -I../Drivers/CMSIS/Include -O0 -ffunction-sections -fdata-sections -Wall -fstack-usage -fcyclomatic-complexity -MMD -MP -MF"Core/Src/main.d" -MT"Core/Src/main.o" --specs=nano.specs -mfpu=fpv4-sp-d16 -mfloat-abi=hard -mthumb -o "Core/Src/main.o"
../Core/Src/main.c: In function 'main':
../Core/Src/main.c:78:9: warning: implicit declaration of function 'WriteMinutesAndSeconds' [-Wimplicit-function-declaration]
   78 |         WriteMinutesAndSeconds();
      |         ^~~~~~~~~~~~~~~~~~~~~~
../Core/Src/main.c: At top level:
../Core/Src/main.c:174:6: warning: conflicting types for 'WriteMinutesAndSeconds'; have 'void()'
  174 | void WriteMinutesAndSeconds(){
      |      ^~~~~~~~~~~~~~~~~~~~~~
../Core/Src/main.c:78:9: note: previous implicit declaration of 'WriteMinutesAndSeconds' with type 'void()'
   78 |         WriteMinutesAndSeconds();
      |         ^~~~~~~~~~~~~~~~~~~~~~
arm-none-eabi-g++ -o "Asignment5.elf" @"objects.list"   -mcpu=cortex-m4 -T"C:\Users\coleb\Documents\GitHub\Embedded-System-Design\Assignments\Assignment5\Asignment5\STM32F446RETX_FLASH.ld" --specs=nosys.specs -Wl,-Map="Asignment5.map" -Wl,--gc-sections -static --specs=nano.specs -mfpu=fpv4-sp-d16 -mfloat-abi=hard -mthumb -Wl,--start-group -lc -lm -lstdc++ -lsupc++ -Wl,--end-group
Finished building target: Asignment5.elf
 
arm-none-eabi-size  Asignment5.elf 
arm-none-eabi-objdump -h -S Asignment5.elf  > "Asignment5.list"
   text	   data	    bss	    dec	    hex	filename
   2032	      8	   1568	   3608	    e18	Asignment5.elf
Finished building: default.size.stdout
 
Finished building: Asignment5.list
 
13:01:39 **** Incremental Build of configuration Debug for project Asignment5 ****
make -j16 all 
arm-none-eabi-gcc "../Core/Src/main.c" -mcpu=cortex-m4 -std=gnu11 -g3 -DDEBUG -DUSE_HAL_DRIVER -DSTM32F446xx -c -I../Core/Inc -I../Drivers/STM32F4xx_HAL_Driver/Inc -I../Drivers/STM32F4xx_HAL_Driver/Inc/Legacy -I../Drivers/CMSIS/Device/ST/STM32F4xx/Include -I../Drivers/CMSIS/Include -O0 -ffunction-sections -fdata-sections -Wall -fstack-usage -fcyclomatic-complexity -MMD -MP -MF"Core/Src/main.d" -MT"Core/Src/main.o" --specs=nano.specs -mfpu=fpv4-sp-d16 -mfloat-abi=hard -mthumb -o "Core/Src/main.o"
arm-none-eabi-g++ -o "Asignment5.elf" @"objects.list"   -mcpu=cortex-m4 -T"C:\Users\coleb\Documents\GitHub\Embedded-System-Design\Assignments\Assignment5\Asignment5\STM32F446RETX_FLASH.ld" --specs=nosys.specs -Wl,-Map="Asignment5.map" -Wl,--gc-sections -static --specs=nano.specs -mfpu=fpv4-sp-d16 -mfloat-abi=hard -mthumb -Wl,--start-group -lc -lm -lstdc++ -lsupc++ -Wl,--end-group
Finished building target: Asignment5.elf
 
arm-none-eabi-size  Asignment5.elf 
arm-none-eabi-objdump -h -S Asignment5.elf  > "Asignment5.list"
   text	   data	    bss	    dec	    hex	filename
   2032	      8	   1568	   3608	    e18	Asignment5.elf
Finished building: default.size.stdout
 
Finished building: Asignment5.list
 
13:39:05 **** Incremental Build of configuration Debug for project Asignment5 ****
make -j16 all 
arm-none-eabi-gcc "../Core/Src/main.c" -mcpu=cortex-m4 -std=gnu11 -g3 -DDEBUG -DUSE_HAL_DRIVER -DSTM32F446xx -c -I../Core/Inc -I../Drivers/STM32F4xx_HAL_Driver/Inc -I../Drivers/STM32F4xx_HAL_Driver/Inc/Legacy -I../Drivers/CMSIS/Device/ST/STM32F4xx/Include -I../Drivers/CMSIS/Include -O0 -ffunction-sections -fdata-sections -Wall -fstack-usage -fcyclomatic-complexity -MMD -MP -MF"Core/Src/main.d" -MT"Core/Src/main.o" --specs=nano.specs -mfpu=fpv4-sp-d16 -mfloat-abi=hard -mthumb -o "Core/Src/main.o"
arm-none-eabi-g++ -o "Asignment5.elf" @"objects.list"   -mcpu=cortex-m4 -T"C:\Users\coleb\Documents\GitHub\Embedded-System-Design\Assignments\Assignment5\Asignment5\STM32F446RETX_FLASH.ld" --specs=nosys.specs -Wl,-Map="Asignment5.map" -Wl,--gc-sections -static --specs=nano.specs -mfpu=fpv4-sp-d16 -mfloat-abi=hard -mthumb -Wl,--start-group -lc -lm -lstdc++ -lsupc++ -Wl,--end-group
Finished building target: Asignment5.elf
 
arm-none-eabi-size  Asignment5.elf 
arm-none-eabi-objdump -h -S Asignment5.elf  > "Asignment5.list"
   text	   data	    bss	    dec	    hex	filename
   2016	      8	   1568	   3592	    e08	Asignment5.elf
Finished building: default.size.stdout
 
Finished building: Asignment5.list
 
13:39:36 **** Incremental Build of configuration Debug for project Asignment5 ****
make -j16 all 
arm-none-eabi-gcc "../Core/Src/main.c" -mcpu=cortex-m4 -std=gnu11 -g3 -DDEBUG -DUSE_HAL_DRIVER -DSTM32F446xx -c -I../Core/Inc -I../Drivers/STM32F4xx_HAL_Driver/Inc -I../Drivers/STM32F4xx_HAL_Driver/Inc/Legacy -I../Drivers/CMSIS/Device/ST/STM32F4xx/Include -I../Drivers/CMSIS/Include -O0 -ffunction-sections -fdata-sections -Wall -fstack-usage -fcyclomatic-complexity -MMD -MP -MF"Core/Src/main.d" -MT"Core/Src/main.o" --specs=nano.specs -mfpu=fpv4-sp-d16 -mfloat-abi=hard -mthumb -o "Core/Src/main.o"
arm-none-eabi-g++ -o "Asignment5.elf" @"objects.list"   -mcpu=cortex-m4 -T"C:\Users\coleb\Documents\GitHub\Embedded-System-Design\Assignments\Assignment5\Asignment5\STM32F446RETX_FLASH.ld" --specs=nosys.specs -Wl,-Map="Asignment5.map" -Wl,--gc-sections -static --specs=nano.specs -mfpu=fpv4-sp-d16 -mfloat-abi=hard -mthumb -Wl,--start-group -lc -lm -lstdc++ -lsupc++ -Wl,--end-group
Finished building target: Asignment5.elf
 
arm-none-eabi-size  Asignment5.elf 
arm-none-eabi-objdump -h -S Asignment5.elf  > "Asignment5.list"
   text	   data	    bss	    dec	    hex	filename
   2008	      8	   1568	   3584	    e00	Asignment5.elf
Finished building: default.size.stdout
 
Finished building: Asignment5.list
 
13:39:50 **** Incremental Build of configuration Debug for project Asignment5 ****
make -j16 all 
arm-none-eabi-size  Asignment5.elf 
   text	   data	    bss	    dec	    hex	filename
   2008	      8	   1568	   3584	    e00	Asignment5.elf
Finished building: default.size.stdout
 
13:40:58 **** Incremental Build of configuration Debug for project Asignment5 ****
make -j16 all 
arm-none-eabi-gcc "../Core/Src/main.c" -mcpu=cortex-m4 -std=gnu11 -g3 -DDEBUG -DUSE_HAL_DRIVER -DSTM32F446xx -c -I../Core/Inc -I../Drivers/STM32F4xx_HAL_Driver/Inc -I../Drivers/STM32F4xx_HAL_Driver/Inc/Legacy -I../Drivers/CMSIS/Device/ST/STM32F4xx/Include -I../Drivers/CMSIS/Include -O0 -ffunction-sections -fdata-sections -Wall -fstack-usage -fcyclomatic-complexity -MMD -MP -MF"Core/Src/main.d" -MT"Core/Src/main.o" --specs=nano.specs -mfpu=fpv4-sp-d16 -mfloat-abi=hard -mthumb -o "Core/Src/main.o"
arm-none-eabi-g++ -o "Asignment5.elf" @"objects.list"   -mcpu=cortex-m4 -T"C:\Users\coleb\Documents\GitHub\Embedded-System-Design\Assignments\Assignment5\Asignment5\STM32F446RETX_FLASH.ld" --specs=nosys.specs -Wl,-Map="Asignment5.map" -Wl,--gc-sections -static --specs=nano.specs -mfpu=fpv4-sp-d16 -mfloat-abi=hard -mthumb -Wl,--start-group -lc -lm -lstdc++ -lsupc++ -Wl,--end-group
Finished building target: Asignment5.elf
 
arm-none-eabi-size  Asignment5.elf 
arm-none-eabi-objdump -h -S Asignment5.elf  > "Asignment5.list"
   text	   data	    bss	    dec	    hex	filename
   2008	      8	   1568	   3584	    e00	Asignment5.elf
Finished building: default.size.stdout
 
Finished building: Asignment5.list
 
13:41:46 **** Incremental Build of configuration Debug for project Asignment5 ****
make -j16 all 
arm-none-eabi-gcc "../Core/Src/main.c" -mcpu=cortex-m4 -std=gnu11 -g3 -DDEBUG -DUSE_HAL_DRIVER -DSTM32F446xx -c -I../Core/Inc -I../Drivers/STM32F4xx_HAL_Driver/Inc -I../Drivers/STM32F4xx_HAL_Driver/Inc/Legacy -I../Drivers/CMSIS/Device/ST/STM32F4xx/Include -I../Drivers/CMSIS/Include -O0 -ffunction-sections -fdata-sections -Wall -fstack-usage -fcyclomatic-complexity -MMD -MP -MF"Core/Src/main.d" -MT"Core/Src/main.o" --specs=nano.specs -mfpu=fpv4-sp-d16 -mfloat-abi=hard -mthumb -o "Core/Src/main.o"
arm-none-eabi-g++ -o "Asignment5.elf" @"objects.list"   -mcpu=cortex-m4 -T"C:\Users\coleb\Documents\GitHub\Embedded-System-Design\Assignments\Assignment5\Asignment5\STM32F446RETX_FLASH.ld" --specs=nosys.specs -Wl,-Map="Asignment5.map" -Wl,--gc-sections -static --specs=nano.specs -mfpu=fpv4-sp-d16 -mfloat-abi=hard -mthumb -Wl,--start-group -lc -lm -lstdc++ -lsupc++ -Wl,--end-group
Finished building target: Asignment5.elf
 
arm-none-eabi-size  Asignment5.elf 
arm-none-eabi-objdump -h -S Asignment5.elf  > "Asignment5.list"
   text	   data	    bss	    dec	    hex	filename
   2020	      8	   1568	   3596	    e0c	Asignment5.elf
Finished building: default.size.stdout
 
Finished building: Asignment5.list
 
14:01:43 **** Incremental Build of configuration Debug for project Asignment5 ****
make -j16 all 
arm-none-eabi-gcc "../Core/Src/main.c" -mcpu=cortex-m4 -std=gnu11 -g3 -DDEBUG -DUSE_HAL_DRIVER -DSTM32F446xx -c -I../Core/Inc -I../Drivers/STM32F4xx_HAL_Driver/Inc -I../Drivers/STM32F4xx_HAL_Driver/Inc/Legacy -I../Drivers/CMSIS/Device/ST/STM32F4xx/Include -I../Drivers/CMSIS/Include -O0 -ffunction-sections -fdata-sections -Wall -fstack-usage -fcyclomatic-complexity -MMD -MP -MF"Core/Src/main.d" -MT"Core/Src/main.o" --specs=nano.specs -mfpu=fpv4-sp-d16 -mfloat-abi=hard -mthumb -o "Core/Src/main.o"
arm-none-eabi-g++ -o "Asignment5.elf" @"objects.list"   -mcpu=cortex-m4 -T"C:\Users\coleb\Documents\GitHub\Embedded-System-Design\Assignments\Assignment5\Asignment5\STM32F446RETX_FLASH.ld" --specs=nosys.specs -Wl,-Map="Asignment5.map" -Wl,--gc-sections -static --specs=nano.specs -mfpu=fpv4-sp-d16 -mfloat-abi=hard -mthumb -Wl,--start-group -lc -lm -lstdc++ -lsupc++ -Wl,--end-group
Finished building target: Asignment5.elf
 
arm-none-eabi-size  Asignment5.elf 
arm-none-eabi-objdump -h -S Asignment5.elf  > "Asignment5.list"
   text	   data	    bss	    dec	    hex	filename
   4884	     88	   1904	   6876	   1adc	Asignment5.elf
Finished building: default.size.stdout
 
Finished building: Asignment5.list
 
14:06:38 **** Incremental Build of configuration Debug for project Asignment5 ****
make -j16 all 
arm-none-eabi-gcc "../Core/Src/main.c" -mcpu=cortex-m4 -std=gnu11 -g3 -DDEBUG -DUSE_HAL_DRIVER -DSTM32F446xx -c -I../Core/Inc -I../Drivers/STM32F4xx_HAL_Driver/Inc -I../Drivers/STM32F4xx_HAL_Driver/Inc/Legacy -I../Drivers/CMSIS/Device/ST/STM32F4xx/Include -I../Drivers/CMSIS/Include -O0 -ffunction-sections -fdata-sections -Wall -fstack-usage -fcyclomatic-complexity -MMD -MP -MF"Core/Src/main.d" -MT"Core/Src/main.o" --specs=nano.specs -mfpu=fpv4-sp-d16 -mfloat-abi=hard -mthumb -o "Core/Src/main.o"
arm-none-eabi-g++ -o "Asignment5.elf" @"objects.list"   -mcpu=cortex-m4 -T"C:\Users\coleb\Documents\GitHub\Embedded-System-Design\Assignments\Assignment5\Asignment5\STM32F446RETX_FLASH.ld" --specs=nosys.specs -Wl,-Map="Asignment5.map" -Wl,--gc-sections -static --specs=nano.specs -mfpu=fpv4-sp-d16 -mfloat-abi=hard -mthumb -Wl,--start-group -lc -lm -lstdc++ -lsupc++ -Wl,--end-group
Finished building target: Asignment5.elf
 
arm-none-eabi-size  Asignment5.elf 
arm-none-eabi-objdump -h -S Asignment5.elf  > "Asignment5.list"
   text	   data	    bss	    dec	    hex	filename
   4888	     88	   1904	   6880	   1ae0	Asignment5.elf
Finished building: default.size.stdout
 
Finished building: Asignment5.list
 
14:24:42 **** Incremental Build of configuration Debug for project Asignment5 ****
make -j16 all 
arm-none-eabi-gcc "../Core/Src/main.c" -mcpu=cortex-m4 -std=gnu11 -g3 -DDEBUG -DUSE_HAL_DRIVER -DSTM32F446xx -c -I../Core/Inc -I../Drivers/STM32F4xx_HAL_Driver/Inc -I../Drivers/STM32F4xx_HAL_Driver/Inc/Legacy -I../Drivers/CMSIS/Device/ST/STM32F4xx/Include -I../Drivers/CMSIS/Include -O0 -ffunction-sections -fdata-sections -Wall -fstack-usage -fcyclomatic-complexity -MMD -MP -MF"Core/Src/main.d" -MT"Core/Src/main.o" --specs=nano.specs -mfpu=fpv4-sp-d16 -mfloat-abi=hard -mthumb -o "Core/Src/main.o"
arm-none-eabi-g++ -o "Asignment5.elf" @"objects.list"   -mcpu=cortex-m4 -T"C:\Users\coleb\Documents\GitHub\Embedded-System-Design\Assignments\Assignment5\Asignment5\STM32F446RETX_FLASH.ld" --specs=nosys.specs -Wl,-Map="Asignment5.map" -Wl,--gc-sections -static --specs=nano.specs -mfpu=fpv4-sp-d16 -mfloat-abi=hard -mthumb -Wl,--start-group -lc -lm -lstdc++ -lsupc++ -Wl,--end-group
Finished building target: Asignment5.elf
 
arm-none-eabi-size  Asignment5.elf 
arm-none-eabi-objdump -h -S Asignment5.elf  > "Asignment5.list"
   text	   data	    bss	    dec	    hex	filename
   4888	     88	   1904	   6880	   1ae0	Asignment5.elf
Finished building: default.size.stdout
 
Finished building: Asignment5.list
 
14:28:58 **** Incremental Build of configuration Debug for project Asignment5 ****
make -j16 all 
arm-none-eabi-gcc "../Core/Src/main.c" -mcpu=cortex-m4 -std=gnu11 -g3 -DDEBUG -DUSE_HAL_DRIVER -DSTM32F446xx -c -I../Core/Inc -I../Drivers/STM32F4xx_HAL_Driver/Inc -I../Drivers/STM32F4xx_HAL_Driver/Inc/Legacy -I../Drivers/CMSIS/Device/ST/STM32F4xx/Include -I../Drivers/CMSIS/Include -O0 -ffunction-sections -fdata-sections -Wall -fstack-usage -fcyclomatic-complexity -MMD -MP -MF"Core/Src/main.d" -MT"Core/Src/main.o" --specs=nano.specs -mfpu=fpv4-sp-d16 -mfloat-abi=hard -mthumb -o "Core/Src/main.o"
arm-none-eabi-g++ -o "Asignment5.elf" @"objects.list"   -mcpu=cortex-m4 -T"C:\Users\coleb\Documents\GitHub\Embedded-System-Design\Assignments\Assignment5\Asignment5\STM32F446RETX_FLASH.ld" --specs=nosys.specs -Wl,-Map="Asignment5.map" -Wl,--gc-sections -static --specs=nano.specs -mfpu=fpv4-sp-d16 -mfloat-abi=hard -mthumb -Wl,--start-group -lc -lm -lstdc++ -lsupc++ -Wl,--end-group
Finished building target: Asignment5.elf
 
arm-none-eabi-size  Asignment5.elf 
arm-none-eabi-objdump -h -S Asignment5.elf  > "Asignment5.list"
   text	   data	    bss	    dec	    hex	filename
   4904	     88	   1904	   6896	   1af0	Asignment5.elf
Finished building: default.size.stdout
 
Finished building: Asignment5.list
 
14:30:52 **** Incremental Build of configuration Debug for project Asignment5 ****
make -j16 all 
arm-none-eabi-gcc "../Core/Src/main.c" -mcpu=cortex-m4 -std=gnu11 -g3 -DDEBUG -DUSE_HAL_DRIVER -DSTM32F446xx -c -I../Core/Inc -I../Drivers/STM32F4xx_HAL_Driver/Inc -I../Drivers/STM32F4xx_HAL_Driver/Inc/Legacy -I../Drivers/CMSIS/Device/ST/STM32F4xx/Include -I../Drivers/CMSIS/Include -O0 -ffunction-sections -fdata-sections -Wall -fstack-usage -fcyclomatic-complexity -MMD -MP -MF"Core/Src/main.d" -MT"Core/Src/main.o" --specs=nano.specs -mfpu=fpv4-sp-d16 -mfloat-abi=hard -mthumb -o "Core/Src/main.o"
arm-none-eabi-g++ -o "Asignment5.elf" @"objects.list"   -mcpu=cortex-m4 -T"C:\Users\coleb\Documents\GitHub\Embedded-System-Design\Assignments\Assignment5\Asignment5\STM32F446RETX_FLASH.ld" --specs=nosys.specs -Wl,-Map="Asignment5.map" -Wl,--gc-sections -static --specs=nano.specs -mfpu=fpv4-sp-d16 -mfloat-abi=hard -mthumb -Wl,--start-group -lc -lm -lstdc++ -lsupc++ -Wl,--end-group
Finished building target: Asignment5.elf
 
arm-none-eabi-size  Asignment5.elf 
arm-none-eabi-objdump -h -S Asignment5.elf  > "Asignment5.list"
   text	   data	    bss	    dec	    hex	filename
   4904	     88	   1904	   6896	   1af0	Asignment5.elf
Finished building: default.size.stdout
 
Finished building: Asignment5.list
 
14:33:08 **** Incremental Build of configuration Debug for project Asignment5 ****
make -j16 all 
arm-none-eabi-gcc "../Core/Src/main.c" -mcpu=cortex-m4 -std=gnu11 -g3 -DDEBUG -DUSE_HAL_DRIVER -DSTM32F446xx -c -I../Core/Inc -I../Drivers/STM32F4xx_HAL_Driver/Inc -I../Drivers/STM32F4xx_HAL_Driver/Inc/Legacy -I../Drivers/CMSIS/Device/ST/STM32F4xx/Include -I../Drivers/CMSIS/Include -O0 -ffunction-sections -fdata-sections -Wall -fstack-usage -fcyclomatic-complexity -MMD -MP -MF"Core/Src/main.d" -MT"Core/Src/main.o" --specs=nano.specs -mfpu=fpv4-sp-d16 -mfloat-abi=hard -mthumb -o "Core/Src/main.o"
arm-none-eabi-g++ -o "Asignment5.elf" @"objects.list"   -mcpu=cortex-m4 -T"C:\Users\coleb\Documents\GitHub\Embedded-System-Design\Assignments\Assignment5\Asignment5\STM32F446RETX_FLASH.ld" --specs=nosys.specs -Wl,-Map="Asignment5.map" -Wl,--gc-sections -static --specs=nano.specs -mfpu=fpv4-sp-d16 -mfloat-abi=hard -mthumb -Wl,--start-group -lc -lm -lstdc++ -lsupc++ -Wl,--end-group
Finished building target: Asignment5.elf
 
arm-none-eabi-size  Asignment5.elf 
arm-none-eabi-objdump -h -S Asignment5.elf  > "Asignment5.list"
   text	   data	    bss	    dec	    hex	filename
   4904	     88	   1904	   6896	   1af0	Asignment5.elf
Finished building: default.size.stdout
 
Finished building: Asignment5.list
 
14:38:00 **** Incremental Build of configuration Debug for project Asignment5 ****
make -j16 all 
arm-none-eabi-gcc "../Core/Src/main.c" -mcpu=cortex-m4 -std=gnu11 -g3 -DDEBUG -DUSE_HAL_DRIVER -DSTM32F446xx -c -I../Core/Inc -I../Drivers/STM32F4xx_HAL_Driver/Inc -I../Drivers/STM32F4xx_HAL_Driver/Inc/Legacy -I../Drivers/CMSIS/Device/ST/STM32F4xx/Include -I../Drivers/CMSIS/Include -O0 -ffunction-sections -fdata-sections -Wall -fstack-usage -fcyclomatic-complexity -MMD -MP -MF"Core/Src/main.d" -MT"Core/Src/main.o" --specs=nano.specs -mfpu=fpv4-sp-d16 -mfloat-abi=hard -mthumb -o "Core/Src/main.o"
arm-none-eabi-g++ -o "Asignment5.elf" @"objects.list"   -mcpu=cortex-m4 -T"C:\Users\coleb\Documents\GitHub\Embedded-System-Design\Assignments\Assignment5\Asignment5\STM32F446RETX_FLASH.ld" --specs=nosys.specs -Wl,-Map="Asignment5.map" -Wl,--gc-sections -static --specs=nano.specs -mfpu=fpv4-sp-d16 -mfloat-abi=hard -mthumb -Wl,--start-group -lc -lm -lstdc++ -lsupc++ -Wl,--end-group
Finished building target: Asignment5.elf
 
arm-none-eabi-size  Asignment5.elf 
arm-none-eabi-objdump -h -S Asignment5.elf  > "Asignment5.list"
   text	   data	    bss	    dec	    hex	filename
   4896	     88	   1904	   6888	   1ae8	Asignment5.elf
Finished building: default.size.stdout
 
Finished building: Asignment5.list
 
14:44:09 **** Incremental Build of configuration Debug for project Asignment5 ****
make -j16 all 
arm-none-eabi-gcc "../Core/Src/main.c" -mcpu=cortex-m4 -std=gnu11 -g3 -DDEBUG -DUSE_HAL_DRIVER -DSTM32F446xx -c -I../Core/Inc -I../Drivers/STM32F4xx_HAL_Driver/Inc -I../Drivers/STM32F4xx_HAL_Driver/Inc/Legacy -I../Drivers/CMSIS/Device/ST/STM32F4xx/Include -I../Drivers/CMSIS/Include -O0 -ffunction-sections -fdata-sections -Wall -fstack-usage -fcyclomatic-complexity -MMD -MP -MF"Core/Src/main.d" -MT"Core/Src/main.o" --specs=nano.specs -mfpu=fpv4-sp-d16 -mfloat-abi=hard -mthumb -o "Core/Src/main.o"
arm-none-eabi-g++ -o "Asignment5.elf" @"objects.list"   -mcpu=cortex-m4 -T"C:\Users\coleb\Documents\GitHub\Embedded-System-Design\Assignments\Assignment5\Asignment5\STM32F446RETX_FLASH.ld" --specs=nosys.specs -Wl,-Map="Asignment5.map" -Wl,--gc-sections -static --specs=nano.specs -mfpu=fpv4-sp-d16 -mfloat-abi=hard -mthumb -Wl,--start-group -lc -lm -lstdc++ -lsupc++ -Wl,--end-group
Finished building target: Asignment5.elf
 
arm-none-eabi-size  Asignment5.elf 
arm-none-eabi-objdump -h -S Asignment5.elf  > "Asignment5.list"
   text	   data	    bss	    dec	    hex	filename
   4952	     88	   1904	   6944	   1b20	Asignment5.elf
Finished building: default.size.stdout
 
Finished building: Asignment5.list
 
14:46:01 **** Incremental Build of configuration Debug for project Asignment5 ****
make -j16 all 
arm-none-eabi-gcc "../Core/Src/main.c" -mcpu=cortex-m4 -std=gnu11 -g3 -DDEBUG -DUSE_HAL_DRIVER -DSTM32F446xx -c -I../Core/Inc -I../Drivers/STM32F4xx_HAL_Driver/Inc -I../Drivers/STM32F4xx_HAL_Driver/Inc/Legacy -I../Drivers/CMSIS/Device/ST/STM32F4xx/Include -I../Drivers/CMSIS/Include -O0 -ffunction-sections -fdata-sections -Wall -fstack-usage -fcyclomatic-complexity -MMD -MP -MF"Core/Src/main.d" -MT"Core/Src/main.o" --specs=nano.specs -mfpu=fpv4-sp-d16 -mfloat-abi=hard -mthumb -o "Core/Src/main.o"
arm-none-eabi-g++ -o "Asignment5.elf" @"objects.list"   -mcpu=cortex-m4 -T"C:\Users\coleb\Documents\GitHub\Embedded-System-Design\Assignments\Assignment5\Asignment5\STM32F446RETX_FLASH.ld" --specs=nosys.specs -Wl,-Map="Asignment5.map" -Wl,--gc-sections -static --specs=nano.specs -mfpu=fpv4-sp-d16 -mfloat-abi=hard -mthumb -Wl,--start-group -lc -lm -lstdc++ -lsupc++ -Wl,--end-group
Finished building target: Asignment5.elf
 
arm-none-eabi-size  Asignment5.elf 
arm-none-eabi-objdump -h -S Asignment5.elf  > "Asignment5.list"
   text	   data	    bss	    dec	    hex	filename
   4896	     88	   1904	   6888	   1ae8	Asignment5.elf
Finished building: default.size.stdout
 
Finished building: Asignment5.list
 
14:55:19 **** Incremental Build of configuration Debug for project Asignment5 ****
make -j16 all 
arm-none-eabi-gcc "../Core/Src/main.c" -mcpu=cortex-m4 -std=gnu11 -g3 -DDEBUG -DUSE_HAL_DRIVER -DSTM32F446xx -c -I../Core/Inc -I../Drivers/STM32F4xx_HAL_Driver/Inc -I../Drivers/STM32F4xx_HAL_Driver/Inc/Legacy -I../Drivers/CMSIS/Device/ST/STM32F4xx/Include -I../Drivers/CMSIS/Include -O0 -ffunction-sections -fdata-sections -Wall -fstack-usage -fcyclomatic-complexity -MMD -MP -MF"Core/Src/main.d" -MT"Core/Src/main.o" --specs=nano.specs -mfpu=fpv4-sp-d16 -mfloat-abi=hard -mthumb -o "Core/Src/main.o"
arm-none-eabi-g++ -o "Asignment5.elf" @"objects.list"   -mcpu=cortex-m4 -T"C:\Users\coleb\Documents\GitHub\Embedded-System-Design\Assignments\Assignment5\Asignment5\STM32F446RETX_FLASH.ld" --specs=nosys.specs -Wl,-Map="Asignment5.map" -Wl,--gc-sections -static --specs=nano.specs -mfpu=fpv4-sp-d16 -mfloat-abi=hard -mthumb -Wl,--start-group -lc -lm -lstdc++ -lsupc++ -Wl,--end-group
C:/ST/STM32CubeIDE_1.19.0/STM32CubeIDE/plugins/com.st.stm32cube.ide.mcu.externaltools.gnu-tools-for-stm32.13.3.rel1.win32_1.0.0.202411081344/tools/bin/../lib/gcc/arm-none-eabi/13.3.1/../../../../arm-none-eabi/bin/ld.exe: ./Core/Src/main.o: in function `main':
C:/Users/coleb/Documents/GitHub/Embedded-System-Design/Assignments/Assignment5/Asignment5/Debug/../Core/Src/main.c:62:(.text.main+0x8): undefined reference to `initPA5'
C:/ST/STM32CubeIDE_1.19.0/STM32CubeIDE/plugins/com.st.stm32cube.ide.mcu.externaltools.gnu-tools-for-stm32.13.3.rel1.win32_1.0.0.202411081344/tools/bin/../lib/gcc/arm-none-eabi/13.3.1/../../../../arm-none-eabi/bin/ld.exe: C:/Users/coleb/Documents/GitHub/Embedded-System-Design/Assignments/Assignment5/Asignment5/Debug/../Core/Src/main.c:68:(.text.main+0x10): undefined reference to `USART2_init'
collect2.exe: error: ld returned 1 exit status
make: *** [makefile:88: Asignment5.elf] Error 1
"make -j16 all" terminated with exit code 2. Build might be incomplete.
14:55:40 **** Incremental Build of configuration Debug for project Asignment5 ****
make -j16 all 
arm-none-eabi-g++ -o "Asignment5.elf" @"objects.list"   -mcpu=cortex-m4 -T"C:\Users\coleb\Documents\GitHub\Embedded-System-Design\Assignments\Assignment5\Asignment5\STM32F446RETX_FLASH.ld" --specs=nosys.specs -Wl,-Map="Asignment5.map" -Wl,--gc-sections -static --specs=nano.specs -mfpu=fpv4-sp-d16 -mfloat-abi=hard -mthumb -Wl,--start-group -lc -lm -lstdc++ -lsupc++ -Wl,--end-group
C:/ST/STM32CubeIDE_1.19.0/STM32CubeIDE/plugins/com.st.stm32cube.ide.mcu.externaltools.gnu-tools-for-stm32.13.3.rel1.win32_1.0.0.202411081344/tools/bin/../lib/gcc/arm-none-eabi/13.3.1/../../../../arm-none-eabi/bin/ld.exe: ./Core/Src/main.o: in function `main':
C:/Users/coleb/Documents/GitHub/Embedded-System-Design/Assignments/Assignment5/Asignment5/Debug/../Core/Src/main.c:62:(.text.main+0x8): undefined reference to `initPA5'
C:/ST/STM32CubeIDE_1.19.0/STM32CubeIDE/plugins/com.st.stm32cube.ide.mcu.externaltools.gnu-tools-for-stm32.13.3.rel1.win32_1.0.0.202411081344/tools/bin/../lib/gcc/arm-none-eabi/13.3.1/../../../../arm-none-eabi/bin/ld.exe: C:/Users/coleb/Documents/GitHub/Embedded-System-Design/Assignments/Assignment5/Asignment5/Debug/../Core/Src/main.c:68:(.text.main+0x10): undefined reference to `USART2_init'
collect2.exe: error: ld returned 1 exit status
make: *** [makefile:88: Asignment5.elf] Error 1
"make -j16 all" terminated with exit code 2. Build might be incomplete.
14:56:14 **** Incremental Build of configuration Debug for project Asignment5 ****
make -j16 all 
arm-none-eabi-gcc "../Core/Src/main.c" -mcpu=cortex-m4 -std=gnu11 -g3 -DDEBUG -DUSE_HAL_DRIVER -DSTM32F446xx -c -I../Core/Inc -I../Drivers/STM32F4xx_HAL_Driver/Inc -I../Drivers/STM32F4xx_HAL_Driver/Inc/Legacy -I../Drivers/CMSIS/Device/ST/STM32F4xx/Include -I../Drivers/CMSIS/Include -O0 -ffunction-sections -fdata-sections -Wall -fstack-usage -fcyclomatic-complexity -MMD -MP -MF"Core/Src/main.d" -MT"Core/Src/main.o" --specs=nano.specs -mfpu=fpv4-sp-d16 -mfloat-abi=hard -mthumb -o "Core/Src/main.o"
../Core/Src/main.c: In function 'main':
../Core/Src/main.c:54:9: warning: implicit declaration of function 'initPA5' [-Wimplicit-function-declaration]
   54 |         initPA5();
      |         ^~~~~~~
../Core/Src/main.c:60:9: warning: implicit declaration of function 'USART2_init' [-Wimplicit-function-declaration]
   60 |         USART2_init();
      |         ^~~~~~~~~~~
arm-none-eabi-g++ -o "Asignment5.elf" @"objects.list"   -mcpu=cortex-m4 -T"C:\Users\coleb\Documents\GitHub\Embedded-System-Design\Assignments\Assignment5\Asignment5\STM32F446RETX_FLASH.ld" --specs=nosys.specs -Wl,-Map="Asignment5.map" -Wl,--gc-sections -static --specs=nano.specs -mfpu=fpv4-sp-d16 -mfloat-abi=hard -mthumb -Wl,--start-group -lc -lm -lstdc++ -lsupc++ -Wl,--end-group
C:/ST/STM32CubeIDE_1.19.0/STM32CubeIDE/plugins/com.st.stm32cube.ide.mcu.externaltools.gnu-tools-for-stm32.13.3.rel1.win32_1.0.0.202411081344/tools/bin/../lib/gcc/arm-none-eabi/13.3.1/../../../../arm-none-eabi/bin/ld.exe: ./Core/Src/main.o: in function `main':
C:/Users/coleb/Documents/GitHub/Embedded-System-Design/Assignments/Assignment5/Asignment5/Debug/../Core/Src/main.c:54:(.text.main+0x8): undefined reference to `initPA5'
C:/ST/STM32CubeIDE_1.19.0/STM32CubeIDE/plugins/com.st.stm32cube.ide.mcu.externaltools.gnu-tools-for-stm32.13.3.rel1.win32_1.0.0.202411081344/tools/bin/../lib/gcc/arm-none-eabi/13.3.1/../../../../arm-none-eabi/bin/ld.exe: C:/Users/coleb/Documents/GitHub/Embedded-System-Design/Assignments/Assignment5/Asignment5/Debug/../Core/Src/main.c:60:(.text.main+0x10): undefined reference to `USART2_init'
collect2.exe: error: ld returned 1 exit status
make: *** [makefile:88: Asignment5.elf] Error 1
"make -j16 all" terminated with exit code 2. Build might be incomplete.
14:56:35 **** Incremental Build of configuration Debug for project Asignment5 ****
make -j16 all 
arm-none-eabi-gcc "../Core/Src/main.c" -mcpu=cortex-m4 -std=gnu11 -g3 -DDEBUG -DUSE_HAL_DRIVER -DSTM32F446xx -c -I../Core/Inc -I../Drivers/STM32F4xx_HAL_Driver/Inc -I../Drivers/STM32F4xx_HAL_Driver/Inc/Legacy -I../Drivers/CMSIS/Device/ST/STM32F4xx/Include -I../Drivers/CMSIS/Include -O0 -ffunction-sections -fdata-sections -Wall -fstack-usage -fcyclomatic-complexity -MMD -MP -MF"Core/Src/main.d" -MT"Core/Src/main.o" --specs=nano.specs -mfpu=fpv4-sp-d16 -mfloat-abi=hard -mthumb -o "Core/Src/main.o"
arm-none-eabi-g++ -o "Asignment5.elf" @"objects.list"   -mcpu=cortex-m4 -T"C:\Users\coleb\Documents\GitHub\Embedded-System-Design\Assignments\Assignment5\Asignment5\STM32F446RETX_FLASH.ld" --specs=nosys.specs -Wl,-Map="Asignment5.map" -Wl,--gc-sections -static --specs=nano.specs -mfpu=fpv4-sp-d16 -mfloat-abi=hard -mthumb -Wl,--start-group -lc -lm -lstdc++ -lsupc++ -Wl,--end-group
Finished building target: Asignment5.elf
 
arm-none-eabi-size  Asignment5.elf 
arm-none-eabi-objdump -h -S Asignment5.elf  > "Asignment5.list"
   text	   data	    bss	    dec	    hex	filename
   4596	     88	   1904	   6588	   19bc	Asignment5.elf
Finished building: default.size.stdout
 
Finished building: Asignment5.list
 
14:57:30 **** Incremental Build of configuration Debug for project Asignment5 ****
make -j16 all 
arm-none-eabi-gcc "../Core/Src/main.c" -mcpu=cortex-m4 -std=gnu11 -g3 -DDEBUG -DUSE_HAL_DRIVER -DSTM32F446xx -c -I../Core/Inc -I../Drivers/STM32F4xx_HAL_Driver/Inc -I../Drivers/STM32F4xx_HAL_Driver/Inc/Legacy -I../Drivers/CMSIS/Device/ST/STM32F4xx/Include -I../Drivers/CMSIS/Include -O0 -ffunction-sections -fdata-sections -Wall -fstack-usage -fcyclomatic-complexity -MMD -MP -MF"Core/Src/main.d" -MT"Core/Src/main.o" --specs=nano.specs -mfpu=fpv4-sp-d16 -mfloat-abi=hard -mthumb -o "Core/Src/main.o"
arm-none-eabi-g++ -o "Asignment5.elf" @"objects.list"   -mcpu=cortex-m4 -T"C:\Users\coleb\Documents\GitHub\Embedded-System-Design\Assignments\Assignment5\Asignment5\STM32F446RETX_FLASH.ld" --specs=nosys.specs -Wl,-Map="Asignment5.map" -Wl,--gc-sections -static --specs=nano.specs -mfpu=fpv4-sp-d16 -mfloat-abi=hard -mthumb -Wl,--start-group -lc -lm -lstdc++ -lsupc++ -Wl,--end-group
Finished building target: Asignment5.elf
 
arm-none-eabi-size  Asignment5.elf 
arm-none-eabi-objdump -h -S Asignment5.elf  > "Asignment5.list"
   text	   data	    bss	    dec	    hex	filename
   4592	     88	   1904	   6584	   19b8	Asignment5.elf
Finished building: default.size.stdout
 
Finished building: Asignment5.list
 
14:58:10 **** Incremental Build of configuration Debug for project Asignment5 ****
make -j16 all 
arm-none-eabi-gcc "../Core/Src/main.c" -mcpu=cortex-m4 -std=gnu11 -g3 -DDEBUG -DUSE_HAL_DRIVER -DSTM32F446xx -c -I../Core/Inc -I../Drivers/STM32F4xx_HAL_Driver/Inc -I../Drivers/STM32F4xx_HAL_Driver/Inc/Legacy -I../Drivers/CMSIS/Device/ST/STM32F4xx/Include -I../Drivers/CMSIS/Include -O0 -ffunction-sections -fdata-sections -Wall -fstack-usage -fcyclomatic-complexity -MMD -MP -MF"Core/Src/main.d" -MT"Core/Src/main.o" --specs=nano.specs -mfpu=fpv4-sp-d16 -mfloat-abi=hard -mthumb -o "Core/Src/main.o"
arm-none-eabi-g++ -o "Asignment5.elf" @"objects.list"   -mcpu=cortex-m4 -T"C:\Users\coleb\Documents\GitHub\Embedded-System-Design\Assignments\Assignment5\Asignment5\STM32F446RETX_FLASH.ld" --specs=nosys.specs -Wl,-Map="Asignment5.map" -Wl,--gc-sections -static --specs=nano.specs -mfpu=fpv4-sp-d16 -mfloat-abi=hard -mthumb -Wl,--start-group -lc -lm -lstdc++ -lsupc++ -Wl,--end-group
Finished building target: Asignment5.elf
 
arm-none-eabi-size  Asignment5.elf 
arm-none-eabi-objdump -h -S Asignment5.elf  > "Asignment5.list"
   text	   data	    bss	    dec	    hex	filename
   4596	     88	   1904	   6588	   19bc	Asignment5.elf
Finished building: default.size.stdout
 
Finished building: Asignment5.list
 
