20:20:38 **** Incremental Build of configuration Debug for project Embedded Assignment 6 ****
make -j16 all 
arm-none-eabi-size  Embedded\ Assignment\ 6.elf 
   text	   data	    bss	    dec	    hex	filename
   1060	      4	   1572	   2636	    a4c	Embedded Assignment 6.elf
Finished building: default.size.stdout
 
20:20:57 **** Incremental Build of configuration Debug for project Embedded Assignment 6 ****
make -j16 all 
arm-none-eabi-size  Embedded\ Assignment\ 6.elf 
   text	   data	    bss	    dec	    hex	filename
   1060	      4	   1572	   2636	    a4c	Embedded Assignment 6.elf
Finished building: default.size.stdout
 
20:21:21 **** Incremental Build of configuration Debug for project Embedded Assignment 6 ****
make -j16 all 
arm-none-eabi-gcc "../Core/Src/main.c" -mcpu=cortex-m4 -std=gnu11 -g3 -DDEBUG -DUSE_HAL_DRIVER -DSTM32F446xx -c -I../Core/Inc -I../Drivers/STM32F4xx_HAL_Driver/Inc -I../Drivers/STM32F4xx_HAL_Driver/Inc/Legacy -I../Drivers/CMSIS/Device/ST/STM32F4xx/Include -I../Drivers/CMSIS/Include -O0 -ffunction-sections -fdata-sections -Wall -fstack-usage -fcyclomatic-complexity -MMD -MP -MF"Core/Src/main.d" -MT"Core/Src/main.o" --specs=nano.specs -mfpu=fpv4-sp-d16 -mfloat-abi=hard -mthumb -o "Core/Src/main.o"
arm-none-eabi-g++ -o "Embedded Assignment 6.elf" @"objects.list"   -mcpu=cortex-m4 -T"C:\Users\coleb\Documents\GitHub\Embedded-System-Design\Assignments\Assignment5\Embedded Assignment 6\STM32F446RETX_FLASH.ld" --specs=nosys.specs -Wl,-Map="Embedded Assignment 6.map" -Wl,--gc-sections -static --specs=nano.specs -mfpu=fpv4-sp-d16 -mfloat-abi=hard -mthumb -Wl,--start-group -lc -lm -lstdc++ -lsupc++ -Wl,--end-group
Finished building target: Embedded Assignment 6.elf
 
arm-none-eabi-size  Embedded\ Assignment\ 6.elf 
arm-none-eabi-objdump -h -S Embedded\ Assignment\ 6.elf  > "Embedded Assignment 6.list"
   text	   data	    bss	    dec	    hex	filename
   1072	      4	   1572	   2648	    a58	Embedded Assignment 6.elf
Finished building: default.size.stdout
 
Finished building: Embedded Assignment 6.list
 
20:23:57 **** Incremental Build of configuration Debug for project Embedded Assignment 6 ****
make -j16 all 
arm-none-eabi-gcc "../Core/Src/main.c" -mcpu=cortex-m4 -std=gnu11 -g3 -DDEBUG -DUSE_HAL_DRIVER -DSTM32F446xx -c -I../Core/Inc -I../Drivers/STM32F4xx_HAL_Driver/Inc -I../Drivers/STM32F4xx_HAL_Driver/Inc/Legacy -I../Drivers/CMSIS/Device/ST/STM32F4xx/Include -I../Drivers/CMSIS/Include -O0 -ffunction-sections -fdata-sections -Wall -fstack-usage -fcyclomatic-complexity -MMD -MP -MF"Core/Src/main.d" -MT"Core/Src/main.o" --specs=nano.specs -mfpu=fpv4-sp-d16 -mfloat-abi=hard -mthumb -o "Core/Src/main.o"
arm-none-eabi-g++ -o "Embedded Assignment 6.elf" @"objects.list"   -mcpu=cortex-m4 -T"C:\Users\coleb\Documents\GitHub\Embedded-System-Design\Assignments\Assignment5\Embedded Assignment 6\STM32F446RETX_FLASH.ld" --specs=nosys.specs -Wl,-Map="Embedded Assignment 6.map" -Wl,--gc-sections -static --specs=nano.specs -mfpu=fpv4-sp-d16 -mfloat-abi=hard -mthumb -Wl,--start-group -lc -lm -lstdc++ -lsupc++ -Wl,--end-group
Finished building target: Embedded Assignment 6.elf
 
arm-none-eabi-size  Embedded\ Assignment\ 6.elf 
arm-none-eabi-objdump -h -S Embedded\ Assignment\ 6.elf  > "Embedded Assignment 6.list"
   text	   data	    bss	    dec	    hex	filename
   1084	      4	   1572	   2660	    a64	Embedded Assignment 6.elf
Finished building: default.size.stdout
 
Finished building: Embedded Assignment 6.list
 
20:25:00 **** Incremental Build of configuration Debug for project Embedded Assignment 6 ****
make -j16 all 
arm-none-eabi-gcc "../Core/Src/main.c" -mcpu=cortex-m4 -std=gnu11 -g3 -DDEBUG -DUSE_HAL_DRIVER -DSTM32F446xx -c -I../Core/Inc -I../Drivers/STM32F4xx_HAL_Driver/Inc -I../Drivers/STM32F4xx_HAL_Driver/Inc/Legacy -I../Drivers/CMSIS/Device/ST/STM32F4xx/Include -I../Drivers/CMSIS/Include -O0 -ffunction-sections -fdata-sections -Wall -fstack-usage -fcyclomatic-complexity -MMD -MP -MF"Core/Src/main.d" -MT"Core/Src/main.o" --specs=nano.specs -mfpu=fpv4-sp-d16 -mfloat-abi=hard -mthumb -o "Core/Src/main.o"
arm-none-eabi-g++ -o "Embedded Assignment 6.elf" @"objects.list"   -mcpu=cortex-m4 -T"C:\Users\coleb\Documents\GitHub\Embedded-System-Design\Assignments\Assignment5\Embedded Assignment 6\STM32F446RETX_FLASH.ld" --specs=nosys.specs -Wl,-Map="Embedded Assignment 6.map" -Wl,--gc-sections -static --specs=nano.specs -mfpu=fpv4-sp-d16 -mfloat-abi=hard -mthumb -Wl,--start-group -lc -lm -lstdc++ -lsupc++ -Wl,--end-group
Finished building target: Embedded Assignment 6.elf
 
arm-none-eabi-size  Embedded\ Assignment\ 6.elf 
arm-none-eabi-objdump -h -S Embedded\ Assignment\ 6.elf  > "Embedded Assignment 6.list"
   text	   data	    bss	    dec	    hex	filename
   1164	      8	   1568	   2740	    ab4	Embedded Assignment 6.elf
Finished building: default.size.stdout
 
Finished building: Embedded Assignment 6.list
 
20:26:06 **** Incremental Build of configuration Debug for project Embedded Assignment 6 ****
make -j16 all 
arm-none-eabi-gcc "../Core/Src/main.c" -mcpu=cortex-m4 -std=gnu11 -g3 -DDEBUG -DUSE_HAL_DRIVER -DSTM32F446xx -c -I../Core/Inc -I../Drivers/STM32F4xx_HAL_Driver/Inc -I../Drivers/STM32F4xx_HAL_Driver/Inc/Legacy -I../Drivers/CMSIS/Device/ST/STM32F4xx/Include -I../Drivers/CMSIS/Include -O0 -ffunction-sections -fdata-sections -Wall -fstack-usage -fcyclomatic-complexity -MMD -MP -MF"Core/Src/main.d" -MT"Core/Src/main.o" --specs=nano.specs -mfpu=fpv4-sp-d16 -mfloat-abi=hard -mthumb -o "Core/Src/main.o"
arm-none-eabi-g++ -o "Embedded Assignment 6.elf" @"objects.list"   -mcpu=cortex-m4 -T"C:\Users\coleb\Documents\GitHub\Embedded-System-Design\Assignments\Assignment5\Embedded Assignment 6\STM32F446RETX_FLASH.ld" --specs=nosys.specs -Wl,-Map="Embedded Assignment 6.map" -Wl,--gc-sections -static --specs=nano.specs -mfpu=fpv4-sp-d16 -mfloat-abi=hard -mthumb -Wl,--start-group -lc -lm -lstdc++ -lsupc++ -Wl,--end-group
Finished building target: Embedded Assignment 6.elf
 
arm-none-eabi-size  Embedded\ Assignment\ 6.elf 
arm-none-eabi-objdump -h -S Embedded\ Assignment\ 6.elf  > "Embedded Assignment 6.list"
   text	   data	    bss	    dec	    hex	filename
   1160	      8	   1568	   2736	    ab0	Embedded Assignment 6.elf
Finished building: default.size.stdout
 
Finished building: Embedded Assignment 6.list
 
21:06:22 **** Incremental Build of configuration Debug for project Embedded Assignment 6 ****
make -j16 all 
arm-none-eabi-gcc "../Core/Src/main.c" -mcpu=cortex-m4 -std=gnu11 -g3 -DDEBUG -DUSE_HAL_DRIVER -DSTM32F446xx -c -I../Core/Inc -I../Drivers/STM32F4xx_HAL_Driver/Inc -I../Drivers/STM32F4xx_HAL_Driver/Inc/Legacy -I../Drivers/CMSIS/Device/ST/STM32F4xx/Include -I../Drivers/CMSIS/Include -O0 -ffunction-sections -fdata-sections -Wall -fstack-usage -fcyclomatic-complexity -MMD -MP -MF"Core/Src/main.d" -MT"Core/Src/main.o" --specs=nano.specs -mfpu=fpv4-sp-d16 -mfloat-abi=hard -mthumb -o "Core/Src/main.o"
arm-none-eabi-g++ -o "Embedded Assignment 6.elf" @"objects.list"   -mcpu=cortex-m4 -T"C:\Users\coleb\Documents\GitHub\Embedded-System-Design\Assignments\Assignment5\Embedded Assignment 6\STM32F446RETX_FLASH.ld" --specs=nosys.specs -Wl,-Map="Embedded Assignment 6.map" -Wl,--gc-sections -static --specs=nano.specs -mfpu=fpv4-sp-d16 -mfloat-abi=hard -mthumb -Wl,--start-group -lc -lm -lstdc++ -lsupc++ -Wl,--end-group
Finished building target: Embedded Assignment 6.elf
 
arm-none-eabi-size  Embedded\ Assignment\ 6.elf 
arm-none-eabi-objdump -h -S Embedded\ Assignment\ 6.elf  > "Embedded Assignment 6.list"
   text	   data	    bss	    dec	    hex	filename
   1280	      8	   1568	   2856	    b28	Embedded Assignment 6.elf
Finished building: default.size.stdout
 
Finished building: Embedded Assignment 6.list
 
21:13:51 **** Incremental Build of configuration Debug for project Embedded Assignment 6 ****
make -j16 all 
arm-none-eabi-gcc "../Core/Src/main.c" -mcpu=cortex-m4 -std=gnu11 -g3 -DDEBUG -DUSE_HAL_DRIVER -DSTM32F446xx -c -I../Core/Inc -I../Drivers/STM32F4xx_HAL_Driver/Inc -I../Drivers/STM32F4xx_HAL_Driver/Inc/Legacy -I../Drivers/CMSIS/Device/ST/STM32F4xx/Include -I../Drivers/CMSIS/Include -O0 -ffunction-sections -fdata-sections -Wall -fstack-usage -fcyclomatic-complexity -MMD -MP -MF"Core/Src/main.d" -MT"Core/Src/main.o" --specs=nano.specs -mfpu=fpv4-sp-d16 -mfloat-abi=hard -mthumb -o "Core/Src/main.o"
arm-none-eabi-g++ -o "Embedded Assignment 6.elf" @"objects.list"   -mcpu=cortex-m4 -T"C:\Users\coleb\Documents\GitHub\Embedded-System-Design\Assignments\Assignment5\Embedded Assignment 6\STM32F446RETX_FLASH.ld" --specs=nosys.specs -Wl,-Map="Embedded Assignment 6.map" -Wl,--gc-sections -static --specs=nano.specs -mfpu=fpv4-sp-d16 -mfloat-abi=hard -mthumb -Wl,--start-group -lc -lm -lstdc++ -lsupc++ -Wl,--end-group
Finished building target: Embedded Assignment 6.elf
 
arm-none-eabi-size  Embedded\ Assignment\ 6.elf 
arm-none-eabi-objdump -h -S Embedded\ Assignment\ 6.elf  > "Embedded Assignment 6.list"
   text	   data	    bss	    dec	    hex	filename
   1280	      8	   1568	   2856	    b28	Embedded Assignment 6.elf
Finished building: default.size.stdout
 
Finished building: Embedded Assignment 6.list
 
21:13:55 **** Incremental Build of configuration Debug for project Embedded Assignment 6 ****
make -j16 all 
arm-none-eabi-size  Embedded\ Assignment\ 6.elf 
   text	   data	    bss	    dec	    hex	filename
   1280	      8	   1568	   2856	    b28	Embedded Assignment 6.elf
Finished building: default.size.stdout
 
21:15:08 **** Incremental Build of configuration Debug for project Embedded Assignment 6 ****
make -j16 all 
arm-none-eabi-gcc "../Core/Src/main.c" -mcpu=cortex-m4 -std=gnu11 -g3 -DDEBUG -DUSE_HAL_DRIVER -DSTM32F446xx -c -I../Core/Inc -I../Drivers/STM32F4xx_HAL_Driver/Inc -I../Drivers/STM32F4xx_HAL_Driver/Inc/Legacy -I../Drivers/CMSIS/Device/ST/STM32F4xx/Include -I../Drivers/CMSIS/Include -O0 -ffunction-sections -fdata-sections -Wall -fstack-usage -fcyclomatic-complexity -MMD -MP -MF"Core/Src/main.d" -MT"Core/Src/main.o" --specs=nano.specs -mfpu=fpv4-sp-d16 -mfloat-abi=hard -mthumb -o "Core/Src/main.o"
arm-none-eabi-g++ -o "Embedded Assignment 6.elf" @"objects.list"   -mcpu=cortex-m4 -T"C:\Users\coleb\Documents\GitHub\Embedded-System-Design\Assignments\Assignment5\Embedded Assignment 6\STM32F446RETX_FLASH.ld" --specs=nosys.specs -Wl,-Map="Embedded Assignment 6.map" -Wl,--gc-sections -static --specs=nano.specs -mfpu=fpv4-sp-d16 -mfloat-abi=hard -mthumb -Wl,--start-group -lc -lm -lstdc++ -lsupc++ -Wl,--end-group
Finished building target: Embedded Assignment 6.elf
 
arm-none-eabi-size  Embedded\ Assignment\ 6.elf 
arm-none-eabi-objdump -h -S Embedded\ Assignment\ 6.elf  > "Embedded Assignment 6.list"
   text	   data	    bss	    dec	    hex	filename
   1324	      8	   1568	   2900	    b54	Embedded Assignment 6.elf
Finished building: default.size.stdout
 
Finished building: Embedded Assignment 6.list
 
21:17:13 **** Incremental Build of configuration Debug for project Embedded Assignment 6 ****
make -j16 all 
arm-none-eabi-gcc "../Core/Src/main.c" -mcpu=cortex-m4 -std=gnu11 -g3 -DDEBUG -DUSE_HAL_DRIVER -DSTM32F446xx -c -I../Core/Inc -I../Drivers/STM32F4xx_HAL_Driver/Inc -I../Drivers/STM32F4xx_HAL_Driver/Inc/Legacy -I../Drivers/CMSIS/Device/ST/STM32F4xx/Include -I../Drivers/CMSIS/Include -O0 -ffunction-sections -fdata-sections -Wall -fstack-usage -fcyclomatic-complexity -MMD -MP -MF"Core/Src/main.d" -MT"Core/Src/main.o" --specs=nano.specs -mfpu=fpv4-sp-d16 -mfloat-abi=hard -mthumb -o "Core/Src/main.o"
arm-none-eabi-g++ -o "Embedded Assignment 6.elf" @"objects.list"   -mcpu=cortex-m4 -T"C:\Users\coleb\Documents\GitHub\Embedded-System-Design\Assignments\Assignment5\Embedded Assignment 6\STM32F446RETX_FLASH.ld" --specs=nosys.specs -Wl,-Map="Embedded Assignment 6.map" -Wl,--gc-sections -static --specs=nano.specs -mfpu=fpv4-sp-d16 -mfloat-abi=hard -mthumb -Wl,--start-group -lc -lm -lstdc++ -lsupc++ -Wl,--end-group
Finished building target: Embedded Assignment 6.elf
 
arm-none-eabi-size  Embedded\ Assignment\ 6.elf 
arm-none-eabi-objdump -h -S Embedded\ Assignment\ 6.elf  > "Embedded Assignment 6.list"
   text	   data	    bss	    dec	    hex	filename
   1376	      8	   1568	   2952	    b88	Embedded Assignment 6.elf
Finished building: default.size.stdout
 
Finished building: Embedded Assignment 6.list
 
21:19:39 **** Incremental Build of configuration Debug for project Embedded Assignment 6 ****
make -j16 all 
arm-none-eabi-gcc "../Core/Src/main.c" -mcpu=cortex-m4 -std=gnu11 -g3 -DDEBUG -DUSE_HAL_DRIVER -DSTM32F446xx -c -I../Core/Inc -I../Drivers/STM32F4xx_HAL_Driver/Inc -I../Drivers/STM32F4xx_HAL_Driver/Inc/Legacy -I../Drivers/CMSIS/Device/ST/STM32F4xx/Include -I../Drivers/CMSIS/Include -O0 -ffunction-sections -fdata-sections -Wall -fstack-usage -fcyclomatic-complexity -MMD -MP -MF"Core/Src/main.d" -MT"Core/Src/main.o" --specs=nano.specs -mfpu=fpv4-sp-d16 -mfloat-abi=hard -mthumb -o "Core/Src/main.o"
arm-none-eabi-g++ -o "Embedded Assignment 6.elf" @"objects.list"   -mcpu=cortex-m4 -T"C:\Users\coleb\Documents\GitHub\Embedded-System-Design\Assignments\Assignment5\Embedded Assignment 6\STM32F446RETX_FLASH.ld" --specs=nosys.specs -Wl,-Map="Embedded Assignment 6.map" -Wl,--gc-sections -static --specs=nano.specs -mfpu=fpv4-sp-d16 -mfloat-abi=hard -mthumb -Wl,--start-group -lc -lm -lstdc++ -lsupc++ -Wl,--end-group
Finished building target: Embedded Assignment 6.elf
 
arm-none-eabi-size  Embedded\ Assignment\ 6.elf 
arm-none-eabi-objdump -h -S Embedded\ Assignment\ 6.elf  > "Embedded Assignment 6.list"
   text	   data	    bss	    dec	    hex	filename
   1376	      8	   1568	   2952	    b88	Embedded Assignment 6.elf
Finished building: default.size.stdout
 
Finished building: Embedded Assignment 6.list
 
21:20:47 **** Incremental Build of configuration Debug for project Embedded Assignment 6 ****
make -j16 all 
arm-none-eabi-gcc "../Core/Src/main.c" -mcpu=cortex-m4 -std=gnu11 -g3 -DDEBUG -DUSE_HAL_DRIVER -DSTM32F446xx -c -I../Core/Inc -I../Drivers/STM32F4xx_HAL_Driver/Inc -I../Drivers/STM32F4xx_HAL_Driver/Inc/Legacy -I../Drivers/CMSIS/Device/ST/STM32F4xx/Include -I../Drivers/CMSIS/Include -O0 -ffunction-sections -fdata-sections -Wall -fstack-usage -fcyclomatic-complexity -MMD -MP -MF"Core/Src/main.d" -MT"Core/Src/main.o" --specs=nano.specs -mfpu=fpv4-sp-d16 -mfloat-abi=hard -mthumb -o "Core/Src/main.o"
arm-none-eabi-g++ -o "Embedded Assignment 6.elf" @"objects.list"   -mcpu=cortex-m4 -T"C:\Users\coleb\Documents\GitHub\Embedded-System-Design\Assignments\Assignment5\Embedded Assignment 6\STM32F446RETX_FLASH.ld" --specs=nosys.specs -Wl,-Map="Embedded Assignment 6.map" -Wl,--gc-sections -static --specs=nano.specs -mfpu=fpv4-sp-d16 -mfloat-abi=hard -mthumb -Wl,--start-group -lc -lm -lstdc++ -lsupc++ -Wl,--end-group
Finished building target: Embedded Assignment 6.elf
 
arm-none-eabi-size  Embedded\ Assignment\ 6.elf 
arm-none-eabi-objdump -h -S Embedded\ Assignment\ 6.elf  > "Embedded Assignment 6.list"
   text	   data	    bss	    dec	    hex	filename
   1380	      8	   1568	   2956	    b8c	Embedded Assignment 6.elf
Finished building: default.size.stdout
 
Finished building: Embedded Assignment 6.list
 
21:21:33 **** Incremental Build of configuration Debug for project Embedded Assignment 6 ****
make -j16 all 
arm-none-eabi-gcc "../Core/Src/main.c" -mcpu=cortex-m4 -std=gnu11 -g3 -DDEBUG -DUSE_HAL_DRIVER -DSTM32F446xx -c -I../Core/Inc -I../Drivers/STM32F4xx_HAL_Driver/Inc -I../Drivers/STM32F4xx_HAL_Driver/Inc/Legacy -I../Drivers/CMSIS/Device/ST/STM32F4xx/Include -I../Drivers/CMSIS/Include -O0 -ffunction-sections -fdata-sections -Wall -fstack-usage -fcyclomatic-complexity -MMD -MP -MF"Core/Src/main.d" -MT"Core/Src/main.o" --specs=nano.specs -mfpu=fpv4-sp-d16 -mfloat-abi=hard -mthumb -o "Core/Src/main.o"
arm-none-eabi-g++ -o "Embedded Assignment 6.elf" @"objects.list"   -mcpu=cortex-m4 -T"C:\Users\coleb\Documents\GitHub\Embedded-System-Design\Assignments\Assignment5\Embedded Assignment 6\STM32F446RETX_FLASH.ld" --specs=nosys.specs -Wl,-Map="Embedded Assignment 6.map" -Wl,--gc-sections -static --specs=nano.specs -mfpu=fpv4-sp-d16 -mfloat-abi=hard -mthumb -Wl,--start-group -lc -lm -lstdc++ -lsupc++ -Wl,--end-group
Finished building target: Embedded Assignment 6.elf
 
arm-none-eabi-size  Embedded\ Assignment\ 6.elf 
arm-none-eabi-objdump -h -S Embedded\ Assignment\ 6.elf  > "Embedded Assignment 6.list"
   text	   data	    bss	    dec	    hex	filename
   1380	      8	   1568	   2956	    b8c	Embedded Assignment 6.elf
Finished building: default.size.stdout
 
Finished building: Embedded Assignment 6.list
 
12:26:42 **** Incremental Build of configuration Debug for project Embedded Assignment 6 ****
make -j16 all 
arm-none-eabi-gcc "../Core/Src/main.c" -mcpu=cortex-m4 -std=gnu11 -g3 -DDEBUG -DUSE_HAL_DRIVER -DSTM32F446xx -c -I../Core/Inc -I../Drivers/STM32F4xx_HAL_Driver/Inc -I../Drivers/STM32F4xx_HAL_Driver/Inc/Legacy -I../Drivers/CMSIS/Device/ST/STM32F4xx/Include -I../Drivers/CMSIS/Include -O0 -ffunction-sections -fdata-sections -Wall -fstack-usage -fcyclomatic-complexity -MMD -MP -MF"Core/Src/main.d" -MT"Core/Src/main.o" --specs=nano.specs -mfpu=fpv4-sp-d16 -mfloat-abi=hard -mthumb -o "Core/Src/main.o"
arm-none-eabi-g++ -o "Embedded Assignment 6.elf" @"objects.list"   -mcpu=cortex-m4 -T"C:\Users\coleb\Documents\GitHub\Embedded-System-Design\Assignments\Assignment5\Embedded Assignment 6\STM32F446RETX_FLASH.ld" --specs=nosys.specs -Wl,-Map="Embedded Assignment 6.map" -Wl,--gc-sections -static --specs=nano.specs -mfpu=fpv4-sp-d16 -mfloat-abi=hard -mthumb -Wl,--start-group -lc -lm -lstdc++ -lsupc++ -Wl,--end-group
Finished building target: Embedded Assignment 6.elf
 
arm-none-eabi-size  Embedded\ Assignment\ 6.elf 
arm-none-eabi-objdump -h -S Embedded\ Assignment\ 6.elf  > "Embedded Assignment 6.list"
   text	   data	    bss	    dec	    hex	filename
   1580	      8	   1568	   3156	    c54	Embedded Assignment 6.elf
Finished building: default.size.stdout
 
Finished building: Embedded Assignment 6.list
 
