../Core/Src/main.c:74:5:main	8	static
../Core/Src/main.c:117:6:GreetUser	64	static
../Core/Src/main.c:145:6:USART2_init	4	static
../Core/Src/main.c:181:6:USART2_write_string	16	static
../Core/Src/main.c:194:6:USART2_read_char	16	static
../Core/Src/main.c:206:6:USART2_read_string	24	static
../Core/Src/main.c:231:6:SystemClock_Config	88	static
../Core/Src/main.c:279:13:MX_USART2_UART_Init	8	static
../Core/Src/main.c:312:13:MX_GPIO_Init	48	static
../Core/Src/main.c:354:6:Error_Handler	4	static,ignoring_inline_asm
