17:13:07 **** Build of configuration Debug for project Embedded_Assignment_4 ****
make -j16 all 
arm-none-eabi-gcc "../Drivers/STM32F4xx_HAL_Driver/Src/stm32f4xx_hal.c" -mcpu=cortex-m4 -std=gnu11 -g3 -DDEBUG -DUSE_HAL_DRIVER -DSTM32F446xx -c -I../Core/Inc -I../Drivers/STM32F4xx_HAL_Driver/Inc -I../Drivers/STM32F4xx_HAL_Driver/Inc/Legacy -I../Drivers/CMSIS/Device/ST/STM32F4xx/Include -I../Drivers/CMSIS/Include -O0 -ffunction-sections -fdata-sections -Wall -fstack-usage -fcyclomatic-complexity -MMD -MP -MF"Drivers/STM32F4xx_HAL_Driver/Src/stm32f4xx_hal.d" -MT"Drivers/STM32F4xx_HAL_Driver/Src/stm32f4xx_hal.o" --specs=nano.specs -mfpu=fpv4-sp-d16 -mfloat-abi=hard -mthumb -o "Drivers/STM32F4xx_HAL_Driver/Src/stm32f4xx_hal.o"
arm-none-eabi-gcc "../Drivers/STM32F4xx_HAL_Driver/Src/stm32f4xx_hal_cortex.c" -mcpu=cortex-m4 -std=gnu11 -g3 -DDEBUG -DUSE_HAL_DRIVER -DSTM32F446xx -c -I../Core/Inc -I../Drivers/STM32F4xx_HAL_Driver/Inc -I../Drivers/STM32F4xx_HAL_Driver/Inc/Legacy -I../Drivers/CMSIS/Device/ST/STM32F4xx/Include -I../Drivers/CMSIS/Include -O0 -ffunction-sections -fdata-sections -Wall -fstack-usage -fcyclomatic-complexity -MMD -MP -MF"Drivers/STM32F4xx_HAL_Driver/Src/stm32f4xx_hal_cortex.d" -MT"Drivers/STM32F4xx_HAL_Driver/Src/stm32f4xx_hal_cortex.o" --specs=nano.specs -mfpu=fpv4-sp-d16 -mfloat-abi=hard -mthumb -o "Drivers/STM32F4xx_HAL_Driver/Src/stm32f4xx_hal_cortex.o"
arm-none-eabi-gcc "../Drivers/STM32F4xx_HAL_Driver/Src/stm32f4xx_hal_dma.c" -mcpu=cortex-m4 -std=gnu11 -g3 -DDEBUG -DUSE_HAL_DRIVER -DSTM32F446xx -c -I../Core/Inc -I../Drivers/STM32F4xx_HAL_Driver/Inc -I../Drivers/STM32F4xx_HAL_Driver/Inc/Legacy -I../Drivers/CMSIS/Device/ST/STM32F4xx/Include -I../Drivers/CMSIS/Include -O0 -ffunction-sections -fdata-sections -Wall -fstack-usage -fcyclomatic-complexity -MMD -MP -MF"Drivers/STM32F4xx_HAL_Driver/Src/stm32f4xx_hal_dma.d" -MT"Drivers/STM32F4xx_HAL_Driver/Src/stm32f4xx_hal_dma.o" --specs=nano.specs -mfpu=fpv4-sp-d16 -mfloat-abi=hard -mthumb -o "Drivers/STM32F4xx_HAL_Driver/Src/stm32f4xx_hal_dma.o"
arm-none-eabi-gcc "../Drivers/STM32F4xx_HAL_Driver/Src/stm32f4xx_hal_dma_ex.c" -mcpu=cortex-m4 -std=gnu11 -g3 -DDEBUG -DUSE_HAL_DRIVER -DSTM32F446xx -c -I../Core/Inc -I../Drivers/STM32F4xx_HAL_Driver/Inc -I../Drivers/STM32F4xx_HAL_Driver/Inc/Legacy -I../Drivers/CMSIS/Device/ST/STM32F4xx/Include -I../Drivers/CMSIS/Include -O0 -ffunction-sections -fdata-sections -Wall -fstack-usage -fcyclomatic-complexity -MMD -MP -MF"Drivers/STM32F4xx_HAL_Driver/Src/stm32f4xx_hal_dma_ex.d" -MT"Drivers/STM32F4xx_HAL_Driver/Src/stm32f4xx_hal_dma_ex.o" --specs=nano.specs -mfpu=fpv4-sp-d16 -mfloat-abi=hard -mthumb -o "Drivers/STM32F4xx_HAL_Driver/Src/stm32f4xx_hal_dma_ex.o"
arm-none-eabi-gcc "../Drivers/STM32F4xx_HAL_Driver/Src/stm32f4xx_hal_exti.c" -mcpu=cortex-m4 -std=gnu11 -g3 -DDEBUG -DUSE_HAL_DRIVER -DSTM32F446xx -c -I../Core/Inc -I../Drivers/STM32F4xx_HAL_Driver/Inc -I../Drivers/STM32F4xx_HAL_Driver/Inc/Legacy -I../Drivers/CMSIS/Device/ST/STM32F4xx/Include -I../Drivers/CMSIS/Include -O0 -ffunction-sections -fdata-sections -Wall -fstack-usage -fcyclomatic-complexity -MMD -MP -MF"Drivers/STM32F4xx_HAL_Driver/Src/stm32f4xx_hal_exti.d" -MT"Drivers/STM32F4xx_HAL_Driver/Src/stm32f4xx_hal_exti.o" --specs=nano.specs -mfpu=fpv4-sp-d16 -mfloat-abi=hard -mthumb -o "Drivers/STM32F4xx_HAL_Driver/Src/stm32f4xx_hal_exti.o"
arm-none-eabi-gcc "../Drivers/STM32F4xx_HAL_Driver/Src/stm32f4xx_hal_flash.c" -mcpu=cortex-m4 -std=gnu11 -g3 -DDEBUG -DUSE_HAL_DRIVER -DSTM32F446xx -c -I../Core/Inc -I../Drivers/STM32F4xx_HAL_Driver/Inc -I../Drivers/STM32F4xx_HAL_Driver/Inc/Legacy -I../Drivers/CMSIS/Device/ST/STM32F4xx/Include -I../Drivers/CMSIS/Include -O0 -ffunction-sections -fdata-sections -Wall -fstack-usage -fcyclomatic-complexity -MMD -MP -MF"Drivers/STM32F4xx_HAL_Driver/Src/stm32f4xx_hal_flash.d" -MT"Drivers/STM32F4xx_HAL_Driver/Src/stm32f4xx_hal_flash.o" --specs=nano.specs -mfpu=fpv4-sp-d16 -mfloat-abi=hard -mthumb -o "Drivers/STM32F4xx_HAL_Driver/Src/stm32f4xx_hal_flash.o"
arm-none-eabi-gcc "../Drivers/STM32F4xx_HAL_Driver/Src/stm32f4xx_hal_flash_ex.c" -mcpu=cortex-m4 -std=gnu11 -g3 -DDEBUG -DUSE_HAL_DRIVER -DSTM32F446xx -c -I../Core/Inc -I../Drivers/STM32F4xx_HAL_Driver/Inc -I../Drivers/STM32F4xx_HAL_Driver/Inc/Legacy -I../Drivers/CMSIS/Device/ST/STM32F4xx/Include -I../Drivers/CMSIS/Include -O0 -ffunction-sections -fdata-sections -Wall -fstack-usage -fcyclomatic-complexity -MMD -MP -MF"Drivers/STM32F4xx_HAL_Driver/Src/stm32f4xx_hal_flash_ex.d" -MT"Drivers/STM32F4xx_HAL_Driver/Src/stm32f4xx_hal_flash_ex.o" --specs=nano.specs -mfpu=fpv4-sp-d16 -mfloat-abi=hard -mthumb -o "Drivers/STM32F4xx_HAL_Driver/Src/stm32f4xx_hal_flash_ex.o"
arm-none-eabi-gcc "../Drivers/STM32F4xx_HAL_Driver/Src/stm32f4xx_hal_flash_ramfunc.c" -mcpu=cortex-m4 -std=gnu11 -g3 -DDEBUG -DUSE_HAL_DRIVER -DSTM32F446xx -c -I../Core/Inc -I../Drivers/STM32F4xx_HAL_Driver/Inc -I../Drivers/STM32F4xx_HAL_Driver/Inc/Legacy -I../Drivers/CMSIS/Device/ST/STM32F4xx/Include -I../Drivers/CMSIS/Include -O0 -ffunction-sections -fdata-sections -Wall -fstack-usage -fcyclomatic-complexity -MMD -MP -MF"Drivers/STM32F4xx_HAL_Driver/Src/stm32f4xx_hal_flash_ramfunc.d" -MT"Drivers/STM32F4xx_HAL_Driver/Src/stm32f4xx_hal_flash_ramfunc.o" --specs=nano.specs -mfpu=fpv4-sp-d16 -mfloat-abi=hard -mthumb -o "Drivers/STM32F4xx_HAL_Driver/Src/stm32f4xx_hal_flash_ramfunc.o"
arm-none-eabi-gcc "../Drivers/STM32F4xx_HAL_Driver/Src/stm32f4xx_hal_gpio.c" -mcpu=cortex-m4 -std=gnu11 -g3 -DDEBUG -DUSE_HAL_DRIVER -DSTM32F446xx -c -I../Core/Inc -I../Drivers/STM32F4xx_HAL_Driver/Inc -I../Drivers/STM32F4xx_HAL_Driver/Inc/Legacy -I../Drivers/CMSIS/Device/ST/STM32F4xx/Include -I../Drivers/CMSIS/Include -O0 -ffunction-sections -fdata-sections -Wall -fstack-usage -fcyclomatic-complexity -MMD -MP -MF"Drivers/STM32F4xx_HAL_Driver/Src/stm32f4xx_hal_gpio.d" -MT"Drivers/STM32F4xx_HAL_Driver/Src/stm32f4xx_hal_gpio.o" --specs=nano.specs -mfpu=fpv4-sp-d16 -mfloat-abi=hard -mthumb -o "Drivers/STM32F4xx_HAL_Driver/Src/stm32f4xx_hal_gpio.o"
arm-none-eabi-gcc "../Drivers/STM32F4xx_HAL_Driver/Src/stm32f4xx_hal_pwr.c" -mcpu=cortex-m4 -std=gnu11 -g3 -DDEBUG -DUSE_HAL_DRIVER -DSTM32F446xx -c -I../Core/Inc -I../Drivers/STM32F4xx_HAL_Driver/Inc -I../Drivers/STM32F4xx_HAL_Driver/Inc/Legacy -I../Drivers/CMSIS/Device/ST/STM32F4xx/Include -I../Drivers/CMSIS/Include -O0 -ffunction-sections -fdata-sections -Wall -fstack-usage -fcyclomatic-complexity -MMD -MP -MF"Drivers/STM32F4xx_HAL_Driver/Src/stm32f4xx_hal_pwr.d" -MT"Drivers/STM32F4xx_HAL_Driver/Src/stm32f4xx_hal_pwr.o" --specs=nano.specs -mfpu=fpv4-sp-d16 -mfloat-abi=hard -mthumb -o "Drivers/STM32F4xx_HAL_Driver/Src/stm32f4xx_hal_pwr.o"
arm-none-eabi-gcc "../Drivers/STM32F4xx_HAL_Driver/Src/stm32f4xx_hal_pwr_ex.c" -mcpu=cortex-m4 -std=gnu11 -g3 -DDEBUG -DUSE_HAL_DRIVER -DSTM32F446xx -c -I../Core/Inc -I../Drivers/STM32F4xx_HAL_Driver/Inc -I../Drivers/STM32F4xx_HAL_Driver/Inc/Legacy -I../Drivers/CMSIS/Device/ST/STM32F4xx/Include -I../Drivers/CMSIS/Include -O0 -ffunction-sections -fdata-sections -Wall -fstack-usage -fcyclomatic-complexity -MMD -MP -MF"Drivers/STM32F4xx_HAL_Driver/Src/stm32f4xx_hal_pwr_ex.d" -MT"Drivers/STM32F4xx_HAL_Driver/Src/stm32f4xx_hal_pwr_ex.o" --specs=nano.specs -mfpu=fpv4-sp-d16 -mfloat-abi=hard -mthumb -o "Drivers/STM32F4xx_HAL_Driver/Src/stm32f4xx_hal_pwr_ex.o"
arm-none-eabi-gcc "../Drivers/STM32F4xx_HAL_Driver/Src/stm32f4xx_hal_rcc.c" -mcpu=cortex-m4 -std=gnu11 -g3 -DDEBUG -DUSE_HAL_DRIVER -DSTM32F446xx -c -I../Core/Inc -I../Drivers/STM32F4xx_HAL_Driver/Inc -I../Drivers/STM32F4xx_HAL_Driver/Inc/Legacy -I../Drivers/CMSIS/Device/ST/STM32F4xx/Include -I../Drivers/CMSIS/Include -O0 -ffunction-sections -fdata-sections -Wall -fstack-usage -fcyclomatic-complexity -MMD -MP -MF"Drivers/STM32F4xx_HAL_Driver/Src/stm32f4xx_hal_rcc.d" -MT"Drivers/STM32F4xx_HAL_Driver/Src/stm32f4xx_hal_rcc.o" --specs=nano.specs -mfpu=fpv4-sp-d16 -mfloat-abi=hard -mthumb -o "Drivers/STM32F4xx_HAL_Driver/Src/stm32f4xx_hal_rcc.o"
arm-none-eabi-gcc "../Drivers/STM32F4xx_HAL_Driver/Src/stm32f4xx_hal_rcc_ex.c" -mcpu=cortex-m4 -std=gnu11 -g3 -DDEBUG -DUSE_HAL_DRIVER -DSTM32F446xx -c -I../Core/Inc -I../Drivers/STM32F4xx_HAL_Driver/Inc -I../Drivers/STM32F4xx_HAL_Driver/Inc/Legacy -I../Drivers/CMSIS/Device/ST/STM32F4xx/Include -I../Drivers/CMSIS/Include -O0 -ffunction-sections -fdata-sections -Wall -fstack-usage -fcyclomatic-complexity -MMD -MP -MF"Drivers/STM32F4xx_HAL_Driver/Src/stm32f4xx_hal_rcc_ex.d" -MT"Drivers/STM32F4xx_HAL_Driver/Src/stm32f4xx_hal_rcc_ex.o" --specs=nano.specs -mfpu=fpv4-sp-d16 -mfloat-abi=hard -mthumb -o "Drivers/STM32F4xx_HAL_Driver/Src/stm32f4xx_hal_rcc_ex.o"
arm-none-eabi-gcc "../Drivers/STM32F4xx_HAL_Driver/Src/stm32f4xx_hal_uart.c" -mcpu=cortex-m4 -std=gnu11 -g3 -DDEBUG -DUSE_HAL_DRIVER -DSTM32F446xx -c -I../Core/Inc -I../Drivers/STM32F4xx_HAL_Driver/Inc -I../Drivers/STM32F4xx_HAL_Driver/Inc/Legacy -I../Drivers/CMSIS/Device/ST/STM32F4xx/Include -I../Drivers/CMSIS/Include -O0 -ffunction-sections -fdata-sections -Wall -fstack-usage -fcyclomatic-complexity -MMD -MP -MF"Drivers/STM32F4xx_HAL_Driver/Src/stm32f4xx_hal_uart.d" -MT"Drivers/STM32F4xx_HAL_Driver/Src/stm32f4xx_hal_uart.o" --specs=nano.specs -mfpu=fpv4-sp-d16 -mfloat-abi=hard -mthumb -o "Drivers/STM32F4xx_HAL_Driver/Src/stm32f4xx_hal_uart.o"
arm-none-eabi-gcc -mcpu=cortex-m4 -g3 -DDEBUG -c -x assembler-with-cpp -MMD -MP -MF"Core/Startup/startup_stm32f446retx.d" -MT"Core/Startup/startup_stm32f446retx.o" --specs=nano.specs -mfpu=fpv4-sp-d16 -mfloat-abi=hard -mthumb -o "Core/Startup/startup_stm32f446retx.o" "../Core/Startup/startup_stm32f446retx.s"
arm-none-eabi-gcc "../Core/Src/main.c" -mcpu=cortex-m4 -std=gnu11 -g3 -DDEBUG -DUSE_HAL_DRIVER -DSTM32F446xx -c -I../Core/Inc -I../Drivers/STM32F4xx_HAL_Driver/Inc -I../Drivers/STM32F4xx_HAL_Driver/Inc/Legacy -I../Drivers/CMSIS/Device/ST/STM32F4xx/Include -I../Drivers/CMSIS/Include -O0 -ffunction-sections -fdata-sections -Wall -fstack-usage -fcyclomatic-complexity -MMD -MP -MF"Core/Src/main.d" -MT"Core/Src/main.o" --specs=nano.specs -mfpu=fpv4-sp-d16 -mfloat-abi=hard -mthumb -o "Core/Src/main.o"
arm-none-eabi-gcc "../Core/Src/stm32f4xx_hal_msp.c" -mcpu=cortex-m4 -std=gnu11 -g3 -DDEBUG -DUSE_HAL_DRIVER -DSTM32F446xx -c -I../Core/Inc -I../Drivers/STM32F4xx_HAL_Driver/Inc -I../Drivers/STM32F4xx_HAL_Driver/Inc/Legacy -I../Drivers/CMSIS/Device/ST/STM32F4xx/Include -I../Drivers/CMSIS/Include -O0 -ffunction-sections -fdata-sections -Wall -fstack-usage -fcyclomatic-complexity -MMD -MP -MF"Core/Src/stm32f4xx_hal_msp.d" -MT"Core/Src/stm32f4xx_hal_msp.o" --specs=nano.specs -mfpu=fpv4-sp-d16 -mfloat-abi=hard -mthumb -o "Core/Src/stm32f4xx_hal_msp.o"
../Core/Src/main.c: In function 'TIM1_init':
../Core/Src/main.c:35:13: error: 'RCC_TypeDef' has no member named 'TIM1_PSC'
   35 |         RCC -> TIM1_PSC &= 0;
      |             ^~
../Core/Src/main.c:36:13: error: 'RCC_TypeDef' has no member named 'TIM1_PSC'
   36 |         RCC -> TIM1_PSC |= 15999; // PSC + 1 = 16000. Divide the 16MHz clock by 16k means the register will update every 1ms.
      |             ^~
../Core/Src/main.c:39:13: error: 'RCC_TypeDef' has no member named 'TIM1_EGR'
   39 |         RCC -> TIM1_EGR |= 1;
      |             ^~
../Core/Src/main.c:41:13: error: 'RCC_TypeDef' has no member named 'TIMX_CR1'
   41 |         RCC -> TIMX_CR1 &= 0;
      |             ^~
../Core/Src/main.c:42:13: error: 'RCC_TypeDef' has no member named 'TIMX_CR1'
   42 |         RCC -> TIMX_CR1 |= (1 << 4);
      |             ^~
make: *** [Core/Src/subdir.mk:34: Core/Src/main.o] Error 1
make: *** Waiting for unfinished jobs....
"make -j16 all" terminated with exit code 2. Build might be incomplete.
17:20:07 **** Incremental Build of configuration Debug for project Embedded_Assignment_4 ****
make -j16 all 
arm-none-eabi-gcc "../Core/Src/main.c" -mcpu=cortex-m4 -std=gnu11 -g3 -DDEBUG -DUSE_HAL_DRIVER -DSTM32F446xx -c -I../Core/Inc -I../Drivers/STM32F4xx_HAL_Driver/Inc -I../Drivers/STM32F4xx_HAL_Driver/Inc/Legacy -I../Drivers/CMSIS/Device/ST/STM32F4xx/Include -I../Drivers/CMSIS/Include -O0 -ffunction-sections -fdata-sections -Wall -fstack-usage -fcyclomatic-complexity -MMD -MP -MF"Core/Src/main.d" -MT"Core/Src/main.o" --specs=nano.specs -mfpu=fpv4-sp-d16 -mfloat-abi=hard -mthumb -o "Core/Src/main.o"
arm-none-eabi-gcc "../Core/Src/stm32f4xx_it.c" -mcpu=cortex-m4 -std=gnu11 -g3 -DDEBUG -DUSE_HAL_DRIVER -DSTM32F446xx -c -I../Core/Inc -I../Drivers/STM32F4xx_HAL_Driver/Inc -I../Drivers/STM32F4xx_HAL_Driver/Inc/Legacy -I../Drivers/CMSIS/Device/ST/STM32F4xx/Include -I../Drivers/CMSIS/Include -O0 -ffunction-sections -fdata-sections -Wall -fstack-usage -fcyclomatic-complexity -MMD -MP -MF"Core/Src/stm32f4xx_it.d" -MT"Core/Src/stm32f4xx_it.o" --specs=nano.specs -mfpu=fpv4-sp-d16 -mfloat-abi=hard -mthumb -o "Core/Src/stm32f4xx_it.o"
arm-none-eabi-gcc "../Core/Src/syscalls.c" -mcpu=cortex-m4 -std=gnu11 -g3 -DDEBUG -DUSE_HAL_DRIVER -DSTM32F446xx -c -I../Core/Inc -I../Drivers/STM32F4xx_HAL_Driver/Inc -I../Drivers/STM32F4xx_HAL_Driver/Inc/Legacy -I../Drivers/CMSIS/Device/ST/STM32F4xx/Include -I../Drivers/CMSIS/Include -O0 -ffunction-sections -fdata-sections -Wall -fstack-usage -fcyclomatic-complexity -MMD -MP -MF"Core/Src/syscalls.d" -MT"Core/Src/syscalls.o" --specs=nano.specs -mfpu=fpv4-sp-d16 -mfloat-abi=hard -mthumb -o "Core/Src/syscalls.o"
arm-none-eabi-gcc "../Core/Src/sysmem.c" -mcpu=cortex-m4 -std=gnu11 -g3 -DDEBUG -DUSE_HAL_DRIVER -DSTM32F446xx -c -I../Core/Inc -I../Drivers/STM32F4xx_HAL_Driver/Inc -I../Drivers/STM32F4xx_HAL_Driver/Inc/Legacy -I../Drivers/CMSIS/Device/ST/STM32F4xx/Include -I../Drivers/CMSIS/Include -O0 -ffunction-sections -fdata-sections -Wall -fstack-usage -fcyclomatic-complexity -MMD -MP -MF"Core/Src/sysmem.d" -MT"Core/Src/sysmem.o" --specs=nano.specs -mfpu=fpv4-sp-d16 -mfloat-abi=hard -mthumb -o "Core/Src/sysmem.o"
arm-none-eabi-gcc "../Core/Src/system_stm32f4xx.c" -mcpu=cortex-m4 -std=gnu11 -g3 -DDEBUG -DUSE_HAL_DRIVER -DSTM32F446xx -c -I../Core/Inc -I../Drivers/STM32F4xx_HAL_Driver/Inc -I../Drivers/STM32F4xx_HAL_Driver/Inc/Legacy -I../Drivers/CMSIS/Device/ST/STM32F4xx/Include -I../Drivers/CMSIS/Include -O0 -ffunction-sections -fdata-sections -Wall -fstack-usage -fcyclomatic-complexity -MMD -MP -MF"Core/Src/system_stm32f4xx.d" -MT"Core/Src/system_stm32f4xx.o" --specs=nano.specs -mfpu=fpv4-sp-d16 -mfloat-abi=hard -mthumb -o "Core/Src/system_stm32f4xx.o"
arm-none-eabi-g++ -o "Embedded_Assignment_4.elf" @"objects.list"   -mcpu=cortex-m4 -T"C:\Users\coleb\Documents\GitHub\Embedded-System-Design\Assignments\Assignment4\Embedded_Assignment_4\STM32F446RETX_FLASH.ld" --specs=nosys.specs -Wl,-Map="Embedded_Assignment_4.map" -Wl,--gc-sections -static --specs=nano.specs -mfpu=fpv4-sp-d16 -mfloat-abi=hard -mthumb -Wl,--start-group -lc -lm -lstdc++ -lsupc++ -Wl,--end-group
Finished building target: Embedded_Assignment_4.elf
 
arm-none-eabi-size  Embedded_Assignment_4.elf 
arm-none-eabi-objdump -h -S Embedded_Assignment_4.elf  > "Embedded_Assignment_4.list"
   text	   data	    bss	    dec	    hex	filename
    884	      4	   1572	   2460	    99c	Embedded_Assignment_4.elf
Finished building: default.size.stdout
 
Finished building: Embedded_Assignment_4.list
 
17:59:11 **** Incremental Build of configuration Debug for project Embedded_Assignment_4 ****
make -j16 all 
arm-none-eabi-gcc "../Core/Src/main.c" -mcpu=cortex-m4 -std=gnu11 -g3 -DDEBUG -DUSE_HAL_DRIVER -DSTM32F446xx -c -I../Core/Inc -I../Drivers/STM32F4xx_HAL_Driver/Inc -I../Drivers/STM32F4xx_HAL_Driver/Inc/Legacy -I../Drivers/CMSIS/Device/ST/STM32F4xx/Include -I../Drivers/CMSIS/Include -O0 -ffunction-sections -fdata-sections -Wall -fstack-usage -fcyclomatic-complexity -MMD -MP -MF"Core/Src/main.d" -MT"Core/Src/main.o" --specs=nano.specs -mfpu=fpv4-sp-d16 -mfloat-abi=hard -mthumb -o "Core/Src/main.o"
arm-none-eabi-g++ -o "Embedded_Assignment_4.elf" @"objects.list"   -mcpu=cortex-m4 -T"C:\Users\coleb\Documents\GitHub\Embedded-System-Design\Assignments\Assignment4\Embedded_Assignment_4\STM32F446RETX_FLASH.ld" --specs=nosys.specs -Wl,-Map="Embedded_Assignment_4.map" -Wl,--gc-sections -static --specs=nano.specs -mfpu=fpv4-sp-d16 -mfloat-abi=hard -mthumb -Wl,--start-group -lc -lm -lstdc++ -lsupc++ -Wl,--end-group
Finished building target: Embedded_Assignment_4.elf
 
arm-none-eabi-size  Embedded_Assignment_4.elf 
arm-none-eabi-objdump -h -S Embedded_Assignment_4.elf  > "Embedded_Assignment_4.list"
   text	   data	    bss	    dec	    hex	filename
    884	      4	   1572	   2460	    99c	Embedded_Assignment_4.elf
Finished building: default.size.stdout
 
Finished building: Embedded_Assignment_4.list
 
19:22:31 **** Incremental Build of configuration Debug for project Embedded_Assignment_4 ****
make -j16 all 
arm-none-eabi-gcc "../Core/Src/main.c" -mcpu=cortex-m4 -std=gnu11 -g3 -DDEBUG -DUSE_HAL_DRIVER -DSTM32F446xx -c -I../Core/Inc -I../Drivers/STM32F4xx_HAL_Driver/Inc -I../Drivers/STM32F4xx_HAL_Driver/Inc/Legacy -I../Drivers/CMSIS/Device/ST/STM32F4xx/Include -I../Drivers/CMSIS/Include -O0 -ffunction-sections -fdata-sections -Wall -fstack-usage -fcyclomatic-complexity -MMD -MP -MF"Core/Src/main.d" -MT"Core/Src/main.o" --specs=nano.specs -mfpu=fpv4-sp-d16 -mfloat-abi=hard -mthumb -o "Core/Src/main.o"
../Core/Src/main.c:19:17: error: unknown type name 'bool'
   19 | void controlPA5(bool state);
      |                 ^~~~
../Core/Src/main.c:14:1: note: 'bool' is defined in header '<stdbool.h>'; did you forget to '#include <stdbool.h>'?
   13 | #include "main.h"
  +++ |+#include <stdbool.h>
   14 | 
../Core/Src/main.c: In function 'main':
../Core/Src/main.c:29:11: warning: implicit declaration of function 'controlPA5' [-Wimplicit-function-declaration]
   29 |           controlPA5(true);
      |           ^~~~~~~~~~
../Core/Src/main.c:29:22: error: 'true' undeclared (first use in this function)
   29 |           controlPA5(true);
      |                      ^~~~
../Core/Src/main.c:29:22: note: 'true' is defined in header '<stdbool.h>'; did you forget to '#include <stdbool.h>'?
../Core/Src/main.c:29:22: note: each undeclared identifier is reported only once for each function it appears in
../Core/Src/main.c:31:22: error: 'false' undeclared (first use in this function)
   31 |           controlPA5(false);
      |                      ^~~~~
../Core/Src/main.c:31:22: note: 'false' is defined in header '<stdbool.h>'; did you forget to '#include <stdbool.h>'?
../Core/Src/main.c: At top level:
../Core/Src/main.c:78:17: error: unknown type name 'bool'
   78 | void controlPA5(bool state){
      |                 ^~~~
../Core/Src/main.c:78:17: note: 'bool' is defined in header '<stdbool.h>'; did you forget to '#include <stdbool.h>'?
make: *** [Core/Src/subdir.mk:34: Core/Src/main.o] Error 1
"make -j16 all" terminated with exit code 2. Build might be incomplete.
19:22:43 **** Incremental Build of configuration Debug for project Embedded_Assignment_4 ****
make -j16 all 
arm-none-eabi-gcc "../Core/Src/main.c" -mcpu=cortex-m4 -std=gnu11 -g3 -DDEBUG -DUSE_HAL_DRIVER -DSTM32F446xx -c -I../Core/Inc -I../Drivers/STM32F4xx_HAL_Driver/Inc -I../Drivers/STM32F4xx_HAL_Driver/Inc/Legacy -I../Drivers/CMSIS/Device/ST/STM32F4xx/Include -I../Drivers/CMSIS/Include -O0 -ffunction-sections -fdata-sections -Wall -fstack-usage -fcyclomatic-complexity -MMD -MP -MF"Core/Src/main.d" -MT"Core/Src/main.o" --specs=nano.specs -mfpu=fpv4-sp-d16 -mfloat-abi=hard -mthumb -o "Core/Src/main.o"
../Core/Src/main.c: In function 'controlPA5':
../Core/Src/main.c:83:9: warning: implicit declaration of function 'elif' [-Wimplicit-function-declaration]
   83 |         elif(!state){
      |         ^~~~
../Core/Src/main.c:83:21: error: expected ';' before '{' token
   83 |         elif(!state){
      |                     ^
      |                     ;
make: *** [Core/Src/subdir.mk:34: Core/Src/main.o] Error 1
"make -j16 all" terminated with exit code 2. Build might be incomplete.
19:22:52 **** Incremental Build of configuration Debug for project Embedded_Assignment_4 ****
make -j16 all 
arm-none-eabi-gcc "../Core/Src/main.c" -mcpu=cortex-m4 -std=gnu11 -g3 -DDEBUG -DUSE_HAL_DRIVER -DSTM32F446xx -c -I../Core/Inc -I../Drivers/STM32F4xx_HAL_Driver/Inc -I../Drivers/STM32F4xx_HAL_Driver/Inc/Legacy -I../Drivers/CMSIS/Device/ST/STM32F4xx/Include -I../Drivers/CMSIS/Include -O0 -ffunction-sections -fdata-sections -Wall -fstack-usage -fcyclomatic-complexity -MMD -MP -MF"Core/Src/main.d" -MT"Core/Src/main.o" --specs=nano.specs -mfpu=fpv4-sp-d16 -mfloat-abi=hard -mthumb -o "Core/Src/main.o"
arm-none-eabi-g++ -o "Embedded_Assignment_4.elf" @"objects.list"   -mcpu=cortex-m4 -T"C:\Users\coleb\Documents\GitHub\Embedded-System-Design\Assignments\Assignment4\Embedded_Assignment_4\STM32F446RETX_FLASH.ld" --specs=nosys.specs -Wl,-Map="Embedded_Assignment_4.map" -Wl,--gc-sections -static --specs=nano.specs -mfpu=fpv4-sp-d16 -mfloat-abi=hard -mthumb -Wl,--start-group -lc -lm -lstdc++ -lsupc++ -Wl,--end-group
Finished building target: Embedded_Assignment_4.elf
 
arm-none-eabi-size  Embedded_Assignment_4.elf 
arm-none-eabi-objdump -h -S Embedded_Assignment_4.elf  > "Embedded_Assignment_4.list"
   text	   data	    bss	    dec	    hex	filename
   1132	      4	   1572	   2708	    a94	Embedded_Assignment_4.elf
Finished building: default.size.stdout
 
Finished building: Embedded_Assignment_4.list
 
19:23:08 **** Incremental Build of configuration Debug for project Embedded_Assignment_4 ****
make -j16 all 
arm-none-eabi-size  Embedded_Assignment_4.elf 
   text	   data	    bss	    dec	    hex	filename
   1132	      4	   1572	   2708	    a94	Embedded_Assignment_4.elf
Finished building: default.size.stdout
 
19:24:05 **** Incremental Build of configuration Debug for project Embedded_Assignment_4 ****
make -j16 all 
arm-none-eabi-gcc "../Core/Src/main.c" -mcpu=cortex-m4 -std=gnu11 -g3 -DDEBUG -DUSE_HAL_DRIVER -DSTM32F446xx -c -I../Core/Inc -I../Drivers/STM32F4xx_HAL_Driver/Inc -I../Drivers/STM32F4xx_HAL_Driver/Inc/Legacy -I../Drivers/CMSIS/Device/ST/STM32F4xx/Include -I../Drivers/CMSIS/Include -O0 -ffunction-sections -fdata-sections -Wall -fstack-usage -fcyclomatic-complexity -MMD -MP -MF"Core/Src/main.d" -MT"Core/Src/main.o" --specs=nano.specs -mfpu=fpv4-sp-d16 -mfloat-abi=hard -mthumb -o "Core/Src/main.o"
arm-none-eabi-g++ -o "Embedded_Assignment_4.elf" @"objects.list"   -mcpu=cortex-m4 -T"C:\Users\coleb\Documents\GitHub\Embedded-System-Design\Assignments\Assignment4\Embedded_Assignment_4\STM32F446RETX_FLASH.ld" --specs=nosys.specs -Wl,-Map="Embedded_Assignment_4.map" -Wl,--gc-sections -static --specs=nano.specs -mfpu=fpv4-sp-d16 -mfloat-abi=hard -mthumb -Wl,--start-group -lc -lm -lstdc++ -lsupc++ -Wl,--end-group
Finished building target: Embedded_Assignment_4.elf
 
arm-none-eabi-size  Embedded_Assignment_4.elf 
arm-none-eabi-objdump -h -S Embedded_Assignment_4.elf  > "Embedded_Assignment_4.list"
   text	   data	    bss	    dec	    hex	filename
   1208	      4	   1572	   2784	    ae0	Embedded_Assignment_4.elf
Finished building: default.size.stdout
 
Finished building: Embedded_Assignment_4.list
 
19:24:09 **** Incremental Build of configuration Debug for project Embedded_Assignment_4 ****
make -j16 all 
arm-none-eabi-size  Embedded_Assignment_4.elf 
   text	   data	    bss	    dec	    hex	filename
   1208	      4	   1572	   2784	    ae0	Embedded_Assignment_4.elf
Finished building: default.size.stdout
 
19:48:40 **** Incremental Build of configuration Debug for project Embedded_Assignment_4 ****
make -j16 all 
arm-none-eabi-gcc "../Core/Src/main.c" -mcpu=cortex-m4 -std=gnu11 -g3 -DDEBUG -DUSE_HAL_DRIVER -DSTM32F446xx -c -I../Core/Inc -I../Drivers/STM32F4xx_HAL_Driver/Inc -I../Drivers/STM32F4xx_HAL_Driver/Inc/Legacy -I../Drivers/CMSIS/Device/ST/STM32F4xx/Include -I../Drivers/CMSIS/Include -O0 -ffunction-sections -fdata-sections -Wall -fstack-usage -fcyclomatic-complexity -MMD -MP -MF"Core/Src/main.d" -MT"Core/Src/main.o" --specs=nano.specs -mfpu=fpv4-sp-d16 -mfloat-abi=hard -mthumb -o "Core/Src/main.o"
arm-none-eabi-g++ -o "Embedded_Assignment_4.elf" @"objects.list"   -mcpu=cortex-m4 -T"C:\Users\coleb\Documents\GitHub\Embedded-System-Design\Assignments\Assignment4\Embedded_Assignment_4\STM32F446RETX_FLASH.ld" --specs=nosys.specs -Wl,-Map="Embedded_Assignment_4.map" -Wl,--gc-sections -static --specs=nano.specs -mfpu=fpv4-sp-d16 -mfloat-abi=hard -mthumb -Wl,--start-group -lc -lm -lstdc++ -lsupc++ -Wl,--end-group
Finished building target: Embedded_Assignment_4.elf
 
arm-none-eabi-size  Embedded_Assignment_4.elf 
arm-none-eabi-objdump -h -S Embedded_Assignment_4.elf  > "Embedded_Assignment_4.list"
   text	   data	    bss	    dec	    hex	filename
   1212	      4	   1572	   2788	    ae4	Embedded_Assignment_4.elf
Finished building: default.size.stdout
 
Finished building: Embedded_Assignment_4.list
 
19:48:52 **** Incremental Build of configuration Debug for project Embedded_Assignment_4 ****
make -j16 all 
arm-none-eabi-size  Embedded_Assignment_4.elf 
   text	   data	    bss	    dec	    hex	filename
   1212	      4	   1572	   2788	    ae4	Embedded_Assignment_4.elf
Finished building: default.size.stdout
 
19:51:07 **** Incremental Build of configuration Debug for project Embedded_Assignment_4 ****
make -j16 all 
arm-none-eabi-size  Embedded_Assignment_4.elf 
   text	   data	    bss	    dec	    hex	filename
   1212	      4	   1572	   2788	    ae4	Embedded_Assignment_4.elf
Finished building: default.size.stdout
 
19:52:03 **** Incremental Build of configuration Debug for project Embedded_Assignment_4 ****
make -j16 all 
arm-none-eabi-gcc "../Core/Src/main.c" -mcpu=cortex-m4 -std=gnu11 -g3 -DDEBUG -DUSE_HAL_DRIVER -DSTM32F446xx -c -I../Core/Inc -I../Drivers/STM32F4xx_HAL_Driver/Inc -I../Drivers/STM32F4xx_HAL_Driver/Inc/Legacy -I../Drivers/CMSIS/Device/ST/STM32F4xx/Include -I../Drivers/CMSIS/Include -O0 -ffunction-sections -fdata-sections -Wall -fstack-usage -fcyclomatic-complexity -MMD -MP -MF"Core/Src/main.d" -MT"Core/Src/main.o" --specs=nano.specs -mfpu=fpv4-sp-d16 -mfloat-abi=hard -mthumb -o "Core/Src/main.o"
arm-none-eabi-g++ -o "Embedded_Assignment_4.elf" @"objects.list"   -mcpu=cortex-m4 -T"C:\Users\coleb\Documents\GitHub\Embedded-System-Design\Assignments\Assignment4\Embedded_Assignment_4\STM32F446RETX_FLASH.ld" --specs=nosys.specs -Wl,-Map="Embedded_Assignment_4.map" -Wl,--gc-sections -static --specs=nano.specs -mfpu=fpv4-sp-d16 -mfloat-abi=hard -mthumb -Wl,--start-group -lc -lm -lstdc++ -lsupc++ -Wl,--end-group
Finished building target: Embedded_Assignment_4.elf
 
arm-none-eabi-size  Embedded_Assignment_4.elf 
arm-none-eabi-objdump -h -S Embedded_Assignment_4.elf  > "Embedded_Assignment_4.list"
   text	   data	    bss	    dec	    hex	filename
   1212	      4	   1572	   2788	    ae4	Embedded_Assignment_4.elf
Finished building: default.size.stdout
 
Finished building: Embedded_Assignment_4.list
 
19:52:27 **** Incremental Build of configuration Debug for project Embedded_Assignment_4 ****
make -j16 all 
arm-none-eabi-size  Embedded_Assignment_4.elf 
   text	   data	    bss	    dec	    hex	filename
   1212	      4	   1572	   2788	    ae4	Embedded_Assignment_4.elf
Finished building: default.size.stdout
 
20:01:46 **** Incremental Build of configuration Debug for project Embedded_Assignment_4 ****
make -j16 all 
arm-none-eabi-gcc "../Core/Src/main.c" -mcpu=cortex-m4 -std=gnu11 -g3 -DDEBUG -DUSE_HAL_DRIVER -DSTM32F446xx -c -I../Core/Inc -I../Drivers/STM32F4xx_HAL_Driver/Inc -I../Drivers/STM32F4xx_HAL_Driver/Inc/Legacy -I../Drivers/CMSIS/Device/ST/STM32F4xx/Include -I../Drivers/CMSIS/Include -O0 -ffunction-sections -fdata-sections -Wall -fstack-usage -fcyclomatic-complexity -MMD -MP -MF"Core/Src/main.d" -MT"Core/Src/main.o" --specs=nano.specs -mfpu=fpv4-sp-d16 -mfloat-abi=hard -mthumb -o "Core/Src/main.o"
arm-none-eabi-g++ -o "Embedded_Assignment_4.elf" @"objects.list"   -mcpu=cortex-m4 -T"C:\Users\coleb\Documents\GitHub\Embedded-System-Design\Assignments\Assignment4\Embedded_Assignment_4\STM32F446RETX_FLASH.ld" --specs=nosys.specs -Wl,-Map="Embedded_Assignment_4.map" -Wl,--gc-sections -static --specs=nano.specs -mfpu=fpv4-sp-d16 -mfloat-abi=hard -mthumb -Wl,--start-group -lc -lm -lstdc++ -lsupc++ -Wl,--end-group
Finished building target: Embedded_Assignment_4.elf
 
arm-none-eabi-size  Embedded_Assignment_4.elf 
arm-none-eabi-objdump -h -S Embedded_Assignment_4.elf  > "Embedded_Assignment_4.list"
   text	   data	    bss	    dec	    hex	filename
   1212	      4	   1572	   2788	    ae4	Embedded_Assignment_4.elf
Finished building: default.size.stdout
 
Finished building: Embedded_Assignment_4.list
 
20:02:15 **** Incremental Build of configuration Debug for project Embedded_Assignment_4 ****
make -j16 all 
arm-none-eabi-size  Embedded_Assignment_4.elf 
   text	   data	    bss	    dec	    hex	filename
   1212	      4	   1572	   2788	    ae4	Embedded_Assignment_4.elf
Finished building: default.size.stdout
 
20:10:53 **** Incremental Build of configuration Debug for project Embedded_Assignment_4 ****
make -j16 all 
arm-none-eabi-gcc "../Core/Src/main.c" -mcpu=cortex-m4 -std=gnu11 -g3 -DDEBUG -DUSE_HAL_DRIVER -DSTM32F446xx -c -I../Core/Inc -I../Drivers/STM32F4xx_HAL_Driver/Inc -I../Drivers/STM32F4xx_HAL_Driver/Inc/Legacy -I../Drivers/CMSIS/Device/ST/STM32F4xx/Include -I../Drivers/CMSIS/Include -O0 -ffunction-sections -fdata-sections -Wall -fstack-usage -fcyclomatic-complexity -MMD -MP -MF"Core/Src/main.d" -MT"Core/Src/main.o" --specs=nano.specs -mfpu=fpv4-sp-d16 -mfloat-abi=hard -mthumb -o "Core/Src/main.o"
arm-none-eabi-g++ -o "Embedded_Assignment_4.elf" @"objects.list"   -mcpu=cortex-m4 -T"C:\Users\coleb\Documents\GitHub\Embedded-System-Design\Assignments\Assignment4\Embedded_Assignment_4\STM32F446RETX_FLASH.ld" --specs=nosys.specs -Wl,-Map="Embedded_Assignment_4.map" -Wl,--gc-sections -static --specs=nano.specs -mfpu=fpv4-sp-d16 -mfloat-abi=hard -mthumb -Wl,--start-group -lc -lm -lstdc++ -lsupc++ -Wl,--end-group
Finished building target: Embedded_Assignment_4.elf
 
arm-none-eabi-size  Embedded_Assignment_4.elf 
arm-none-eabi-objdump -h -S Embedded_Assignment_4.elf  > "Embedded_Assignment_4.list"
   text	   data	    bss	    dec	    hex	filename
   1212	      4	   1572	   2788	    ae4	Embedded_Assignment_4.elf
Finished building: default.size.stdout
 
Finished building: Embedded_Assignment_4.list
 
20:11:00 **** Incremental Build of configuration Debug for project Embedded_Assignment_4 ****
make -j16 all 
arm-none-eabi-size  Embedded_Assignment_4.elf 
   text	   data	    bss	    dec	    hex	filename
   1212	      4	   1572	   2788	    ae4	Embedded_Assignment_4.elf
Finished building: default.size.stdout
 
20:18:04 **** Incremental Build of configuration Debug for project Embedded_Assignment_4 ****
make -j16 all 
arm-none-eabi-gcc "../Core/Src/main.c" -mcpu=cortex-m4 -std=gnu11 -g3 -DDEBUG -DUSE_HAL_DRIVER -DSTM32F446xx -c -I../Core/Inc -I../Drivers/STM32F4xx_HAL_Driver/Inc -I../Drivers/STM32F4xx_HAL_Driver/Inc/Legacy -I../Drivers/CMSIS/Device/ST/STM32F4xx/Include -I../Drivers/CMSIS/Include -O0 -ffunction-sections -fdata-sections -Wall -fstack-usage -fcyclomatic-complexity -MMD -MP -MF"Core/Src/main.d" -MT"Core/Src/main.o" --specs=nano.specs -mfpu=fpv4-sp-d16 -mfloat-abi=hard -mthumb -o "Core/Src/main.o"
arm-none-eabi-g++ -o "Embedded_Assignment_4.elf" @"objects.list"   -mcpu=cortex-m4 -T"C:\Users\coleb\Documents\GitHub\Embedded-System-Design\Assignments\Assignment4\Embedded_Assignment_4\STM32F446RETX_FLASH.ld" --specs=nosys.specs -Wl,-Map="Embedded_Assignment_4.map" -Wl,--gc-sections -static --specs=nano.specs -mfpu=fpv4-sp-d16 -mfloat-abi=hard -mthumb -Wl,--start-group -lc -lm -lstdc++ -lsupc++ -Wl,--end-group
Finished building target: Embedded_Assignment_4.elf
 
arm-none-eabi-size  Embedded_Assignment_4.elf 
arm-none-eabi-objdump -h -S Embedded_Assignment_4.elf  > "Embedded_Assignment_4.list"
   text	   data	    bss	    dec	    hex	filename
   1216	      4	   1572	   2792	    ae8	Embedded_Assignment_4.elf
Finished building: default.size.stdout
 
Finished building: Embedded_Assignment_4.list
 
20:18:08 **** Incremental Build of configuration Debug for project Embedded_Assignment_4 ****
make -j16 all 
arm-none-eabi-size  Embedded_Assignment_4.elf 
   text	   data	    bss	    dec	    hex	filename
   1216	      4	   1572	   2792	    ae8	Embedded_Assignment_4.elf
Finished building: default.size.stdout
 
20:20:05 **** Incremental Build of configuration Debug for project Embedded_Assignment_4 ****
make -j16 all 
arm-none-eabi-gcc "../Core/Src/main.c" -mcpu=cortex-m4 -std=gnu11 -g3 -DDEBUG -DUSE_HAL_DRIVER -DSTM32F446xx -c -I../Core/Inc -I../Drivers/STM32F4xx_HAL_Driver/Inc -I../Drivers/STM32F4xx_HAL_Driver/Inc/Legacy -I../Drivers/CMSIS/Device/ST/STM32F4xx/Include -I../Drivers/CMSIS/Include -O0 -ffunction-sections -fdata-sections -Wall -fstack-usage -fcyclomatic-complexity -MMD -MP -MF"Core/Src/main.d" -MT"Core/Src/main.o" --specs=nano.specs -mfpu=fpv4-sp-d16 -mfloat-abi=hard -mthumb -o "Core/Src/main.o"
arm-none-eabi-g++ -o "Embedded_Assignment_4.elf" @"objects.list"   -mcpu=cortex-m4 -T"C:\Users\coleb\Documents\GitHub\Embedded-System-Design\Assignments\Assignment4\Embedded_Assignment_4\STM32F446RETX_FLASH.ld" --specs=nosys.specs -Wl,-Map="Embedded_Assignment_4.map" -Wl,--gc-sections -static --specs=nano.specs -mfpu=fpv4-sp-d16 -mfloat-abi=hard -mthumb -Wl,--start-group -lc -lm -lstdc++ -lsupc++ -Wl,--end-group
Finished building target: Embedded_Assignment_4.elf
 
arm-none-eabi-size  Embedded_Assignment_4.elf 
arm-none-eabi-objdump -h -S Embedded_Assignment_4.elf  > "Embedded_Assignment_4.list"
   text	   data	    bss	    dec	    hex	filename
   1216	      4	   1572	   2792	    ae8	Embedded_Assignment_4.elf
Finished building: default.size.stdout
 
Finished building: Embedded_Assignment_4.list
 
20:20:10 **** Incremental Build of configuration Debug for project Embedded_Assignment_4 ****
make -j16 all 
arm-none-eabi-size  Embedded_Assignment_4.elf 
   text	   data	    bss	    dec	    hex	filename
   1216	      4	   1572	   2792	    ae8	Embedded_Assignment_4.elf
Finished building: default.size.stdout
 
20:22:02 **** Incremental Build of configuration Debug for project Embedded_Assignment_4 ****
make -j16 all 
arm-none-eabi-gcc "../Core/Src/main.c" -mcpu=cortex-m4 -std=gnu11 -g3 -DDEBUG -DUSE_HAL_DRIVER -DSTM32F446xx -c -I../Core/Inc -I../Drivers/STM32F4xx_HAL_Driver/Inc -I../Drivers/STM32F4xx_HAL_Driver/Inc/Legacy -I../Drivers/CMSIS/Device/ST/STM32F4xx/Include -I../Drivers/CMSIS/Include -O0 -ffunction-sections -fdata-sections -Wall -fstack-usage -fcyclomatic-complexity -MMD -MP -MF"Core/Src/main.d" -MT"Core/Src/main.o" --specs=nano.specs -mfpu=fpv4-sp-d16 -mfloat-abi=hard -mthumb -o "Core/Src/main.o"
../Core/Src/main.c: In function 'TIM1_init':
../Core/Src/main.c:49:16: error: 'SR' undeclared (first use in this function)
   49 |         TIM1 - SR = 0; // Clear Status register
      |                ^~
../Core/Src/main.c:49:16: note: each undeclared identifier is reported only once for each function it appears in
make: *** [Core/Src/subdir.mk:34: Core/Src/main.o] Error 1
"make -j16 all" terminated with exit code 2. Build might be incomplete.
20:22:09 **** Incremental Build of configuration Debug for project Embedded_Assignment_4 ****
make -j16 all 
arm-none-eabi-gcc "../Core/Src/main.c" -mcpu=cortex-m4 -std=gnu11 -g3 -DDEBUG -DUSE_HAL_DRIVER -DSTM32F446xx -c -I../Core/Inc -I../Drivers/STM32F4xx_HAL_Driver/Inc -I../Drivers/STM32F4xx_HAL_Driver/Inc/Legacy -I../Drivers/CMSIS/Device/ST/STM32F4xx/Include -I../Drivers/CMSIS/Include -O0 -ffunction-sections -fdata-sections -Wall -fstack-usage -fcyclomatic-complexity -MMD -MP -MF"Core/Src/main.d" -MT"Core/Src/main.o" --specs=nano.specs -mfpu=fpv4-sp-d16 -mfloat-abi=hard -mthumb -o "Core/Src/main.o"
arm-none-eabi-g++ -o "Embedded_Assignment_4.elf" @"objects.list"   -mcpu=cortex-m4 -T"C:\Users\coleb\Documents\GitHub\Embedded-System-Design\Assignments\Assignment4\Embedded_Assignment_4\STM32F446RETX_FLASH.ld" --specs=nosys.specs -Wl,-Map="Embedded_Assignment_4.map" -Wl,--gc-sections -static --specs=nano.specs -mfpu=fpv4-sp-d16 -mfloat-abi=hard -mthumb -Wl,--start-group -lc -lm -lstdc++ -lsupc++ -Wl,--end-group
Finished building target: Embedded_Assignment_4.elf
 
arm-none-eabi-size  Embedded_Assignment_4.elf 
arm-none-eabi-objdump -h -S Embedded_Assignment_4.elf  > "Embedded_Assignment_4.list"
   text	   data	    bss	    dec	    hex	filename
   1224	      4	   1572	   2800	    af0	Embedded_Assignment_4.elf
Finished building: default.size.stdout
 
Finished building: Embedded_Assignment_4.list
 
20:22:14 **** Incremental Build of configuration Debug for project Embedded_Assignment_4 ****
make -j16 all 
arm-none-eabi-size  Embedded_Assignment_4.elf 
   text	   data	    bss	    dec	    hex	filename
   1224	      4	   1572	   2800	    af0	Embedded_Assignment_4.elf
Finished building: default.size.stdout
 
20:23:07 **** Incremental Build of configuration Debug for project Embedded_Assignment_4 ****
make -j16 all 
arm-none-eabi-gcc "../Core/Src/main.c" -mcpu=cortex-m4 -std=gnu11 -g3 -DDEBUG -DUSE_HAL_DRIVER -DSTM32F446xx -c -I../Core/Inc -I../Drivers/STM32F4xx_HAL_Driver/Inc -I../Drivers/STM32F4xx_HAL_Driver/Inc/Legacy -I../Drivers/CMSIS/Device/ST/STM32F4xx/Include -I../Drivers/CMSIS/Include -O0 -ffunction-sections -fdata-sections -Wall -fstack-usage -fcyclomatic-complexity -MMD -MP -MF"Core/Src/main.d" -MT"Core/Src/main.o" --specs=nano.specs -mfpu=fpv4-sp-d16 -mfloat-abi=hard -mthumb -o "Core/Src/main.o"
arm-none-eabi-g++ -o "Embedded_Assignment_4.elf" @"objects.list"   -mcpu=cortex-m4 -T"C:\Users\coleb\Documents\GitHub\Embedded-System-Design\Assignments\Assignment4\Embedded_Assignment_4\STM32F446RETX_FLASH.ld" --specs=nosys.specs -Wl,-Map="Embedded_Assignment_4.map" -Wl,--gc-sections -static --specs=nano.specs -mfpu=fpv4-sp-d16 -mfloat-abi=hard -mthumb -Wl,--start-group -lc -lm -lstdc++ -lsupc++ -Wl,--end-group
Finished building target: Embedded_Assignment_4.elf
 
arm-none-eabi-size  Embedded_Assignment_4.elf 
arm-none-eabi-objdump -h -S Embedded_Assignment_4.elf  > "Embedded_Assignment_4.list"
   text	   data	    bss	    dec	    hex	filename
   1204	      4	   1572	   2780	    adc	Embedded_Assignment_4.elf
Finished building: default.size.stdout
 
Finished building: Embedded_Assignment_4.list
 
20:23:12 **** Incremental Build of configuration Debug for project Embedded_Assignment_4 ****
make -j16 all 
arm-none-eabi-size  Embedded_Assignment_4.elf 
   text	   data	    bss	    dec	    hex	filename
   1204	      4	   1572	   2780	    adc	Embedded_Assignment_4.elf
Finished building: default.size.stdout
 
20:55:53 **** Incremental Build of configuration Debug for project Embedded_Assignment_4 ****
make -j16 all 
arm-none-eabi-gcc "../Core/Src/main.c" -mcpu=cortex-m4 -std=gnu11 -g3 -DDEBUG -DUSE_HAL_DRIVER -DSTM32F446xx -c -I../Core/Inc -I../Drivers/STM32F4xx_HAL_Driver/Inc -I../Drivers/STM32F4xx_HAL_Driver/Inc/Legacy -I../Drivers/CMSIS/Device/ST/STM32F4xx/Include -I../Drivers/CMSIS/Include -O0 -ffunction-sections -fdata-sections -Wall -fstack-usage -fcyclomatic-complexity -MMD -MP -MF"Core/Src/main.d" -MT"Core/Src/main.o" --specs=nano.specs -mfpu=fpv4-sp-d16 -mfloat-abi=hard -mthumb -o "Core/Src/main.o"
arm-none-eabi-g++ -o "Embedded_Assignment_4.elf" @"objects.list"   -mcpu=cortex-m4 -T"C:\Users\coleb\Documents\GitHub\Embedded-System-Design\Assignments\Assignment4\Embedded_Assignment_4\STM32F446RETX_FLASH.ld" --specs=nosys.specs -Wl,-Map="Embedded_Assignment_4.map" -Wl,--gc-sections -static --specs=nano.specs -mfpu=fpv4-sp-d16 -mfloat-abi=hard -mthumb -Wl,--start-group -lc -lm -lstdc++ -lsupc++ -Wl,--end-group
Finished building target: Embedded_Assignment_4.elf
 
arm-none-eabi-size  Embedded_Assignment_4.elf 
arm-none-eabi-objdump -h -S Embedded_Assignment_4.elf  > "Embedded_Assignment_4.list"
   text	   data	    bss	    dec	    hex	filename
   1104	      4	   1572	   2680	    a78	Embedded_Assignment_4.elf
Finished building: default.size.stdout
 
Finished building: Embedded_Assignment_4.list
 
20:55:56 **** Incremental Build of configuration Debug for project Embedded_Assignment_4 ****
make -j16 all 
arm-none-eabi-size  Embedded_Assignment_4.elf 
   text	   data	    bss	    dec	    hex	filename
   1104	      4	   1572	   2680	    a78	Embedded_Assignment_4.elf
Finished building: default.size.stdout
 
20:58:33 **** Incremental Build of configuration Debug for project Embedded_Assignment_4 ****
make -j16 all 
arm-none-eabi-gcc "../Core/Src/main.c" -mcpu=cortex-m4 -std=gnu11 -g3 -DDEBUG -DUSE_HAL_DRIVER -DSTM32F446xx -c -I../Core/Inc -I../Drivers/STM32F4xx_HAL_Driver/Inc -I../Drivers/STM32F4xx_HAL_Driver/Inc/Legacy -I../Drivers/CMSIS/Device/ST/STM32F4xx/Include -I../Drivers/CMSIS/Include -O0 -ffunction-sections -fdata-sections -Wall -fstack-usage -fcyclomatic-complexity -MMD -MP -MF"Core/Src/main.d" -MT"Core/Src/main.o" --specs=nano.specs -mfpu=fpv4-sp-d16 -mfloat-abi=hard -mthumb -o "Core/Src/main.o"
../Core/Src/main.c: In function 'TIM1_init':
../Core/Src/main.c:50:14: error: 'TIM_TypeDef' has no member named 'OPM'
   50 |         TIM1 -> OPM |= (1 << 3);
      |              ^~
make: *** [Core/Src/subdir.mk:34: Core/Src/main.o] Error 1
"make -j16 all" terminated with exit code 2. Build might be incomplete.
20:58:45 **** Incremental Build of configuration Debug for project Embedded_Assignment_4 ****
make -j16 all 
arm-none-eabi-gcc "../Core/Src/main.c" -mcpu=cortex-m4 -std=gnu11 -g3 -DDEBUG -DUSE_HAL_DRIVER -DSTM32F446xx -c -I../Core/Inc -I../Drivers/STM32F4xx_HAL_Driver/Inc -I../Drivers/STM32F4xx_HAL_Driver/Inc/Legacy -I../Drivers/CMSIS/Device/ST/STM32F4xx/Include -I../Drivers/CMSIS/Include -O0 -ffunction-sections -fdata-sections -Wall -fstack-usage -fcyclomatic-complexity -MMD -MP -MF"Core/Src/main.d" -MT"Core/Src/main.o" --specs=nano.specs -mfpu=fpv4-sp-d16 -mfloat-abi=hard -mthumb -o "Core/Src/main.o"
arm-none-eabi-g++ -o "Embedded_Assignment_4.elf" @"objects.list"   -mcpu=cortex-m4 -T"C:\Users\coleb\Documents\GitHub\Embedded-System-Design\Assignments\Assignment4\Embedded_Assignment_4\STM32F446RETX_FLASH.ld" --specs=nosys.specs -Wl,-Map="Embedded_Assignment_4.map" -Wl,--gc-sections -static --specs=nano.specs -mfpu=fpv4-sp-d16 -mfloat-abi=hard -mthumb -Wl,--start-group -lc -lm -lstdc++ -lsupc++ -Wl,--end-group
Finished building target: Embedded_Assignment_4.elf
 
arm-none-eabi-size  Embedded_Assignment_4.elf 
arm-none-eabi-objdump -h -S Embedded_Assignment_4.elf  > "Embedded_Assignment_4.list"
   text	   data	    bss	    dec	    hex	filename
   1116	      4	   1572	   2692	    a84	Embedded_Assignment_4.elf
Finished building: default.size.stdout
 
Finished building: Embedded_Assignment_4.list
 
20:58:48 **** Incremental Build of configuration Debug for project Embedded_Assignment_4 ****
make -j16 all 
arm-none-eabi-size  Embedded_Assignment_4.elf 
   text	   data	    bss	    dec	    hex	filename
   1116	      4	   1572	   2692	    a84	Embedded_Assignment_4.elf
Finished building: default.size.stdout
 
20:59:03 **** Incremental Build of configuration Debug for project Embedded_Assignment_4 ****
make -j16 all 
arm-none-eabi-gcc "../Core/Src/main.c" -mcpu=cortex-m4 -std=gnu11 -g3 -DDEBUG -DUSE_HAL_DRIVER -DSTM32F446xx -c -I../Core/Inc -I../Drivers/STM32F4xx_HAL_Driver/Inc -I../Drivers/STM32F4xx_HAL_Driver/Inc/Legacy -I../Drivers/CMSIS/Device/ST/STM32F4xx/Include -I../Drivers/CMSIS/Include -O0 -ffunction-sections -fdata-sections -Wall -fstack-usage -fcyclomatic-complexity -MMD -MP -MF"Core/Src/main.d" -MT"Core/Src/main.o" --specs=nano.specs -mfpu=fpv4-sp-d16 -mfloat-abi=hard -mthumb -o "Core/Src/main.o"
arm-none-eabi-g++ -o "Embedded_Assignment_4.elf" @"objects.list"   -mcpu=cortex-m4 -T"C:\Users\coleb\Documents\GitHub\Embedded-System-Design\Assignments\Assignment4\Embedded_Assignment_4\STM32F446RETX_FLASH.ld" --specs=nosys.specs -Wl,-Map="Embedded_Assignment_4.map" -Wl,--gc-sections -static --specs=nano.specs -mfpu=fpv4-sp-d16 -mfloat-abi=hard -mthumb -Wl,--start-group -lc -lm -lstdc++ -lsupc++ -Wl,--end-group
Finished building target: Embedded_Assignment_4.elf
 
arm-none-eabi-size  Embedded_Assignment_4.elf 
arm-none-eabi-objdump -h -S Embedded_Assignment_4.elf  > "Embedded_Assignment_4.list"
   text	   data	    bss	    dec	    hex	filename
   1216	      4	   1572	   2792	    ae8	Embedded_Assignment_4.elf
Finished building: default.size.stdout
 
Finished building: Embedded_Assignment_4.list
 
20:59:48 **** Incremental Build of configuration Debug for project Embedded_Assignment_4 ****
make -j16 all 
arm-none-eabi-gcc "../Core/Src/main.c" -mcpu=cortex-m4 -std=gnu11 -g3 -DDEBUG -DUSE_HAL_DRIVER -DSTM32F446xx -c -I../Core/Inc -I../Drivers/STM32F4xx_HAL_Driver/Inc -I../Drivers/STM32F4xx_HAL_Driver/Inc/Legacy -I../Drivers/CMSIS/Device/ST/STM32F4xx/Include -I../Drivers/CMSIS/Include -O0 -ffunction-sections -fdata-sections -Wall -fstack-usage -fcyclomatic-complexity -MMD -MP -MF"Core/Src/main.d" -MT"Core/Src/main.o" --specs=nano.specs -mfpu=fpv4-sp-d16 -mfloat-abi=hard -mthumb -o "Core/Src/main.o"
arm-none-eabi-g++ -o "Embedded_Assignment_4.elf" @"objects.list"   -mcpu=cortex-m4 -T"C:\Users\coleb\Documents\GitHub\Embedded-System-Design\Assignments\Assignment4\Embedded_Assignment_4\STM32F446RETX_FLASH.ld" --specs=nosys.specs -Wl,-Map="Embedded_Assignment_4.map" -Wl,--gc-sections -static --specs=nano.specs -mfpu=fpv4-sp-d16 -mfloat-abi=hard -mthumb -Wl,--start-group -lc -lm -lstdc++ -lsupc++ -Wl,--end-group
Finished building target: Embedded_Assignment_4.elf
 
arm-none-eabi-size  Embedded_Assignment_4.elf 
arm-none-eabi-objdump -h -S Embedded_Assignment_4.elf  > "Embedded_Assignment_4.list"
   text	   data	    bss	    dec	    hex	filename
   1212	      4	   1572	   2788	    ae4	Embedded_Assignment_4.elf
Finished building: default.size.stdout
 
Finished building: Embedded_Assignment_4.list
 
20:59:51 **** Incremental Build of configuration Debug for project Embedded_Assignment_4 ****
make -j16 all 
arm-none-eabi-size  Embedded_Assignment_4.elf 
   text	   data	    bss	    dec	    hex	filename
   1212	      4	   1572	   2788	    ae4	Embedded_Assignment_4.elf
Finished building: default.size.stdout
 
21:01:29 **** Incremental Build of configuration Debug for project Embedded_Assignment_4 ****
make -j16 all 
arm-none-eabi-gcc "../Core/Src/main.c" -mcpu=cortex-m4 -std=gnu11 -g3 -DDEBUG -DUSE_HAL_DRIVER -DSTM32F446xx -c -I../Core/Inc -I../Drivers/STM32F4xx_HAL_Driver/Inc -I../Drivers/STM32F4xx_HAL_Driver/Inc/Legacy -I../Drivers/CMSIS/Device/ST/STM32F4xx/Include -I../Drivers/CMSIS/Include -O0 -ffunction-sections -fdata-sections -Wall -fstack-usage -fcyclomatic-complexity -MMD -MP -MF"Core/Src/main.d" -MT"Core/Src/main.o" --specs=nano.specs -mfpu=fpv4-sp-d16 -mfloat-abi=hard -mthumb -o "Core/Src/main.o"
arm-none-eabi-g++ -o "Embedded_Assignment_4.elf" @"objects.list"   -mcpu=cortex-m4 -T"C:\Users\coleb\Documents\GitHub\Embedded-System-Design\Assignments\Assignment4\Embedded_Assignment_4\STM32F446RETX_FLASH.ld" --specs=nosys.specs -Wl,-Map="Embedded_Assignment_4.map" -Wl,--gc-sections -static --specs=nano.specs -mfpu=fpv4-sp-d16 -mfloat-abi=hard -mthumb -Wl,--start-group -lc -lm -lstdc++ -lsupc++ -Wl,--end-group
Finished building target: Embedded_Assignment_4.elf
 
arm-none-eabi-size  Embedded_Assignment_4.elf 
arm-none-eabi-objdump -h -S Embedded_Assignment_4.elf  > "Embedded_Assignment_4.list"
   text	   data	    bss	    dec	    hex	filename
   1108	      4	   1572	   2684	    a7c	Embedded_Assignment_4.elf
Finished building: default.size.stdout
 
Finished building: Embedded_Assignment_4.list
 
21:01:31 **** Incremental Build of configuration Debug for project Embedded_Assignment_4 ****
make -j16 all 
arm-none-eabi-size  Embedded_Assignment_4.elf 
   text	   data	    bss	    dec	    hex	filename
   1108	      4	   1572	   2684	    a7c	Embedded_Assignment_4.elf
Finished building: default.size.stdout
 
21:01:46 **** Incremental Build of configuration Debug for project Embedded_Assignment_4 ****
make -j16 all 
arm-none-eabi-size  Embedded_Assignment_4.elf 
   text	   data	    bss	    dec	    hex	filename
   1108	      4	   1572	   2684	    a7c	Embedded_Assignment_4.elf
Finished building: default.size.stdout
 
21:12:11 **** Incremental Build of configuration Debug for project Embedded_Assignment_4 ****
make -j16 all 
arm-none-eabi-gcc "../Core/Src/main.c" -mcpu=cortex-m4 -std=gnu11 -g3 -DDEBUG -DUSE_HAL_DRIVER -DSTM32F446xx -c -I../Core/Inc -I../Drivers/STM32F4xx_HAL_Driver/Inc -I../Drivers/STM32F4xx_HAL_Driver/Inc/Legacy -I../Drivers/CMSIS/Device/ST/STM32F4xx/Include -I../Drivers/CMSIS/Include -O0 -ffunction-sections -fdata-sections -Wall -fstack-usage -fcyclomatic-complexity -MMD -MP -MF"Core/Src/main.d" -MT"Core/Src/main.o" --specs=nano.specs -mfpu=fpv4-sp-d16 -mfloat-abi=hard -mthumb -o "Core/Src/main.o"
arm-none-eabi-g++ -o "Embedded_Assignment_4.elf" @"objects.list"   -mcpu=cortex-m4 -T"C:\Users\coleb\Documents\GitHub\Embedded-System-Design\Assignments\Assignment4\Embedded_Assignment_4\STM32F446RETX_FLASH.ld" --specs=nosys.specs -Wl,-Map="Embedded_Assignment_4.map" -Wl,--gc-sections -static --specs=nano.specs -mfpu=fpv4-sp-d16 -mfloat-abi=hard -mthumb -Wl,--start-group -lc -lm -lstdc++ -lsupc++ -Wl,--end-group
Finished building target: Embedded_Assignment_4.elf
 
arm-none-eabi-size  Embedded_Assignment_4.elf 
arm-none-eabi-objdump -h -S Embedded_Assignment_4.elf  > "Embedded_Assignment_4.list"
   text	   data	    bss	    dec	    hex	filename
   1108	      4	   1572	   2684	    a7c	Embedded_Assignment_4.elf
Finished building: default.size.stdout
 
Finished building: Embedded_Assignment_4.list
 
21:12:15 **** Incremental Build of configuration Debug for project Embedded_Assignment_4 ****
make -j16 all 
arm-none-eabi-size  Embedded_Assignment_4.elf 
   text	   data	    bss	    dec	    hex	filename
   1108	      4	   1572	   2684	    a7c	Embedded_Assignment_4.elf
Finished building: default.size.stdout
 
21:13:22 **** Incremental Build of configuration Debug for project Embedded_Assignment_4 ****
make -j16 all 
arm-none-eabi-gcc "../Core/Src/main.c" -mcpu=cortex-m4 -std=gnu11 -g3 -DDEBUG -DUSE_HAL_DRIVER -DSTM32F446xx -c -I../Core/Inc -I../Drivers/STM32F4xx_HAL_Driver/Inc -I../Drivers/STM32F4xx_HAL_Driver/Inc/Legacy -I../Drivers/CMSIS/Device/ST/STM32F4xx/Include -I../Drivers/CMSIS/Include -O0 -ffunction-sections -fdata-sections -Wall -fstack-usage -fcyclomatic-complexity -MMD -MP -MF"Core/Src/main.d" -MT"Core/Src/main.o" --specs=nano.specs -mfpu=fpv4-sp-d16 -mfloat-abi=hard -mthumb -o "Core/Src/main.o"
arm-none-eabi-g++ -o "Embedded_Assignment_4.elf" @"objects.list"   -mcpu=cortex-m4 -T"C:\Users\coleb\Documents\GitHub\Embedded-System-Design\Assignments\Assignment4\Embedded_Assignment_4\STM32F446RETX_FLASH.ld" --specs=nosys.specs -Wl,-Map="Embedded_Assignment_4.map" -Wl,--gc-sections -static --specs=nano.specs -mfpu=fpv4-sp-d16 -mfloat-abi=hard -mthumb -Wl,--start-group -lc -lm -lstdc++ -lsupc++ -Wl,--end-group
Finished building target: Embedded_Assignment_4.elf
 
arm-none-eabi-size  Embedded_Assignment_4.elf 
arm-none-eabi-objdump -h -S Embedded_Assignment_4.elf  > "Embedded_Assignment_4.list"
   text	   data	    bss	    dec	    hex	filename
    936	      4	   1572	   2512	    9d0	Embedded_Assignment_4.elf
Finished building: default.size.stdout
 
Finished building: Embedded_Assignment_4.list
 
21:13:26 **** Incremental Build of configuration Debug for project Embedded_Assignment_4 ****
make -j16 all 
arm-none-eabi-size  Embedded_Assignment_4.elf 
   text	   data	    bss	    dec	    hex	filename
    936	      4	   1572	   2512	    9d0	Embedded_Assignment_4.elf
Finished building: default.size.stdout
 
21:17:56 **** Incremental Build of configuration Debug for project Embedded_Assignment_4 ****
make -j16 all 
arm-none-eabi-gcc "../Core/Src/main.c" -mcpu=cortex-m4 -std=gnu11 -g3 -DDEBUG -DUSE_HAL_DRIVER -DSTM32F446xx -c -I../Core/Inc -I../Drivers/STM32F4xx_HAL_Driver/Inc -I../Drivers/STM32F4xx_HAL_Driver/Inc/Legacy -I../Drivers/CMSIS/Device/ST/STM32F4xx/Include -I../Drivers/CMSIS/Include -O0 -ffunction-sections -fdata-sections -Wall -fstack-usage -fcyclomatic-complexity -MMD -MP -MF"Core/Src/main.d" -MT"Core/Src/main.o" --specs=nano.specs -mfpu=fpv4-sp-d16 -mfloat-abi=hard -mthumb -o "Core/Src/main.o"
arm-none-eabi-g++ -o "Embedded_Assignment_4.elf" @"objects.list"   -mcpu=cortex-m4 -T"C:\Users\coleb\Documents\GitHub\Embedded-System-Design\Assignments\Assignment4\Embedded_Assignment_4\STM32F446RETX_FLASH.ld" --specs=nosys.specs -Wl,-Map="Embedded_Assignment_4.map" -Wl,--gc-sections -static --specs=nano.specs -mfpu=fpv4-sp-d16 -mfloat-abi=hard -mthumb -Wl,--start-group -lc -lm -lstdc++ -lsupc++ -Wl,--end-group
Finished building target: Embedded_Assignment_4.elf
 
arm-none-eabi-size  Embedded_Assignment_4.elf 
arm-none-eabi-objdump -h -S Embedded_Assignment_4.elf  > "Embedded_Assignment_4.list"
   text	   data	    bss	    dec	    hex	filename
    936	      4	   1572	   2512	    9d0	Embedded_Assignment_4.elf
Finished building: default.size.stdout
 
Finished building: Embedded_Assignment_4.list
 
21:18:00 **** Incremental Build of configuration Debug for project Embedded_Assignment_4 ****
make -j16 all 
arm-none-eabi-size  Embedded_Assignment_4.elf 
   text	   data	    bss	    dec	    hex	filename
    936	      4	   1572	   2512	    9d0	Embedded_Assignment_4.elf
Finished building: default.size.stdout
 
21:18:43 **** Incremental Build of configuration Debug for project Embedded_Assignment_4 ****
make -j16 all 
arm-none-eabi-gcc "../Core/Src/main.c" -mcpu=cortex-m4 -std=gnu11 -g3 -DDEBUG -DUSE_HAL_DRIVER -DSTM32F446xx -c -I../Core/Inc -I../Drivers/STM32F4xx_HAL_Driver/Inc -I../Drivers/STM32F4xx_HAL_Driver/Inc/Legacy -I../Drivers/CMSIS/Device/ST/STM32F4xx/Include -I../Drivers/CMSIS/Include -O0 -ffunction-sections -fdata-sections -Wall -fstack-usage -fcyclomatic-complexity -MMD -MP -MF"Core/Src/main.d" -MT"Core/Src/main.o" --specs=nano.specs -mfpu=fpv4-sp-d16 -mfloat-abi=hard -mthumb -o "Core/Src/main.o"
arm-none-eabi-g++ -o "Embedded_Assignment_4.elf" @"objects.list"   -mcpu=cortex-m4 -T"C:\Users\coleb\Documents\GitHub\Embedded-System-Design\Assignments\Assignment4\Embedded_Assignment_4\STM32F446RETX_FLASH.ld" --specs=nosys.specs -Wl,-Map="Embedded_Assignment_4.map" -Wl,--gc-sections -static --specs=nano.specs -mfpu=fpv4-sp-d16 -mfloat-abi=hard -mthumb -Wl,--start-group -lc -lm -lstdc++ -lsupc++ -Wl,--end-group
Finished building target: Embedded_Assignment_4.elf
 
arm-none-eabi-size  Embedded_Assignment_4.elf 
arm-none-eabi-objdump -h -S Embedded_Assignment_4.elf  > "Embedded_Assignment_4.list"
   text	   data	    bss	    dec	    hex	filename
   1108	      4	   1572	   2684	    a7c	Embedded_Assignment_4.elf
Finished building: default.size.stdout
 
Finished building: Embedded_Assignment_4.list
 
21:18:46 **** Incremental Build of configuration Debug for project Embedded_Assignment_4 ****
make -j16 all 
arm-none-eabi-size  Embedded_Assignment_4.elf 
   text	   data	    bss	    dec	    hex	filename
   1108	      4	   1572	   2684	    a7c	Embedded_Assignment_4.elf
Finished building: default.size.stdout
 
21:19:49 **** Incremental Build of configuration Debug for project Embedded_Assignment_4 ****
make -j16 all 
arm-none-eabi-gcc "../Core/Src/main.c" -mcpu=cortex-m4 -std=gnu11 -g3 -DDEBUG -DUSE_HAL_DRIVER -DSTM32F446xx -c -I../Core/Inc -I../Drivers/STM32F4xx_HAL_Driver/Inc -I../Drivers/STM32F4xx_HAL_Driver/Inc/Legacy -I../Drivers/CMSIS/Device/ST/STM32F4xx/Include -I../Drivers/CMSIS/Include -O0 -ffunction-sections -fdata-sections -Wall -fstack-usage -fcyclomatic-complexity -MMD -MP -MF"Core/Src/main.d" -MT"Core/Src/main.o" --specs=nano.specs -mfpu=fpv4-sp-d16 -mfloat-abi=hard -mthumb -o "Core/Src/main.o"
arm-none-eabi-g++ -o "Embedded_Assignment_4.elf" @"objects.list"   -mcpu=cortex-m4 -T"C:\Users\coleb\Documents\GitHub\Embedded-System-Design\Assignments\Assignment4\Embedded_Assignment_4\STM32F446RETX_FLASH.ld" --specs=nosys.specs -Wl,-Map="Embedded_Assignment_4.map" -Wl,--gc-sections -static --specs=nano.specs -mfpu=fpv4-sp-d16 -mfloat-abi=hard -mthumb -Wl,--start-group -lc -lm -lstdc++ -lsupc++ -Wl,--end-group
Finished building target: Embedded_Assignment_4.elf
 
arm-none-eabi-size  Embedded_Assignment_4.elf 
arm-none-eabi-objdump -h -S Embedded_Assignment_4.elf  > "Embedded_Assignment_4.list"
   text	   data	    bss	    dec	    hex	filename
    936	      4	   1572	   2512	    9d0	Embedded_Assignment_4.elf
Finished building: default.size.stdout
 
Finished building: Embedded_Assignment_4.list
 
21:19:52 **** Incremental Build of configuration Debug for project Embedded_Assignment_4 ****
make -j16 all 
arm-none-eabi-size  Embedded_Assignment_4.elf 
   text	   data	    bss	    dec	    hex	filename
    936	      4	   1572	   2512	    9d0	Embedded_Assignment_4.elf
Finished building: default.size.stdout
 
21:20:19 **** Incremental Build of configuration Debug for project Embedded_Assignment_4 ****
make -j16 all 
arm-none-eabi-size  Embedded_Assignment_4.elf 
   text	   data	    bss	    dec	    hex	filename
    936	      4	   1572	   2512	    9d0	Embedded_Assignment_4.elf
Finished building: default.size.stdout
 
21:20:43 **** Incremental Build of configuration Debug for project Embedded_Assignment_4 ****
make -j16 all 
arm-none-eabi-size  Embedded_Assignment_4.elf 
   text	   data	    bss	    dec	    hex	filename
    936	      4	   1572	   2512	    9d0	Embedded_Assignment_4.elf
Finished building: default.size.stdout
 
21:21:30 **** Incremental Build of configuration Debug for project Embedded_Assignment_4 ****
make -j16 all 
arm-none-eabi-size  Embedded_Assignment_4.elf 
   text	   data	    bss	    dec	    hex	filename
    936	      4	   1572	   2512	    9d0	Embedded_Assignment_4.elf
Finished building: default.size.stdout
 
21:21:51 **** Incremental Build of configuration Debug for project Embedded_Assignment_4 ****
make -j16 all 
arm-none-eabi-size  Embedded_Assignment_4.elf 
   text	   data	    bss	    dec	    hex	filename
    936	      4	   1572	   2512	    9d0	Embedded_Assignment_4.elf
Finished building: default.size.stdout
 
21:23:54 **** Incremental Build of configuration Debug for project Embedded_Assignment_4 ****
make -j16 all 
arm-none-eabi-gcc "../Core/Src/main.c" -mcpu=cortex-m4 -std=gnu11 -g3 -DDEBUG -DUSE_HAL_DRIVER -DSTM32F446xx -c -I../Core/Inc -I../Drivers/STM32F4xx_HAL_Driver/Inc -I../Drivers/STM32F4xx_HAL_Driver/Inc/Legacy -I../Drivers/CMSIS/Device/ST/STM32F4xx/Include -I../Drivers/CMSIS/Include -O0 -ffunction-sections -fdata-sections -Wall -fstack-usage -fcyclomatic-complexity -MMD -MP -MF"Core/Src/main.d" -MT"Core/Src/main.o" --specs=nano.specs -mfpu=fpv4-sp-d16 -mfloat-abi=hard -mthumb -o "Core/Src/main.o"
arm-none-eabi-g++ -o "Embedded_Assignment_4.elf" @"objects.list"   -mcpu=cortex-m4 -T"C:\Users\coleb\Documents\GitHub\Embedded-System-Design\Assignments\Assignment4\Embedded_Assignment_4\STM32F446RETX_FLASH.ld" --specs=nosys.specs -Wl,-Map="Embedded_Assignment_4.map" -Wl,--gc-sections -static --specs=nano.specs -mfpu=fpv4-sp-d16 -mfloat-abi=hard -mthumb -Wl,--start-group -lc -lm -lstdc++ -lsupc++ -Wl,--end-group
Finished building target: Embedded_Assignment_4.elf
 
arm-none-eabi-size  Embedded_Assignment_4.elf 
arm-none-eabi-objdump -h -S Embedded_Assignment_4.elf  > "Embedded_Assignment_4.list"
   text	   data	    bss	    dec	    hex	filename
    964	      4	   1572	   2540	    9ec	Embedded_Assignment_4.elf
Finished building: default.size.stdout
 
Finished building: Embedded_Assignment_4.list
 
21:23:57 **** Incremental Build of configuration Debug for project Embedded_Assignment_4 ****
make -j16 all 
arm-none-eabi-size  Embedded_Assignment_4.elf 
   text	   data	    bss	    dec	    hex	filename
    964	      4	   1572	   2540	    9ec	Embedded_Assignment_4.elf
Finished building: default.size.stdout
 
21:24:16 **** Incremental Build of configuration Debug for project Embedded_Assignment_4 ****
make -j16 all 
arm-none-eabi-size  Embedded_Assignment_4.elf 
   text	   data	    bss	    dec	    hex	filename
    964	      4	   1572	   2540	    9ec	Embedded_Assignment_4.elf
Finished building: default.size.stdout
 
21:25:09 **** Incremental Build of configuration Debug for project Embedded_Assignment_4 ****
make -j16 all 
arm-none-eabi-gcc "../Core/Src/main.c" -mcpu=cortex-m4 -std=gnu11 -g3 -DDEBUG -DUSE_HAL_DRIVER -DSTM32F446xx -c -I../Core/Inc -I../Drivers/STM32F4xx_HAL_Driver/Inc -I../Drivers/STM32F4xx_HAL_Driver/Inc/Legacy -I../Drivers/CMSIS/Device/ST/STM32F4xx/Include -I../Drivers/CMSIS/Include -O0 -ffunction-sections -fdata-sections -Wall -fstack-usage -fcyclomatic-complexity -MMD -MP -MF"Core/Src/main.d" -MT"Core/Src/main.o" --specs=nano.specs -mfpu=fpv4-sp-d16 -mfloat-abi=hard -mthumb -o "Core/Src/main.o"
arm-none-eabi-g++ -o "Embedded_Assignment_4.elf" @"objects.list"   -mcpu=cortex-m4 -T"C:\Users\coleb\Documents\GitHub\Embedded-System-Design\Assignments\Assignment4\Embedded_Assignment_4\STM32F446RETX_FLASH.ld" --specs=nosys.specs -Wl,-Map="Embedded_Assignment_4.map" -Wl,--gc-sections -static --specs=nano.specs -mfpu=fpv4-sp-d16 -mfloat-abi=hard -mthumb -Wl,--start-group -lc -lm -lstdc++ -lsupc++ -Wl,--end-group
Finished building target: Embedded_Assignment_4.elf
 
arm-none-eabi-size  Embedded_Assignment_4.elf 
arm-none-eabi-objdump -h -S Embedded_Assignment_4.elf  > "Embedded_Assignment_4.list"
   text	   data	    bss	    dec	    hex	filename
   1108	      4	   1572	   2684	    a7c	Embedded_Assignment_4.elf
Finished building: default.size.stdout
 
Finished building: Embedded_Assignment_4.list
 
21:25:13 **** Incremental Build of configuration Debug for project Embedded_Assignment_4 ****
make -j16 all 
arm-none-eabi-size  Embedded_Assignment_4.elf 
   text	   data	    bss	    dec	    hex	filename
   1108	      4	   1572	   2684	    a7c	Embedded_Assignment_4.elf
Finished building: default.size.stdout
 
21:25:31 **** Incremental Build of configuration Debug for project Embedded_Assignment_4 ****
make -j16 all 
arm-none-eabi-gcc "../Core/Src/main.c" -mcpu=cortex-m4 -std=gnu11 -g3 -DDEBUG -DUSE_HAL_DRIVER -DSTM32F446xx -c -I../Core/Inc -I../Drivers/STM32F4xx_HAL_Driver/Inc -I../Drivers/STM32F4xx_HAL_Driver/Inc/Legacy -I../Drivers/CMSIS/Device/ST/STM32F4xx/Include -I../Drivers/CMSIS/Include -O0 -ffunction-sections -fdata-sections -Wall -fstack-usage -fcyclomatic-complexity -MMD -MP -MF"Core/Src/main.d" -MT"Core/Src/main.o" --specs=nano.specs -mfpu=fpv4-sp-d16 -mfloat-abi=hard -mthumb -o "Core/Src/main.o"
arm-none-eabi-g++ -o "Embedded_Assignment_4.elf" @"objects.list"   -mcpu=cortex-m4 -T"C:\Users\coleb\Documents\GitHub\Embedded-System-Design\Assignments\Assignment4\Embedded_Assignment_4\STM32F446RETX_FLASH.ld" --specs=nosys.specs -Wl,-Map="Embedded_Assignment_4.map" -Wl,--gc-sections -static --specs=nano.specs -mfpu=fpv4-sp-d16 -mfloat-abi=hard -mthumb -Wl,--start-group -lc -lm -lstdc++ -lsupc++ -Wl,--end-group
Finished building target: Embedded_Assignment_4.elf
 
arm-none-eabi-size  Embedded_Assignment_4.elf 
arm-none-eabi-objdump -h -S Embedded_Assignment_4.elf  > "Embedded_Assignment_4.list"
   text	   data	    bss	    dec	    hex	filename
   1204	      4	   1572	   2780	    adc	Embedded_Assignment_4.elf
Finished building: default.size.stdout
 
Finished building: Embedded_Assignment_4.list
 
21:25:42 **** Incremental Build of configuration Debug for project Embedded_Assignment_4 ****
make -j16 all 
arm-none-eabi-size  Embedded_Assignment_4.elf 
   text	   data	    bss	    dec	    hex	filename
   1204	      4	   1572	   2780	    adc	Embedded_Assignment_4.elf
Finished building: default.size.stdout
 
21:37:04 **** Incremental Build of configuration Debug for project Embedded_Assignment_4 ****
make -j16 all 
arm-none-eabi-gcc "../Core/Src/main.c" -mcpu=cortex-m4 -std=gnu11 -g3 -DDEBUG -DUSE_HAL_DRIVER -DSTM32F446xx -c -I../Core/Inc -I../Drivers/STM32F4xx_HAL_Driver/Inc -I../Drivers/STM32F4xx_HAL_Driver/Inc/Legacy -I../Drivers/CMSIS/Device/ST/STM32F4xx/Include -I../Drivers/CMSIS/Include -O0 -ffunction-sections -fdata-sections -Wall -fstack-usage -fcyclomatic-complexity -MMD -MP -MF"Core/Src/main.d" -MT"Core/Src/main.o" --specs=nano.specs -mfpu=fpv4-sp-d16 -mfloat-abi=hard -mthumb -o "Core/Src/main.o"
arm-none-eabi-g++ -o "Embedded_Assignment_4.elf" @"objects.list"   -mcpu=cortex-m4 -T"C:\Users\coleb\Documents\GitHub\Embedded-System-Design\Assignments\Assignment4\Embedded_Assignment_4\STM32F446RETX_FLASH.ld" --specs=nosys.specs -Wl,-Map="Embedded_Assignment_4.map" -Wl,--gc-sections -static --specs=nano.specs -mfpu=fpv4-sp-d16 -mfloat-abi=hard -mthumb -Wl,--start-group -lc -lm -lstdc++ -lsupc++ -Wl,--end-group
Finished building target: Embedded_Assignment_4.elf
 
arm-none-eabi-size  Embedded_Assignment_4.elf 
arm-none-eabi-objdump -h -S Embedded_Assignment_4.elf  > "Embedded_Assignment_4.list"
   text	   data	    bss	    dec	    hex	filename
   1192	      4	   1572	   2768	    ad0	Embedded_Assignment_4.elf
Finished building: default.size.stdout
 
Finished building: Embedded_Assignment_4.list
 
21:37:07 **** Incremental Build of configuration Debug for project Embedded_Assignment_4 ****
make -j16 all 
arm-none-eabi-size  Embedded_Assignment_4.elf 
   text	   data	    bss	    dec	    hex	filename
   1192	      4	   1572	   2768	    ad0	Embedded_Assignment_4.elf
Finished building: default.size.stdout
 
21:37:44 **** Incremental Build of configuration Debug for project Embedded_Assignment_4 ****
make -j16 all 
arm-none-eabi-gcc "../Core/Src/main.c" -mcpu=cortex-m4 -std=gnu11 -g3 -DDEBUG -DUSE_HAL_DRIVER -DSTM32F446xx -c -I../Core/Inc -I../Drivers/STM32F4xx_HAL_Driver/Inc -I../Drivers/STM32F4xx_HAL_Driver/Inc/Legacy -I../Drivers/CMSIS/Device/ST/STM32F4xx/Include -I../Drivers/CMSIS/Include -O0 -ffunction-sections -fdata-sections -Wall -fstack-usage -fcyclomatic-complexity -MMD -MP -MF"Core/Src/main.d" -MT"Core/Src/main.o" --specs=nano.specs -mfpu=fpv4-sp-d16 -mfloat-abi=hard -mthumb -o "Core/Src/main.o"
arm-none-eabi-g++ -o "Embedded_Assignment_4.elf" @"objects.list"   -mcpu=cortex-m4 -T"C:\Users\coleb\Documents\GitHub\Embedded-System-Design\Assignments\Assignment4\Embedded_Assignment_4\STM32F446RETX_FLASH.ld" --specs=nosys.specs -Wl,-Map="Embedded_Assignment_4.map" -Wl,--gc-sections -static --specs=nano.specs -mfpu=fpv4-sp-d16 -mfloat-abi=hard -mthumb -Wl,--start-group -lc -lm -lstdc++ -lsupc++ -Wl,--end-group
Finished building target: Embedded_Assignment_4.elf
 
arm-none-eabi-size  Embedded_Assignment_4.elf 
arm-none-eabi-objdump -h -S Embedded_Assignment_4.elf  > "Embedded_Assignment_4.list"
   text	   data	    bss	    dec	    hex	filename
   1272	      8	   1568	   2848	    b20	Embedded_Assignment_4.elf
Finished building: default.size.stdout
 
Finished building: Embedded_Assignment_4.list
 
21:37:47 **** Incremental Build of configuration Debug for project Embedded_Assignment_4 ****
make -j16 all 
arm-none-eabi-size  Embedded_Assignment_4.elf 
   text	   data	    bss	    dec	    hex	filename
   1272	      8	   1568	   2848	    b20	Embedded_Assignment_4.elf
Finished building: default.size.stdout
 
21:57:21 **** Incremental Build of configuration Debug for project Embedded_Assignment_4 ****
make -j16 all 
arm-none-eabi-gcc "../Core/Src/main.c" -mcpu=cortex-m4 -std=gnu11 -g3 -DDEBUG -DUSE_HAL_DRIVER -DSTM32F446xx -c -I../Core/Inc -I../Drivers/STM32F4xx_HAL_Driver/Inc -I../Drivers/STM32F4xx_HAL_Driver/Inc/Legacy -I../Drivers/CMSIS/Device/ST/STM32F4xx/Include -I../Drivers/CMSIS/Include -O0 -ffunction-sections -fdata-sections -Wall -fstack-usage -fcyclomatic-complexity -MMD -MP -MF"Core/Src/main.d" -MT"Core/Src/main.o" --specs=nano.specs -mfpu=fpv4-sp-d16 -mfloat-abi=hard -mthumb -o "Core/Src/main.o"
../Core/Src/main.c:33:1: warning: return type defaults to 'int' [-Wimplicit-int]
   33 | buttonTimer(void)
      | ^~~~~~~~~~~
../Core/Src/main.c: In function 'buttonTimer':
../Core/Src/main.c:36:1: error: expected '=', ',', ';', 'asm' or '__attribute__' before '{' token
   36 | {
      | ^
../Core/Src/main.c:56:23: error: expected '=', ',', ';', 'asm' or '__attribute__' before '{' token
   56 | void buttonTimer(void){
      |                       ^
../Core/Src/main.c:63:17: error: expected '=', ',', ';', 'asm' or '__attribute__' before '{' token
   63 | void TIM1_init(){
      |                 ^
../Core/Src/main.c:78:30: error: expected '=', ',', ';', 'asm' or '__attribute__' before '{' token
   78 | void _sysTick_delay_ms(int n){
      |                              ^
../Core/Src/main.c:87:22: error: expected '=', ',', ';', 'asm' or '__attribute__' before '{' token
   87 | void _delay_ms(int n){
      |                      ^
../Core/Src/main.c:102:19: error: expected '=', ',', ';', 'asm' or '__attribute__' before '{' token
  102 | void initPA5(void){
      |                   ^
../Core/Src/main.c:112:28: error: expected '=', ',', ';', 'asm' or '__attribute__' before '{' token
  112 | void controlPA5(bool state){
      |                            ^
../Core/Src/main.c:121:24: error: expected '=', ',', ';', 'asm' or '__attribute__' before '{' token
  121 | void SysTick_Init(void){
      |                        ^
../Core/Src/main.c:128:54: error: expected '=', ',', ';', 'asm' or '__attribute__' before '{' token
  128 | void USART2_read_string(char *output, int max_length){
      |                                                      ^
../Core/Src/main.c:149:29: error: expected '=', ',', ';', 'asm' or '__attribute__' before '{' token
  149 | char USART2_read_char(void) {
      |                             ^
../Core/Src/main.c:160:39: error: expected '=', ',', ';', 'asm' or '__attribute__' before '{' token
  160 | void USART2_write_string(char *output){
      |                                       ^
../Core/Src/main.c:172:23: error: expected '=', ',', ';', 'asm' or '__attribute__' before '{' token
  172 | void USART2_init(void){
      |                       ^
../Core/Src/main.c:207:20: error: expected '=', ',', ';', 'asm' or '__attribute__' before '{' token
  207 | void initPC13(void){
      |                    ^
../Core/Src/main.c:213: error: expected '{' at end of input
../Core/Src/main.c:213: warning: control reaches end of non-void function [-Wreturn-type]
make: *** [Core/Src/subdir.mk:34: Core/Src/main.o] Error 1
"make -j16 all" terminated with exit code 2. Build might be incomplete.
21:57:45 **** Incremental Build of configuration Debug for project Embedded_Assignment_4 ****
make -j16 all 
arm-none-eabi-gcc "../Core/Src/main.c" -mcpu=cortex-m4 -std=gnu11 -g3 -DDEBUG -DUSE_HAL_DRIVER -DSTM32F446xx -c -I../Core/Inc -I../Drivers/STM32F4xx_HAL_Driver/Inc -I../Drivers/STM32F4xx_HAL_Driver/Inc/Legacy -I../Drivers/CMSIS/Device/ST/STM32F4xx/Include -I../Drivers/CMSIS/Include -O0 -ffunction-sections -fdata-sections -Wall -fstack-usage -fcyclomatic-complexity -MMD -MP -MF"Core/Src/main.d" -MT"Core/Src/main.o" --specs=nano.specs -mfpu=fpv4-sp-d16 -mfloat-abi=hard -mthumb -o "Core/Src/main.o"
../Core/Src/main.c:33:1: warning: data definition has no type or storage class
   33 | buttonTimer(void);
      | ^~~~~~~~~~~
../Core/Src/main.c:33:1: warning: type defaults to 'int' in declaration of 'buttonTimer' [-Wimplicit-int]
../Core/Src/main.c:56:6: error: conflicting types for 'buttonTimer'; have 'void(void)'
   56 | void buttonTimer(void){
      |      ^~~~~~~~~~~
../Core/Src/main.c:33:1: note: previous declaration of 'buttonTimer' with type 'int(void)'
   33 | buttonTimer(void);
      | ^~~~~~~~~~~
make: *** [Core/Src/subdir.mk:34: Core/Src/main.o] Error 1
"make -j16 all" terminated with exit code 2. Build might be incomplete.
21:57:55 **** Incremental Build of configuration Debug for project Embedded_Assignment_4 ****
make -j16 all 
arm-none-eabi-gcc "../Core/Src/main.c" -mcpu=cortex-m4 -std=gnu11 -g3 -DDEBUG -DUSE_HAL_DRIVER -DSTM32F446xx -c -I../Core/Inc -I../Drivers/STM32F4xx_HAL_Driver/Inc -I../Drivers/STM32F4xx_HAL_Driver/Inc/Legacy -I../Drivers/CMSIS/Device/ST/STM32F4xx/Include -I../Drivers/CMSIS/Include -O0 -ffunction-sections -fdata-sections -Wall -fstack-usage -fcyclomatic-complexity -MMD -MP -MF"Core/Src/main.d" -MT"Core/Src/main.o" --specs=nano.specs -mfpu=fpv4-sp-d16 -mfloat-abi=hard -mthumb -o "Core/Src/main.o"
arm-none-eabi-g++ -o "Embedded_Assignment_4.elf" @"objects.list"   -mcpu=cortex-m4 -T"C:\Users\coleb\Documents\GitHub\Embedded-System-Design\Assignments\Assignment4\Embedded_Assignment_4\STM32F446RETX_FLASH.ld" --specs=nosys.specs -Wl,-Map="Embedded_Assignment_4.map" -Wl,--gc-sections -static --specs=nano.specs -mfpu=fpv4-sp-d16 -mfloat-abi=hard -mthumb -Wl,--start-group -lc -lm -lstdc++ -lsupc++ -Wl,--end-group
Finished building target: Embedded_Assignment_4.elf
 
arm-none-eabi-size  Embedded_Assignment_4.elf 
arm-none-eabi-objdump -h -S Embedded_Assignment_4.elf  > "Embedded_Assignment_4.list"
   text	   data	    bss	    dec	    hex	filename
   1536	      8	   1568	   3112	    c28	Embedded_Assignment_4.elf
Finished building: default.size.stdout
 
Finished building: Embedded_Assignment_4.list
 
21:58:47 **** Incremental Build of configuration Debug for project Embedded_Assignment_4 ****
make -j16 all 
arm-none-eabi-size  Embedded_Assignment_4.elf 
   text	   data	    bss	    dec	    hex	filename
   1536	      8	   1568	   3112	    c28	Embedded_Assignment_4.elf
Finished building: default.size.stdout
 
22:04:28 **** Incremental Build of configuration Debug for project Embedded_Assignment_4 ****
make -j16 all 
arm-none-eabi-gcc "../Core/Src/main.c" -mcpu=cortex-m4 -std=gnu11 -g3 -DDEBUG -DUSE_HAL_DRIVER -DSTM32F446xx -c -I../Core/Inc -I../Drivers/STM32F4xx_HAL_Driver/Inc -I../Drivers/STM32F4xx_HAL_Driver/Inc/Legacy -I../Drivers/CMSIS/Device/ST/STM32F4xx/Include -I../Drivers/CMSIS/Include -O0 -ffunction-sections -fdata-sections -Wall -fstack-usage -fcyclomatic-complexity -MMD -MP -MF"Core/Src/main.d" -MT"Core/Src/main.o" --specs=nano.specs -mfpu=fpv4-sp-d16 -mfloat-abi=hard -mthumb -o "Core/Src/main.o"
arm-none-eabi-g++ -o "Embedded_Assignment_4.elf" @"objects.list"   -mcpu=cortex-m4 -T"C:\Users\coleb\Documents\GitHub\Embedded-System-Design\Assignments\Assignment4\Embedded_Assignment_4\STM32F446RETX_FLASH.ld" --specs=nosys.specs -Wl,-Map="Embedded_Assignment_4.map" -Wl,--gc-sections -static --specs=nano.specs -mfpu=fpv4-sp-d16 -mfloat-abi=hard -mthumb -Wl,--start-group -lc -lm -lstdc++ -lsupc++ -Wl,--end-group
Finished building target: Embedded_Assignment_4.elf
 
arm-none-eabi-size  Embedded_Assignment_4.elf 
arm-none-eabi-objdump -h -S Embedded_Assignment_4.elf  > "Embedded_Assignment_4.list"
   text	   data	    bss	    dec	    hex	filename
   1536	      8	   1568	   3112	    c28	Embedded_Assignment_4.elf
Finished building: default.size.stdout
 
Finished building: Embedded_Assignment_4.list
 
22:04:30 **** Incremental Build of configuration Debug for project Embedded_Assignment_4 ****
make -j16 all 
arm-none-eabi-size  Embedded_Assignment_4.elf 
   text	   data	    bss	    dec	    hex	filename
   1536	      8	   1568	   3112	    c28	Embedded_Assignment_4.elf
Finished building: default.size.stdout
 
22:05:15 **** Incremental Build of configuration Debug for project Embedded_Assignment_4 ****
make -j16 all 
arm-none-eabi-gcc "../Core/Src/main.c" -mcpu=cortex-m4 -std=gnu11 -g3 -DDEBUG -DUSE_HAL_DRIVER -DSTM32F446xx -c -I../Core/Inc -I../Drivers/STM32F4xx_HAL_Driver/Inc -I../Drivers/STM32F4xx_HAL_Driver/Inc/Legacy -I../Drivers/CMSIS/Device/ST/STM32F4xx/Include -I../Drivers/CMSIS/Include -O0 -ffunction-sections -fdata-sections -Wall -fstack-usage -fcyclomatic-complexity -MMD -MP -MF"Core/Src/main.d" -MT"Core/Src/main.o" --specs=nano.specs -mfpu=fpv4-sp-d16 -mfloat-abi=hard -mthumb -o "Core/Src/main.o"
arm-none-eabi-g++ -o "Embedded_Assignment_4.elf" @"objects.list"   -mcpu=cortex-m4 -T"C:\Users\coleb\Documents\GitHub\Embedded-System-Design\Assignments\Assignment4\Embedded_Assignment_4\STM32F446RETX_FLASH.ld" --specs=nosys.specs -Wl,-Map="Embedded_Assignment_4.map" -Wl,--gc-sections -static --specs=nano.specs -mfpu=fpv4-sp-d16 -mfloat-abi=hard -mthumb -Wl,--start-group -lc -lm -lstdc++ -lsupc++ -Wl,--end-group
Finished building target: Embedded_Assignment_4.elf
 
arm-none-eabi-size  Embedded_Assignment_4.elf 
arm-none-eabi-objdump -h -S Embedded_Assignment_4.elf  > "Embedded_Assignment_4.list"
   text	   data	    bss	    dec	    hex	filename
   1536	      8	   1568	   3112	    c28	Embedded_Assignment_4.elf
Finished building: default.size.stdout
 
Finished building: Embedded_Assignment_4.list
 
22:05:18 **** Incremental Build of configuration Debug for project Embedded_Assignment_4 ****
make -j16 all 
arm-none-eabi-size  Embedded_Assignment_4.elf 
   text	   data	    bss	    dec	    hex	filename
   1536	      8	   1568	   3112	    c28	Embedded_Assignment_4.elf
Finished building: default.size.stdout
 
22:06:01 **** Incremental Build of configuration Debug for project Embedded_Assignment_4 ****
make -j16 all 
arm-none-eabi-gcc "../Core/Src/main.c" -mcpu=cortex-m4 -std=gnu11 -g3 -DDEBUG -DUSE_HAL_DRIVER -DSTM32F446xx -c -I../Core/Inc -I../Drivers/STM32F4xx_HAL_Driver/Inc -I../Drivers/STM32F4xx_HAL_Driver/Inc/Legacy -I../Drivers/CMSIS/Device/ST/STM32F4xx/Include -I../Drivers/CMSIS/Include -O0 -ffunction-sections -fdata-sections -Wall -fstack-usage -fcyclomatic-complexity -MMD -MP -MF"Core/Src/main.d" -MT"Core/Src/main.o" --specs=nano.specs -mfpu=fpv4-sp-d16 -mfloat-abi=hard -mthumb -o "Core/Src/main.o"
arm-none-eabi-g++ -o "Embedded_Assignment_4.elf" @"objects.list"   -mcpu=cortex-m4 -T"C:\Users\coleb\Documents\GitHub\Embedded-System-Design\Assignments\Assignment4\Embedded_Assignment_4\STM32F446RETX_FLASH.ld" --specs=nosys.specs -Wl,-Map="Embedded_Assignment_4.map" -Wl,--gc-sections -static --specs=nano.specs -mfpu=fpv4-sp-d16 -mfloat-abi=hard -mthumb -Wl,--start-group -lc -lm -lstdc++ -lsupc++ -Wl,--end-group
Finished building target: Embedded_Assignment_4.elf
 
arm-none-eabi-size  Embedded_Assignment_4.elf 
arm-none-eabi-objdump -h -S Embedded_Assignment_4.elf  > "Embedded_Assignment_4.list"
   text	   data	    bss	    dec	    hex	filename
   1552	      8	   1568	   3128	    c38	Embedded_Assignment_4.elf
Finished building: default.size.stdout
 
Finished building: Embedded_Assignment_4.list
 
22:06:19 **** Incremental Build of configuration Debug for project Embedded_Assignment_4 ****
make -j16 all 
arm-none-eabi-size  Embedded_Assignment_4.elf 
   text	   data	    bss	    dec	    hex	filename
   1552	      8	   1568	   3128	    c38	Embedded_Assignment_4.elf
Finished building: default.size.stdout
 
22:14:03 **** Incremental Build of configuration Debug for project Embedded_Assignment_4 ****
make -j16 all 
arm-none-eabi-gcc "../Core/Src/main.c" -mcpu=cortex-m4 -std=gnu11 -g3 -DDEBUG -DUSE_HAL_DRIVER -DSTM32F446xx -c -I../Core/Inc -I../Drivers/STM32F4xx_HAL_Driver/Inc -I../Drivers/STM32F4xx_HAL_Driver/Inc/Legacy -I../Drivers/CMSIS/Device/ST/STM32F4xx/Include -I../Drivers/CMSIS/Include -O0 -ffunction-sections -fdata-sections -Wall -fstack-usage -fcyclomatic-complexity -MMD -MP -MF"Core/Src/main.d" -MT"Core/Src/main.o" --specs=nano.specs -mfpu=fpv4-sp-d16 -mfloat-abi=hard -mthumb -o "Core/Src/main.o"
../Core/Src/main.c: In function 'buttonTimer':
../Core/Src/main.c:72:29: warning: passing argument 1 of 'USART2_write_string' makes pointer from integer without a cast [-Wint-conversion]
   72 |         USART2_write_string(ms);
      |                             ^~
      |                             |
      |                             int
../Core/Src/main.c:28:32: note: expected 'char *' but argument is of type 'int'
   28 | void USART2_write_string(char *output);
      |                          ~~~~~~^~~~~~
arm-none-eabi-g++ -o "Embedded_Assignment_4.elf" @"objects.list"   -mcpu=cortex-m4 -T"C:\Users\coleb\Documents\GitHub\Embedded-System-Design\Assignments\Assignment4\Embedded_Assignment_4\STM32F446RETX_FLASH.ld" --specs=nosys.specs -Wl,-Map="Embedded_Assignment_4.map" -Wl,--gc-sections -static --specs=nano.specs -mfpu=fpv4-sp-d16 -mfloat-abi=hard -mthumb -Wl,--start-group -lc -lm -lstdc++ -lsupc++ -Wl,--end-group
Finished building target: Embedded_Assignment_4.elf
 
arm-none-eabi-size  Embedded_Assignment_4.elf 
arm-none-eabi-objdump -h -S Embedded_Assignment_4.elf  > "Embedded_Assignment_4.list"
   text	   data	    bss	    dec	    hex	filename
   1628	      8	   1568	   3204	    c84	Embedded_Assignment_4.elf
Finished building: default.size.stdout
 
Finished building: Embedded_Assignment_4.list
 
22:14:37 **** Incremental Build of configuration Debug for project Embedded_Assignment_4 ****
make -j16 all 
arm-none-eabi-size  Embedded_Assignment_4.elf 
   text	   data	    bss	    dec	    hex	filename
   1628	      8	   1568	   3204	    c84	Embedded_Assignment_4.elf
Finished building: default.size.stdout
 
22:15:48 **** Incremental Build of configuration Debug for project Embedded_Assignment_4 ****
make -j16 all 
arm-none-eabi-gcc "../Core/Src/main.c" -mcpu=cortex-m4 -std=gnu11 -g3 -DDEBUG -DUSE_HAL_DRIVER -DSTM32F446xx -c -I../Core/Inc -I../Drivers/STM32F4xx_HAL_Driver/Inc -I../Drivers/STM32F4xx_HAL_Driver/Inc/Legacy -I../Drivers/CMSIS/Device/ST/STM32F4xx/Include -I../Drivers/CMSIS/Include -O0 -ffunction-sections -fdata-sections -Wall -fstack-usage -fcyclomatic-complexity -MMD -MP -MF"Core/Src/main.d" -MT"Core/Src/main.o" --specs=nano.specs -mfpu=fpv4-sp-d16 -mfloat-abi=hard -mthumb -o "Core/Src/main.o"
../Core/Src/main.c: In function 'buttonTimer':
../Core/Src/main.c:72:29: warning: passing argument 1 of 'USART2_write_string' makes pointer from integer without a cast [-Wint-conversion]
   72 |         USART2_write_string(ms);
      |                             ^~
      |                             |
      |                             int
../Core/Src/main.c:28:32: note: expected 'char *' but argument is of type 'int'
   28 | void USART2_write_string(char *output);
      |                          ~~~~~~^~~~~~
arm-none-eabi-g++ -o "Embedded_Assignment_4.elf" @"objects.list"   -mcpu=cortex-m4 -T"C:\Users\coleb\Documents\GitHub\Embedded-System-Design\Assignments\Assignment4\Embedded_Assignment_4\STM32F446RETX_FLASH.ld" --specs=nosys.specs -Wl,-Map="Embedded_Assignment_4.map" -Wl,--gc-sections -static --specs=nano.specs -mfpu=fpv4-sp-d16 -mfloat-abi=hard -mthumb -Wl,--start-group -lc -lm -lstdc++ -lsupc++ -Wl,--end-group
Finished building target: Embedded_Assignment_4.elf
 
arm-none-eabi-size  Embedded_Assignment_4.elf 
arm-none-eabi-objdump -h -S Embedded_Assignment_4.elf  > "Embedded_Assignment_4.list"
   text	   data	    bss	    dec	    hex	filename
   1628	      8	   1568	   3204	    c84	Embedded_Assignment_4.elf
Finished building: default.size.stdout
 
Finished building: Embedded_Assignment_4.list
 
22:15:51 **** Incremental Build of configuration Debug for project Embedded_Assignment_4 ****
make -j16 all 
arm-none-eabi-size  Embedded_Assignment_4.elf 
   text	   data	    bss	    dec	    hex	filename
   1628	      8	   1568	   3204	    c84	Embedded_Assignment_4.elf
Finished building: default.size.stdout
 
22:18:40 **** Incremental Build of configuration Debug for project Embedded_Assignment_4 ****
make -j16 all 
arm-none-eabi-gcc "../Core/Src/main.c" -mcpu=cortex-m4 -std=gnu11 -g3 -DDEBUG -DUSE_HAL_DRIVER -DSTM32F446xx -c -I../Core/Inc -I../Drivers/STM32F4xx_HAL_Driver/Inc -I../Drivers/STM32F4xx_HAL_Driver/Inc/Legacy -I../Drivers/CMSIS/Device/ST/STM32F4xx/Include -I../Drivers/CMSIS/Include -O0 -ffunction-sections -fdata-sections -Wall -fstack-usage -fcyclomatic-complexity -MMD -MP -MF"Core/Src/main.d" -MT"Core/Src/main.o" --specs=nano.specs -mfpu=fpv4-sp-d16 -mfloat-abi=hard -mthumb -o "Core/Src/main.o"
../Core/Src/main.c: In function 'buttonTimer':
../Core/Src/main.c:73:9: error: unknown type name 'string'
   73 |         string str = "bruh";
      |         ^~~~~~
../Core/Src/main.c:73:22: warning: initialization of 'int' from 'char *' makes integer from pointer without a cast [-Wint-conversion]
   73 |         string str = "bruh";
      |                      ^~~~~~
../Core/Src/main.c:75:29: warning: passing argument 1 of 'USART2_write_string' makes pointer from integer without a cast [-Wint-conversion]
   75 |         USART2_write_string(str);
      |                             ^~~
      |                             |
      |                             int
../Core/Src/main.c:28:32: note: expected 'char *' but argument is of type 'int'
   28 | void USART2_write_string(char *output);
      |                          ~~~~~~^~~~~~
make: *** [Core/Src/subdir.mk:34: Core/Src/main.o] Error 1
"make -j16 all" terminated with exit code 2. Build might be incomplete.
22:20:28 **** Incremental Build of configuration Debug for project Embedded_Assignment_4 ****
make -j16 all 
arm-none-eabi-gcc "../Core/Src/main.c" -mcpu=cortex-m4 -std=gnu11 -g3 -DDEBUG -DUSE_HAL_DRIVER -DSTM32F446xx -c -I../Core/Inc -I../Drivers/STM32F4xx_HAL_Driver/Inc -I../Drivers/STM32F4xx_HAL_Driver/Inc/Legacy -I../Drivers/CMSIS/Device/ST/STM32F4xx/Include -I../Drivers/CMSIS/Include -O0 -ffunction-sections -fdata-sections -Wall -fstack-usage -fcyclomatic-complexity -MMD -MP -MF"Core/Src/main.d" -MT"Core/Src/main.o" --specs=nano.specs -mfpu=fpv4-sp-d16 -mfloat-abi=hard -mthumb -o "Core/Src/main.o"
../Core/Src/main.c:15:10: fatal error: string: No such file or directory
   15 | #include <string>
      |          ^~~~~~~~
compilation terminated.
make: *** [Core/Src/subdir.mk:34: Core/Src/main.o] Error 1
"make -j16 all" terminated with exit code 2. Build might be incomplete.
22:21:06 **** Incremental Build of configuration Debug for project Embedded_Assignment_4 ****
make -j16 all 
arm-none-eabi-gcc "../Core/Src/main.c" -mcpu=cortex-m4 -std=gnu11 -g3 -DDEBUG -DUSE_HAL_DRIVER -DSTM32F446xx -c -I../Core/Inc -I../Drivers/STM32F4xx_HAL_Driver/Inc -I../Drivers/STM32F4xx_HAL_Driver/Inc/Legacy -I../Drivers/CMSIS/Device/ST/STM32F4xx/Include -I../Drivers/CMSIS/Include -O0 -ffunction-sections -fdata-sections -Wall -fstack-usage -fcyclomatic-complexity -MMD -MP -MF"Core/Src/main.d" -MT"Core/Src/main.o" --specs=nano.specs -mfpu=fpv4-sp-d16 -mfloat-abi=hard -mthumb -o "Core/Src/main.o"
../Core/Src/main.c:15:10: fatal error: string: No such file or directory
   15 | #include <string>
      |          ^~~~~~~~
compilation terminated.
make: *** [Core/Src/subdir.mk:34: Core/Src/main.o] Error 1
"make -j16 all" terminated with exit code 2. Build might be incomplete.
22:21:12 **** Incremental Build of configuration Debug for project Embedded_Assignment_4 ****
make -j16 all 
arm-none-eabi-gcc "../Core/Src/main.c" -mcpu=cortex-m4 -std=gnu11 -g3 -DDEBUG -DUSE_HAL_DRIVER -DSTM32F446xx -c -I../Core/Inc -I../Drivers/STM32F4xx_HAL_Driver/Inc -I../Drivers/STM32F4xx_HAL_Driver/Inc/Legacy -I../Drivers/CMSIS/Device/ST/STM32F4xx/Include -I../Drivers/CMSIS/Include -O0 -ffunction-sections -fdata-sections -Wall -fstack-usage -fcyclomatic-complexity -MMD -MP -MF"Core/Src/main.d" -MT"Core/Src/main.o" --specs=nano.specs -mfpu=fpv4-sp-d16 -mfloat-abi=hard -mthumb -o "Core/Src/main.o"
../Core/Src/main.c: In function 'buttonTimer':
../Core/Src/main.c:72:9: error: 'std' undeclared (first use in this function)
   72 |         std::string str = "bruh";
      |         ^~~
../Core/Src/main.c:72:9: note: each undeclared identifier is reported only once for each function it appears in
../Core/Src/main.c:72:12: error: expected ';' before '::' token
   72 |         std::string str = "bruh";
      |            ^~
      |            ;
../Core/Src/main.c:74:29: error: 'str' undeclared (first use in this function)
   74 |         USART2_write_string(str);
      |                             ^~~
make: *** [Core/Src/subdir.mk:34: Core/Src/main.o] Error 1
"make -j16 all" terminated with exit code 2. Build might be incomplete.
22:29:17 **** Incremental Build of configuration Debug for project Embedded_Assignment_4 ****
make -j16 all 
arm-none-eabi-gcc "../Core/Src/main.c" -mcpu=cortex-m4 -std=gnu11 -g3 -DDEBUG -DUSE_HAL_DRIVER -DSTM32F446xx -c -I../Core/Inc -I../Drivers/STM32F4xx_HAL_Driver/Inc -I../Drivers/STM32F4xx_HAL_Driver/Inc/Legacy -I../Drivers/CMSIS/Device/ST/STM32F4xx/Include -I../Drivers/CMSIS/Include -O0 -ffunction-sections -fdata-sections -Wall -fstack-usage -fcyclomatic-complexity -MMD -MP -MF"Core/Src/main.d" -MT"Core/Src/main.o" --specs=nano.specs -mfpu=fpv4-sp-d16 -mfloat-abi=hard -mthumb -o "Core/Src/main.o"
../Core/Src/main.c: In function 'buttonTimer':
../Core/Src/main.c:72:9: warning: implicit declaration of function 'sprintf' [-Wimplicit-function-declaration]
   72 |         sprintf(buffer, "Button pressed for: %d ms\r\n", ms);
      |         ^~~~~~~
../Core/Src/main.c:15:1: note: include '<stdio.h>' or provide a declaration of 'sprintf'
   14 | #include <stdbool.h>
  +++ |+#include <stdio.h>
   15 | 
../Core/Src/main.c:72:9: warning: incompatible implicit declaration of built-in function 'sprintf' [-Wbuiltin-declaration-mismatch]
   72 |         sprintf(buffer, "Button pressed for: %d ms\r\n", ms);
      |         ^~~~~~~
../Core/Src/main.c:72:9: note: include '<stdio.h>' or provide a declaration of 'sprintf'
../Core/Src/main.c:72:17: error: 'buffer' undeclared (first use in this function)
   72 |         sprintf(buffer, "Button pressed for: %d ms\r\n", ms);
      |                 ^~~~~~
../Core/Src/main.c:72:17: note: each undeclared identifier is reported only once for each function it appears in
make: *** [Core/Src/subdir.mk:34: Core/Src/main.o] Error 1
"make -j16 all" terminated with exit code 2. Build might be incomplete.
22:30:06 **** Incremental Build of configuration Debug for project Embedded_Assignment_4 ****
make -j16 all 
arm-none-eabi-gcc "../Core/Src/main.c" -mcpu=cortex-m4 -std=gnu11 -g3 -DDEBUG -DUSE_HAL_DRIVER -DSTM32F446xx -c -I../Core/Inc -I../Drivers/STM32F4xx_HAL_Driver/Inc -I../Drivers/STM32F4xx_HAL_Driver/Inc/Legacy -I../Drivers/CMSIS/Device/ST/STM32F4xx/Include -I../Drivers/CMSIS/Include -O0 -ffunction-sections -fdata-sections -Wall -fstack-usage -fcyclomatic-complexity -MMD -MP -MF"Core/Src/main.d" -MT"Core/Src/main.o" --specs=nano.specs -mfpu=fpv4-sp-d16 -mfloat-abi=hard -mthumb -o "Core/Src/main.o"
../Core/Src/main.c: In function 'buttonTimer':
../Core/Src/main.c:73:9: warning: implicit declaration of function 'sprintf' [-Wimplicit-function-declaration]
   73 |         sprintf(buffer, "Button pressed for: %d ms\r\n", ms);
      |         ^~~~~~~
../Core/Src/main.c:15:1: note: include '<stdio.h>' or provide a declaration of 'sprintf'
   14 | #include <stdbool.h>
  +++ |+#include <stdio.h>
   15 | 
../Core/Src/main.c:73:9: warning: incompatible implicit declaration of built-in function 'sprintf' [-Wbuiltin-declaration-mismatch]
   73 |         sprintf(buffer, "Button pressed for: %d ms\r\n", ms);
      |         ^~~~~~~
../Core/Src/main.c:73:9: note: include '<stdio.h>' or provide a declaration of 'sprintf'
arm-none-eabi-g++ -o "Embedded_Assignment_4.elf" @"objects.list"   -mcpu=cortex-m4 -T"C:\Users\coleb\Documents\GitHub\Embedded-System-Design\Assignments\Assignment4\Embedded_Assignment_4\STM32F446RETX_FLASH.ld" --specs=nosys.specs -Wl,-Map="Embedded_Assignment_4.map" -Wl,--gc-sections -static --specs=nano.specs -mfpu=fpv4-sp-d16 -mfloat-abi=hard -mthumb -Wl,--start-group -lc -lm -lstdc++ -lsupc++ -Wl,--end-group
Finished building target: Embedded_Assignment_4.elf
 
arm-none-eabi-size  Embedded_Assignment_4.elf 
arm-none-eabi-objdump -h -S Embedded_Assignment_4.elf  > "Embedded_Assignment_4.list"
   text	   data	    bss	    dec	    hex	filename
   4300	     88	   1904	   6292	   1894	Embedded_Assignment_4.elf
Finished building: default.size.stdout
 
Finished building: Embedded_Assignment_4.list
 
22:30:22 **** Incremental Build of configuration Debug for project Embedded_Assignment_4 ****
make -j16 all 
arm-none-eabi-size  Embedded_Assignment_4.elf 
   text	   data	    bss	    dec	    hex	filename
   4300	     88	   1904	   6292	   1894	Embedded_Assignment_4.elf
Finished building: default.size.stdout
 
22:32:53 **** Incremental Build of configuration Debug for project Embedded_Assignment_4 ****
make -j16 all 
arm-none-eabi-gcc "../Core/Src/main.c" -mcpu=cortex-m4 -std=gnu11 -g3 -DDEBUG -DUSE_HAL_DRIVER -DSTM32F446xx -c -I../Core/Inc -I../Drivers/STM32F4xx_HAL_Driver/Inc -I../Drivers/STM32F4xx_HAL_Driver/Inc/Legacy -I../Drivers/CMSIS/Device/ST/STM32F4xx/Include -I../Drivers/CMSIS/Include -O0 -ffunction-sections -fdata-sections -Wall -fstack-usage -fcyclomatic-complexity -MMD -MP -MF"Core/Src/main.d" -MT"Core/Src/main.o" --specs=nano.specs -mfpu=fpv4-sp-d16 -mfloat-abi=hard -mthumb -o "Core/Src/main.o"
../Core/Src/main.c: In function 'buttonTimer':
../Core/Src/main.c:75:9: warning: implicit declaration of function 'sprintf' [-Wimplicit-function-declaration]
   75 |         sprintf(buffer, "Button pressed for: %d.%d03 ms\r\n", seconds, miliseconds);
      |         ^~~~~~~
../Core/Src/main.c:15:1: note: include '<stdio.h>' or provide a declaration of 'sprintf'
   14 | #include <stdbool.h>
  +++ |+#include <stdio.h>
   15 | 
../Core/Src/main.c:75:9: warning: incompatible implicit declaration of built-in function 'sprintf' [-Wbuiltin-declaration-mismatch]
   75 |         sprintf(buffer, "Button pressed for: %d.%d03 ms\r\n", seconds, miliseconds);
      |         ^~~~~~~
../Core/Src/main.c:75:9: note: include '<stdio.h>' or provide a declaration of 'sprintf'
arm-none-eabi-g++ -o "Embedded_Assignment_4.elf" @"objects.list"   -mcpu=cortex-m4 -T"C:\Users\coleb\Documents\GitHub\Embedded-System-Design\Assignments\Assignment4\Embedded_Assignment_4\STM32F446RETX_FLASH.ld" --specs=nosys.specs -Wl,-Map="Embedded_Assignment_4.map" -Wl,--gc-sections -static --specs=nano.specs -mfpu=fpv4-sp-d16 -mfloat-abi=hard -mthumb -Wl,--start-group -lc -lm -lstdc++ -lsupc++ -Wl,--end-group
Finished building target: Embedded_Assignment_4.elf
 
arm-none-eabi-size  Embedded_Assignment_4.elf 
arm-none-eabi-objdump -h -S Embedded_Assignment_4.elf  > "Embedded_Assignment_4.list"
   text	   data	    bss	    dec	    hex	filename
   4312	     88	   1904	   6304	   18a0	Embedded_Assignment_4.elf
Finished building: default.size.stdout
 
Finished building: Embedded_Assignment_4.list
 
22:32:59 **** Incremental Build of configuration Debug for project Embedded_Assignment_4 ****
make -j16 all 
arm-none-eabi-size  Embedded_Assignment_4.elf 
   text	   data	    bss	    dec	    hex	filename
   4312	     88	   1904	   6304	   18a0	Embedded_Assignment_4.elf
Finished building: default.size.stdout
 
22:34:07 **** Incremental Build of configuration Debug for project Embedded_Assignment_4 ****
make -j16 all 
arm-none-eabi-gcc "../Core/Src/main.c" -mcpu=cortex-m4 -std=gnu11 -g3 -DDEBUG -DUSE_HAL_DRIVER -DSTM32F446xx -c -I../Core/Inc -I../Drivers/STM32F4xx_HAL_Driver/Inc -I../Drivers/STM32F4xx_HAL_Driver/Inc/Legacy -I../Drivers/CMSIS/Device/ST/STM32F4xx/Include -I../Drivers/CMSIS/Include -O0 -ffunction-sections -fdata-sections -Wall -fstack-usage -fcyclomatic-complexity -MMD -MP -MF"Core/Src/main.d" -MT"Core/Src/main.o" --specs=nano.specs -mfpu=fpv4-sp-d16 -mfloat-abi=hard -mthumb -o "Core/Src/main.o"
../Core/Src/main.c: In function 'buttonTimer':
../Core/Src/main.c:75:9: warning: implicit declaration of function 'sprintf' [-Wimplicit-function-declaration]
   75 |         sprintf(buffer, "Button pressed for: %d.%d03 ms\r\n\n", seconds, miliseconds);
      |         ^~~~~~~
../Core/Src/main.c:15:1: note: include '<stdio.h>' or provide a declaration of 'sprintf'
   14 | #include <stdbool.h>
  +++ |+#include <stdio.h>
   15 | 
../Core/Src/main.c:75:9: warning: incompatible implicit declaration of built-in function 'sprintf' [-Wbuiltin-declaration-mismatch]
   75 |         sprintf(buffer, "Button pressed for: %d.%d03 ms\r\n\n", seconds, miliseconds);
      |         ^~~~~~~
../Core/Src/main.c:75:9: note: include '<stdio.h>' or provide a declaration of 'sprintf'
arm-none-eabi-g++ -o "Embedded_Assignment_4.elf" @"objects.list"   -mcpu=cortex-m4 -T"C:\Users\coleb\Documents\GitHub\Embedded-System-Design\Assignments\Assignment4\Embedded_Assignment_4\STM32F446RETX_FLASH.ld" --specs=nosys.specs -Wl,-Map="Embedded_Assignment_4.map" -Wl,--gc-sections -static --specs=nano.specs -mfpu=fpv4-sp-d16 -mfloat-abi=hard -mthumb -Wl,--start-group -lc -lm -lstdc++ -lsupc++ -Wl,--end-group
Finished building target: Embedded_Assignment_4.elf
 
arm-none-eabi-size  Embedded_Assignment_4.elf 
arm-none-eabi-objdump -h -S Embedded_Assignment_4.elf  > "Embedded_Assignment_4.list"
   text	   data	    bss	    dec	    hex	filename
   4316	     88	   1904	   6308	   18a4	Embedded_Assignment_4.elf
Finished building: default.size.stdout
 
Finished building: Embedded_Assignment_4.list
 
22:34:11 **** Incremental Build of configuration Debug for project Embedded_Assignment_4 ****
make -j16 all 
arm-none-eabi-size  Embedded_Assignment_4.elf 
   text	   data	    bss	    dec	    hex	filename
   4316	     88	   1904	   6308	   18a4	Embedded_Assignment_4.elf
Finished building: default.size.stdout
 
22:37:42 **** Incremental Build of configuration Debug for project Embedded_Assignment_4 ****
make -j16 all 
arm-none-eabi-gcc "../Core/Src/main.c" -mcpu=cortex-m4 -std=gnu11 -g3 -DDEBUG -DUSE_HAL_DRIVER -DSTM32F446xx -c -I../Core/Inc -I../Drivers/STM32F4xx_HAL_Driver/Inc -I../Drivers/STM32F4xx_HAL_Driver/Inc/Legacy -I../Drivers/CMSIS/Device/ST/STM32F4xx/Include -I../Drivers/CMSIS/Include -O0 -ffunction-sections -fdata-sections -Wall -fstack-usage -fcyclomatic-complexity -MMD -MP -MF"Core/Src/main.d" -MT"Core/Src/main.o" --specs=nano.specs -mfpu=fpv4-sp-d16 -mfloat-abi=hard -mthumb -o "Core/Src/main.o"
../Core/Src/main.c: In function 'buttonTimer':
../Core/Src/main.c:75:9: warning: implicit declaration of function 'sprintf' [-Wimplicit-function-declaration]
   75 |         sprintf(buffer, "Button pressed for: %d.%d03 seconds \r\n\n", seconds, miliseconds);
      |         ^~~~~~~
../Core/Src/main.c:15:1: note: include '<stdio.h>' or provide a declaration of 'sprintf'
   14 | #include <stdbool.h>
  +++ |+#include <stdio.h>
   15 | 
../Core/Src/main.c:75:9: warning: incompatible implicit declaration of built-in function 'sprintf' [-Wbuiltin-declaration-mismatch]
   75 |         sprintf(buffer, "Button pressed for: %d.%d03 seconds \r\n\n", seconds, miliseconds);
      |         ^~~~~~~
../Core/Src/main.c:75:9: note: include '<stdio.h>' or provide a declaration of 'sprintf'
arm-none-eabi-g++ -o "Embedded_Assignment_4.elf" @"objects.list"   -mcpu=cortex-m4 -T"C:\Users\coleb\Documents\GitHub\Embedded-System-Design\Assignments\Assignment4\Embedded_Assignment_4\STM32F446RETX_FLASH.ld" --specs=nosys.specs -Wl,-Map="Embedded_Assignment_4.map" -Wl,--gc-sections -static --specs=nano.specs -mfpu=fpv4-sp-d16 -mfloat-abi=hard -mthumb -Wl,--start-group -lc -lm -lstdc++ -lsupc++ -Wl,--end-group
Finished building target: Embedded_Assignment_4.elf
 
arm-none-eabi-size  Embedded_Assignment_4.elf 
arm-none-eabi-objdump -h -S Embedded_Assignment_4.elf  > "Embedded_Assignment_4.list"
   text	   data	    bss	    dec	    hex	filename
   4320	     88	   1904	   6312	   18a8	Embedded_Assignment_4.elf
Finished building: default.size.stdout
 
Finished building: Embedded_Assignment_4.list
 
22:37:58 **** Incremental Build of configuration Debug for project Embedded_Assignment_4 ****
make -j16 all 
arm-none-eabi-size  Embedded_Assignment_4.elf 
   text	   data	    bss	    dec	    hex	filename
   4320	     88	   1904	   6312	   18a8	Embedded_Assignment_4.elf
Finished building: default.size.stdout
 
