../Drivers/CMSIS/Include/core_cm4.h:1684:22:__NVIC_EnableIRQ	16	static,ignoring_inline_asm
../Core/Src/main.c:37:5:main	8	static
../Core/Src/main.c:69:6:TIM2_IRQHandler	4	static
../Core/Src/main.c:85:6:EXTI15_10_IRQHandler	4	static
../Core/Src/main.c:117:6:TIM2_init	8	static
../Core/Src/main.c:149:6:initPC13_EXTI	8	static
../Core/Src/main.c:193:6:SysTick_Init	4	static
../Core/Src/main.c:207:6:_sysTick_delay_ms	24	static
../Core/Src/main.c:223:6:togglePA5	16	static
../Core/Src/main.c:251:6:togglePC9	16	static
